07-10 20:09:44.174 16797 16797 I GoogleHttpClient: GMS http client unavailable, use old client
07-10 20:09:44.174 16629 16818 I AppsEdge.Data: type=0 pos=1 id=5
07-10 20:09:44.178 16470 16587 I FedAssExpListener: Successfully processed experiments changed.
07-10 20:09:44.178 16470 16470 I BgTaskExecutorImpl: Starting EXCLUSIVE background task BLOBLOBBER_SYNC.
07-10 20:09:44.180 16470 16691 I ModelDownloadListener: Schdedule model download
07-10 20:09:44.182 16629 16818 I AppsEdge.Data: item=SelectedItem : pos = 1 ComponentItem:null
07-10 20:09:44.183 16629 16818 I AppsEdge.Data: type=0 pos=2 id=7
07-10 20:09:44.184 16721 16721 V NativeCrypto: Registering com/google/android/gms/org/conscrypt/NativeCrypto's 294 native methods...
07-10 20:09:44.185  3950 14526 D ConnectivityService: Vpn: getActiveNetworkForUidInternal: 10107, false, false, DISCONNECTED
07-10 20:09:44.185  3950 14526 D ConnectivityService: isNetworkWithLinkPropertiesBlocked: uid=10107, vpn=DISCONNECTED,false
07-10 20:09:44.185  3950 14526 D ConnectivityService: filterNetworkStateForUid() uid: 10107, pid: 3950
07-10 20:09:44.185  3950 14526 D ConnectivityService: isNetworkWithLinkPropertiesBlocked: uid=10107, vpn=DISCONNECTED,false
07-10 20:09:44.185  3950 14526 D ConnectivityService: filterNetworkStateForUid() uid: 10107, pid: 3950, networkInfo: [type: WIFI[], state: CONNECTED/CONNECTED, reason: (unspecified), extra: (none), failover: false, available: true, roaming: false]
07-10 20:09:44.191 16403 16778 D AppWidgetProviderInfo: GSA replace initialLayout.
07-10 20:09:44.191 16629 16818 I AppsEdge.Data: item=SelectedItem : pos = 2 ComponentItem:null
07-10 20:09:44.191 16629 16818 I AppsEdge.Data: type=0 pos=7 id=8
07-10 20:09:44.194 16470 16691 I OpaEligibilityChecker: send OpaEligibilityChange broadcast to CommonBroadcastReceiver
07-10 20:09:44.197 16629 16818 I AppsEdge.Data: item=SelectedItem : pos = 7 ComponentItem:null
07-10 20:09:44.201 16833 16833 E Zygote  : isWhitelistProcess - Process is Whitelisted
07-10 20:09:44.203 16833 16833 E Zygote  : accessInfo : 1
07-10 20:09:44.204 16470 16645 I cr_CronetLibraryLoader: Cronet version: 93.0.4542.0, arch: aarch64
07-10 20:09:44.204 16721 16721 D NetworkSecurityConfig: Using Network Security Config from resource network_security_config debugBuild: false
07-10 20:09:44.206 16721 16721 I ProviderInstaller: Installed default security provider GmsCore_OpenSSL
07-10 20:09:44.206  3950 14569 D PackageManager: setEnabledSetting : userId = 0 packageName = com.google.android.googlequicksearchbox cmp = com.google.android.apps.gsa.staticplugins.opa.EnterOpaActivityFromDeeplink newState = 1 callingPackage = 10107/com.google.android.googlequicksearchbox
07-10 20:09:44.209 16403 16461 I SAPrinter: sendStatus(0078,1,null)
07-10 20:09:44.213 16403 16461 I SAPrinter: sendStatus(0071,-1,3)
07-10 20:09:44.214  3950  3966 D ConnectivityService: Vpn: getActiveNetworkForUidInternal: 10107, false, false, DISCONNECTED
07-10 20:09:44.214  3950  3966 D ConnectivityService: isNetworkWithLinkPropertiesBlocked: uid=10107, vpn=DISCONNECTED,false
07-10 20:09:44.215  3950  3966 D ConnectivityService: filterNetworkStateForUid() uid: 10107, pid: 16470
07-10 20:09:44.215  3950  3966 D ConnectivityService: isNetworkWithLinkPropertiesBlocked: uid=10107, vpn=DISCONNECTED,false
07-10 20:09:44.215  3950  3966 D ConnectivityService: filterNetworkStateForUid() uid: 10107, pid: 16470, networkInfo: [type: WIFI[], state: CONNECTED/CONNECTED, reason: (unspecified), extra: (none), failover: false, available: true, roaming: false]
07-10 20:09:44.216  3950  3966 D PackageManager: setEnabledSetting : userId = 0 packageName = com.google.android.googlequicksearchbox cmp = com.google.android.apps.gsa.staticplugins.opa.EnterOpaActivityFromLauncher newState = 2 callingPackage = 10107/com.google.android.googlequicksearchbox
07-10 20:09:44.217 16403 16461 I SAPrinter: sendStatus(0087,-1,12)
07-10 20:09:44.218  3950 14569 D PackageManager: setEnabledSetting : userId = 0 packageName = com.google.android.googlequicksearchbox cmp = com.google.android.googlequicksearchbox.VoiceSearchActivity newState = 1 callingPackage = 10107/com.google.android.googlequicksearchbox
07-10 20:09:44.220  3950  3981 I ActivityManager: Start proc 16833:com.google.android.googlequicksearchbox:interactor/u0a107 for service com.google.android.googlequicksearchbox/com.google.android.apps.gsa.nga.engine.viss.NgaService
07-10 20:09:44.225 16833 16833 E hbox:interacto: Not starting debugger since process cannot load the jdwp agent.
07-10 20:09:44.226  3950 14561 D ConnectivityService: Vpn: getActiveNetworkForUidInternal: 10107, false, false, DISCONNECTED
07-10 20:09:44.226  3950 14561 D ConnectivityService: isNetworkWithLinkPropertiesBlocked: uid=10107, vpn=DISCONNECTED,false
07-10 20:09:44.228 16673 16673 I SKBD_DeX: aqq Touch keyboard setting is not changed : false
07-10 20:09:44.229 16403 16461 I SAPrinter: sendStatus(0041,0,null)
07-10 20:09:44.230  3950  3966 D ConnectivityService: filterNetworkStateForUid() uid: 10107, pid: 16470
07-10 20:09:44.230  3950  3966 D ConnectivityService: isNetworkWithLinkPropertiesBlocked: uid=10107, vpn=DISCONNECTED,false
07-10 20:09:44.230  3950  3966 D ConnectivityService: filterNetworkStateForUid() uid: 10107, pid: 16470, networkInfo: [type: WIFI[], state: CONNECTED/CONNECTED, reason: (unspecified), extra: (none), failover: false, available: true, roaming: false]
07-10 20:09:44.231 16470 16732 I BistoSettingsListener: listener created
07-10 20:09:44.231  3950 14561 D ConnectivityService: filterNetworkStateForUid() uid: 10107, pid: 16470
07-10 20:09:44.231  3950 14561 D ConnectivityService: isNetworkWithLinkPropertiesBlocked: uid=10107, vpn=DISCONNECTED,false
07-10 20:09:44.232  3950 14561 D ConnectivityService: filterNetworkStateForUid() uid: 10107, pid: 16470, networkInfo: [type: WIFI[], state: CONNECTED/CONNECTED, reason: (unspecified), extra: (none), failover: false, available: true, roaming: false]
07-10 20:09:44.239 16403 16461 I SAPrinter: sendStatus(0042,-1,com.samsung.android.messaging)
07-10 20:09:44.240 16403 16461 I SAPrinter: sendStatus(0043,-1,com.android.vending)
07-10 20:09:44.240 16403 16461 I SAPrinter: sendStatus(0044,-1,com.sec.android.app.camera)
07-10 20:09:44.240 16403 16461 I SAPrinter: sendStatus(0045,-1,Empty)
07-10 20:09:44.240 16673 16673 I SKBD_DeX: aqn [checkIsPhoneDisplay] isDexMode: false, isDexTouchKeyboard: false, IsDeXPhoneDisplay: true
07-10 20:09:44.241 16403 16461 I SAPrinter: sendStatus(0046,-1,Empty)
07-10 20:09:44.243  3950  3966 D ConnectivityService: filterNetworkStateForUid() uid: 10107, pid: 16470
07-10 20:09:44.243  3950  3966 D ConnectivityService: isNetworkWithLinkPropertiesBlocked: uid=10107, vpn=DISCONNECTED,false
07-10 20:09:44.243  3950  3966 D ConnectivityService: filterNetworkStateForUid() uid: 10107, pid: 16470, networkInfo: [type: WIFI[], state: CONNECTED/CONNECTED, reason: (unspecified), extra: (none), failover: false, available: true, roaming: false]
07-10 20:09:44.243  3375  3457 V APM_AudioPolicyManager: AudioPolicyManager:setRecordSilenced(uid:10023, silenced:0)
07-10 20:09:44.249 16470 16691 I OpaEligibilityChecker: Clock app not installed.
07-10 20:09:44.250 16403 16776 D KnoxHelper: getActivityList callingUserId: 0, target user: 0
07-10 20:09:44.251 16403 16461 I SAPrinter: sendStatus(0047,-1,com.samsung.android.dialer, )
07-10 20:09:44.251 16403 16461 I SAPrinter: sendStatus(0053,1,null)
07-10 20:09:44.254 16470 16691 I OpaEligibilityChecker: Clock app not installed.
07-10 20:09:44.254 16673 16673 I SKBD    : biq force network blocking under CSC : SIN
07-10 20:09:44.256 16673 16673 D SamsungAnalytics201003: [Validation] dma pkg:531401000
07-10 20:09:44.257 16673 16673 D SamsungAnalytics201003: cf feature is supported
07-10 20:09:44.263 16403 16461 I SAPrinter: sendStatus(0081,0,null)
07-10 20:09:44.264  3950 14526 D PackageManager: setEnabledSetting : userId = 0 packageName = com.google.android.googlequicksearchbox cmp = com.google.android.apps.gsa.staticplugins.opa.widget.impl.OpaWidgetProvider newState = 2 callingPackage = 10107/com.google.android.googlequicksearchbox
07-10 20:09:44.266  3950 14526 I ActivityManager: DSS on for com.google.android.googlequicksearchbox and scale is 1.0
07-10 20:09:44.270  3950  3950 D Telecom:SamsungPrebindingServiceImpl: handleMessage 0
07-10 20:09:44.270  3950  3950 I Telecom:SamsungPrebindingServiceImpl: isSktTPhoneMode supportTPhone: false
07-10 20:09:44.272 16770 16770 D BIXBY_HOME_WEATHER: WeatherCardProvider
07-10 20:09:44.272 16673 16673 D SamsungAnalytics201003: send setting
07-10 20:09:44.273 16673 16673 D SamsungAnalytics201003: newThread on Executor
07-10 20:09:44.274 16403 16461 I SAPrinter: sendStatus(0048,-1,com.sec.android.daemonapp, com.google.android.googlequicksearchbox, )
07-10 20:09:44.274 16403 16461 I SAPrinter: sendStatus(0054,2,null)
07-10 20:09:44.275 16403 16461 I SAPrinter: sendStatus(0049,0,null)
07-10 20:09:44.275 16673 16673 D SamsungAnalytics201003: [Tracker] Tracker start:2.01.003DLC
07-10 20:09:44.277  3950  3950 I Telecom:SamsungPrebindingServiceImpl: needToKeepBinding - false - match not found
07-10 20:09:44.279 16357 16357 D BoundBrokerSvc: onBind: Intent { act=android.net.action.RECOMMEND_NETWORKS cmp=com.google.android.gms/.chimera.PersistentBoundBrokerService }
07-10 20:09:44.279 16357 16357 D BoundBrokerSvc: Loading bound service for intent: Intent { act=android.net.action.RECOMMEND_NETWORKS cmp=com.google.android.gms/.chimera.PersistentBoundBrokerService }
07-10 20:09:44.279 16357 16583 E ActivityThread: Failed to find provider info for instantapp-dev-manager
07-10 20:09:44.284 16721 16721 I bmlc    : Primes not initialized, returning default (no-op) Primes instance which will ignore all calls. Please call Primes.initialize(...) before using any Primes API.
07-10 20:09:44.285  3950 13287 D ConnectivityService: Vpn: getActiveNetworkForUidInternal: 10107, false, false, DISCONNECTED
07-10 20:09:44.285  3950 13287 D ConnectivityService: isNetworkWithLinkPropertiesBlocked: uid=10107, vpn=DISCONNECTED,false
07-10 20:09:44.286  3950 13287 D ConnectivityService: filterNetworkStateForUid() uid: 10107, pid: 16470
07-10 20:09:44.286  3950 13287 D ConnectivityService: isNetworkWithLinkPropertiesBlocked: uid=10107, vpn=DISCONNECTED,false
07-10 20:09:44.287  3950 13287 D ConnectivityService: filterNetworkStateForUid() uid: 10107, pid: 16470, networkInfo: [type: WIFI[], state: CONNECTED/CONNECTED, reason: (unspecified), extra: (none), failover: false, available: true, roaming: false]
07-10 20:09:44.289 16721 16852 I GMS_MM_Logger: Started.
07-10 20:09:44.290 16673 16673 I SemDesktopModeManager: registerListener: aqq$3@38fd21f
07-10 20:09:44.290  3950 13287 D ConnectivityService: Vpn: getActiveNetworkForUidInternal: 10107, false, false, DISCONNECTED
07-10 20:09:44.291  3950 13287 D ConnectivityService: isNetworkWithLinkPropertiesBlocked: uid=10107, vpn=DISCONNECTED,false
07-10 20:09:44.291  3950 13287 D ConnectivityService: filterNetworkStateForUid() uid: 10107, pid: 16470
07-10 20:09:44.291  3950 13287 D ConnectivityService: isNetworkWithLinkPropertiesBlocked: uid=10107, vpn=DISCONNECTED,false
07-10 20:09:44.291  3950 13287 D ConnectivityService: filterNetworkStateForUid() uid: 10107, pid: 16470, networkInfo: [type: WIFI[], state: CONNECTED/CONNECTED, reason: (unspecified), extra: (none), failover: false, available: true, roaming: false]
07-10 20:09:44.294 16369 16369 D AppsEdge.Panel: load :239802403
07-10 20:09:44.294  3950  3966 D ConnectivityService: filterNetworkStateForUid() uid: 10107, pid: 16470
07-10 20:09:44.294  3950  3966 D ConnectivityService: isNetworkWithLinkPropertiesBlocked: uid=10107, vpn=DISCONNECTED,false
07-10 20:09:44.294  3950  3966 D ConnectivityService: filterNetworkStateForUid() uid: 10107, pid: 16470, networkInfo: [type: WIFI[], state: CONNECTED/CONNECTED, reason: (unspecified), extra: (none), failover: false, available: true, roaming: false]
07-10 20:09:44.294 16369 16369 D AbstractRemotePanelView: SemAbsCocktailLoadablePanel
07-10 20:09:44.295  3950 13287 D ConnectivityService: filterNetworkStateForUid() uid: 10107, pid: 16470
07-10 20:09:44.295  3950 13287 D ConnectivityService: isNetworkWithLinkPropertiesBlocked: uid=10107, vpn=DISCONNECTED,false
07-10 20:09:44.295  3950 13287 D ConnectivityService: filterNetworkStateForUid() uid: 10107, pid: 16470, networkInfo: [type: WIFI[], state: CONNECTED/CONNECTED, reason: (unspecified), extra: (none), failover: false, available: true, roaming: false]
07-10 20:09:44.295 16357 16357 I NetRec  : [2] NetworkRecommendationService.onCreate: Creating service.
07-10 20:09:44.296 16369 16369 I AbstractProxyReflection: Create proxy instance for interface : com.samsung.android.cocktailbar.SemAbsCocktailLoadablePanel$CocktailLoadablePanelListener
07-10 20:09:44.298 16770 16770 I BNRClientProivder, VERSION : 1.7.8: register - started.
07-10 20:09:44.299 16369 16369 I AbstractProxyReflection: Create proxy instance for interface : com.samsung.android.cocktailbar.SemAbsCocktailLoadablePanel$OnCocktailClickHandler
07-10 20:09:44.299 16369 16369 I AppsEdge.Panel: onReceiveContentInfo action=com.samsung.android.app.appsedge.action.panel.update, 239802403
07-10 20:09:44.299 16369 16369 I AppsEdge.Data: getSelectedItems
07-10 20:09:44.299  3950 14526 D JobServiceContext: sendStopMessageLocked stop reason: cancel() called by app, callingUid=10107 uid=10107 jobId=-17
07-10 20:09:44.302  3950 14561 D ConnectivityService: Vpn: getActiveNetworkForUidInternal: 10107, false, false, DISCONNECTED
07-10 20:09:44.302  3950 14561 D ConnectivityService: isNetworkWithLinkPropertiesBlocked: uid=10107, vpn=DISCONNECTED,false
07-10 20:09:44.304 16770 16770 I BNRClientProivder, VERSION : 1.7.8: register - xml6 quick_backup : WEATHERWIDGET, oo2JSUuSBb, com.sec.android.daemonapp.backup.scloud.BNRTask
07-10 20:09:44.304 16770 16770 I QBNRClientHelper: init SyncClientHelper : WEATHERWIDGET
07-10 20:09:44.306  3950 14569 D SpenGestureManagerService: getBleSpenAddress
07-10 20:09:44.306  3950 14569 E BleSpenManager: getBleSpenAddress : BLE Spen is not supported
07-10 20:09:44.307 16403 16776 D KnoxHelper: getActivityList callingUserId: 0, target user: 0
07-10 20:09:44.309 16403 16461 I SAPrinter: sendStatus(0050,-1,Empty)
07-10 20:09:44.315  3950 13287 D ActivityManager: The following uid has registered to recieve broadcast for proxy related updates 10107
07-10 20:09:44.315  3950 13287 W ContextImpl: Calling a method in the system process without a qualified user: android.app.ContextImpl.sendBroadcast:1082 com.android.server.am.ActivityManagerService.requestKnoxVpnToSendProxyBroadcast:32409 com.android.server.am.ActivityManagerService.registerReceiver:25455 android.app.IActivityManager$Stub.onTransact$registerReceiver$:10900 android.app.IActivityManager$Stub.onTransact:126 
07-10 20:09:44.319 16833 16833 I hbox:interacto: The ClassLoaderContext is a special shared library.
07-10 20:09:44.321 16770 16770 D [[WEATHER](161446@0)] : {[C81937039D58F9CE2787ED8E5D55FA51C700B52C5107BC1AA5B56E00B758A22E050468436959CE2D3391ABF26A7BC7EACA407F1FF5C1B62B62F96505D81D0413122E28856AC49AB3AA99D2FBF867090F4FFFB588347D8E057D36AF3D478CA63951F6364A382D150D2361E3F4326A036D]}
07-10 20:09:44.322 16770 16770 D [[WEATHER](161446@0)] : {[4A3136989BFCEC2AB26E7FF93ED9841EB0E7F3ADC6249B1A9A92C53B25ED6CDD105E1B182972125487A0EF51D0C2AAB5063344A210EBBF78FE32B4AA2E5A017A38C8F5B4440B057DBA563BCC828571BBF281624EBC6B6368B1290167625A61828226FA83233F9DBAA02C8E734AD3554C]}
07-10 20:09:44.322 16770 16770 D [[WEATHER](161446@0)] : {[44ADD10B40BC6B978CDAF1D859AACC064E2CD0B343773336B988A4E7A754787112CFE0B887977D844DDB0A5498F5AA03A9CF552BA82CDD8E436DAFE02E8AFD2563D956456314C9751A7778C28474F00D2F59EE7F8901B7AF4E3CCFAE8A14587CE7AAE57BC49875699F021D8DD59F2FDD]}
07-10 20:09:44.326 16673 16673 I SKBD    : SamsungKeypad onCreate: isFirstBooting=true
07-10 20:09:44.327 16721 16851 I Watchcat: Started
07-10 20:09:44.329 16369 16369 I AppsEdge.Data: count=6
07-10 20:09:44.330 16369 16369 I AppsEdge.Data: type=2 pos=5 id=1
07-10 20:09:44.330 16770 16796 D [[WEATHER](161446@0)] : {[90F952C35E3F6A928CFC63F12D43587787849E220837BB72C097802E9465DFA629937F44C1E36128D4D8E1C75265A5AD40B3B1D010FF12FDA3114B1E9D3D781394314C4FDB7A47BA5442CC7AD0A8562AED732F3A7218BCB990544CC90F7E2CEC961CE83F8BF41269F3AA4E347CFF2BCD]}
07-10 20:09:44.331 16770 16796 D [[WEATHER](161446@0)] : {[90F952C35E3F6A928CFC63F12D435877E18538D6720DC60BB69AF7506471BE3107982059C32EB7805EC8CD552253B403C818776541CBD753397004EB701AA03721A816CD78233E6353046416A4769C1C]}
07-10 20:09:44.332 16470 16740 I DeviceDetector: shouldReduceSdpRequests; does not have bistoUuid
07-10 20:09:44.333 16673 16673 D InputMethodService: isSystemUser(): true
07-10 20:09:44.334 16403 16461 I SAPrinter: sendStatus(0051,-1,com.sec.android.daemonapp, com.google.android.googlequicksearchbox, )
07-10 20:09:44.338 16673 16673 D InputMethodService: checkDualViewContext 
07-10 20:09:44.339 16470 16740 I DeviceDetector: shouldReduceSdpRequests; does not have bistoUuid
07-10 20:09:44.340 16673 16673 D InputMethodService: checkDualViewContext mDualViewContext is null
07-10 20:09:44.340  3950 14859 V InputMethodManagerService: getCurrentFocusDisplayID : mFocusedDisplayId0
07-10 20:09:44.341 16673 16673 D InputMethodService: onCreate getCurrentFocusDisplayID() : 0
07-10 20:09:44.341 16673 16673 D Dialog  : mIsSamsungBasicInteraction = true
07-10 20:09:44.341 16673 16673 D Dialog  : mIsSamsungBasicInteraction = true, isMetaDataInActivity = false
07-10 20:09:44.342 16770 16770 D [[WEATHER](161446@0)] : {[128B10DD05B0A4B32614ECC9B70D1CEF8F09B05BE733C7769E83AAEB41F7F7897AB0DCB7D66559306AB2C89405E4388B]}
07-10 20:09:44.345  3375  3457 V APM_AudioPolicyManager: listAudioPorts() role 0 type 0 num_ports 0 ports 0xf15174f8
07-10 20:09:44.345  3375  3457 V APM_AudioPolicyManager: listAudioPorts() got 0 ports needed 9
07-10 20:09:44.346  3375  3375 V APM_AudioPolicyManager: listAudioPorts() role 0 type 0 num_ports 9 ports 0xecd7c000
07-10 20:09:44.347  3377 14239 E NativeSemDvfsGpuManager: release:: Start
07-10 20:09:44.347  3375  3375 V APM_AudioPolicyManager: listAudioPorts() got 9 ports needed 9
07-10 20:09:44.347  3377 14239 E NativeSemDvfsGpuManager: release():: mIsAcquired = 1 , mName = GPU  , mTagName : SurfaceFlinger 
07-10 20:09:44.348  3377 14239 E NativeCustomFrequencyManager: [NativeCFMS] BpCustomFrequencyManager::releaseGPU() 
07-10 20:09:44.348  3377 14239 E NativeSemDvfsGpuManager: release:: End
07-10 20:09:44.350 16770 16770 D [[WEATHER](161446@0)] : {[DC8BEFA04B3E77450FE5A90E72FC214D7FB37D9F49EAFB6219DB3F5CAA66D87F1228CB675DB45C6D5A159A550AF022493D183CC8EF77782BBE343A323D15FC9563C559DB85F7553663E062E5BA59CCE9]}
07-10 20:09:44.352 16770 16770 D [[WEATHER](161446@0)] : {[32690532B2CA3130369AFF639BB14F6864D6F69258C2A9585BB0AAE3E70C05C99DC49F05977596E888A241E02FDFC9955B2A75C33E3F0B480387045B593B33B0E18F91DB0F163230A3BE152E4C1C7CA4]}
07-10 20:09:44.353 16770 16770 D [[WEATHER](161446@0)] : {[529D3E0EB35D5F96C769D3385173D125A8C222AF1393BB2B3EC7610807551C68AD5DDB80C4CA2932FC379F3510E1F411A672658838C10C2FAC166D5789AB878A655847584423E14F8BD06B6CAC7CD708]}
07-10 20:09:44.354 16470 16470 I BgTaskExecutorImpl: Starting EXCLUSIVE background task UPDATE_HOTWORD_MODELS.
07-10 20:09:44.356 16770 16770 D [[WEATHER](161446@0)] : {[55F6F9A08A9706813BBA4B69118ADC3BBEAFA23C05B05A287ED83CEB511EF523D7A2F3C9D14422A3BE8FC34E56D848272129B86921CF7200D7A8BBC7D02390B66CE0FEE8C10C4667BFEF7EE52012E392]}
07-10 20:09:44.357  3950 14526 D SpenGestureManagerService: getBleSpenAddress
07-10 20:09:44.357  3950 14526 E BleSpenManager: getBleSpenAddress : BLE Spen is not supported
07-10 20:09:44.359 16403 16461 I SAPrinter: sendStatus(0052,2,null)
07-10 20:09:44.360 16470 16816 I A       : Loaded shared library: nativecrashreporter
07-10 20:09:44.360 16770 16770 D [[WEATHER](161446@0)] : {[528B5B6AEAA20FEC20C57D9A4F978A5ED0DBFE754435BD4FEB13F115356B4BB4E4FA32BD723C65B6AC999B97855D4B0CFD42463A5822935E67F7A0B4C13F1B507C4DC220EC3256A01C225B091E175C396C2144656A11D799D3DB3DA59D30D68B79C4DE4781064465B524F9FE410DC4568FFFFD8874C19598EAAB55BBE789FDEA6E57E2E8C8D530B136B98AEC788BEA08B7F66880275F1F15CBEDD1ECD2477B8100179EBB2FBD58FE7AFF13D512CD7DD185A52BDEB3F7F5293F7D8C4CEEFB2992085D8086388FF087B0ECB500DE14105165A91748432B6B564E914610C22D95CE489F81B01C425ECCF75330F8E95BFB2D73E5638A88BC1A4619E25FB69FAE38E01A8D140D893FD20623D84746C60DB584A063B3B599A59B9C5F290404BA3EEE179A2D1C7653D1B50B68C7D22E579DE6695A935E727E10F7A47790DBFEE454B07DC06D89CEB6CF8A03B24AAA4BC5490F42800A5FDFA17DC990E327FDA693D0B7A378D967D95B0A54B7DAE8D83A7AA8A0B4F7D9092E249A3E93A0F56B26FF989D07C98A454CB4D0D1154F16A0C97872838A3E49EFB63D09271BCEB73E0A022533C22391D855EE57C4F41172EE2C9C608CE320A666D4E4BD246C9E8DF784BC851FB41536EBA634F921A945B63FD5DA8FA350D642BF17C9B1CB9E964074B75A19B0F4953B4EBBD1E6ADC1AE8E1DDA7CD90AA4CBCE8F01FA28AA8BC1057586A47C2BF17C7C7828BBE519CF4229B33EDF7EA03019DF8B98B97360D7FDA286A9E6777629]}
07-10 20:09:44.360 16770 16770 D [[WEATHER](161446@0)] : {[528B5B6AEAA20FEC20C57D9A4F978A5E5B1C7B94F17504A86299DC17C587F2D4DC85187D0627BB938E764078681F0B80CD7448062553FB0E505E564089067CC7622997C7A97EFEB3653F5AADCF645AB424805BC7AFCB77A7FB031C45E8CA46994451F6CA0B91ED673C46DD12B648F575A99032F134E9941C199A83AD11BEC3C66A6F27210090803E6D7354E0ABAC87A0DAAA377E835D9E295ED80519410BDE957ED227AF22A7559D4E3B5AA23B01558A]}
07-10 20:09:44.361 16770 16770 D [[WEATHER](161446@0)] : {[DEA8A460CEAF156BB2A22C88B484E32B50EA31DA85E9C58872004C07FE5286D4AFE45E76EC05942889CE60724C6EE1CB24C5CAAAACE0F5C8B2467EDAE1B10DBA0C511F818B43ABB2FA503CCB7EADC278]}
07-10 20:09:44.361 16770 16770 D [[WEATHER](161446@0)] : {[03287C635457C4644916F62BDD6EB13C6FC0851F1D8F490322037B9733E928BA54F8D80236227B6D8C61569F8AC2147EE83EF6855FB6C375D3924739C6B2178F0EF11709B07E3C4504F0E4503F240A97]}
07-10 20:09:44.361 16770 16770 D [[WEATHER](161446@0)] : {[6714E16045BBC0790A146B44FCC4BE86ABAEBD78DDC3CE1FA87E4241F5F44A8BFDF2701B92194FA621EE5EAC85BCCCF4C28775350476872419C66325BE5B7CC45B3D4210980E4E276CE822732366D252]}
07-10 20:09:44.361 16369 16369 D FolderItem: FolderItem
07-10 20:09:44.361 16770 16770 D [[WEATHER](161446@0)] : {[2A451F8DD15B496C581023E23C57E169A831D6404B9C958D903C61ADEC066C7C9237D644492E92D04BFC7C3669C238DF66B88EDE209439DB788EAD8BA32BB4C7]}
07-10 20:09:44.362 16673 16673 I DecorView: createDecorCaptionView >> DecorView@4876058[InputMethod], isFloating: true, isApplication: false, hasWindowDecorCaption: false, hasWindowControllerCallback: false
07-10 20:09:44.362 16770 16770 D [[WEATHER](161446@0)] : {[82FB25FEAB6AEEAE29DDA7757D44E52BFDECB6604A918191DFFBF06891CD6596D42C0340D0CF93CC56C22ADED94E9CB9DA15E694B53F3B0D190EBD9DFCFD43696A549054BE2FF1344C2B7AFBA9C26A26]}
07-10 20:09:44.363 16770 16770 D [[WEATHER](161446@0)] : {[9E863B7FC134FEB4D3B6DB03B8CD167F84A9355F9BE07339B7A7B81E5F551D711F21FB51CEBB1CFDDF88447F55A7DD8CBAF10092BC613F611AE3F1ABE551519C]}
07-10 20:09:44.369 16770 16770 D [[WEATHER](161446@0)] : {[AE171B3D874506887F3F3CC51F04C4C9A66CAD089EAAD3DA6614C61CB170A7AD20F31718C958F800226E332A4497BBCA92BA8A1CCA9422347169AEB1E93F2DD7]}
07-10 20:09:44.369 16470 16740 I DeviceDetector: shouldReduceSdpRequests; does not have bistoUuid
07-10 20:09:44.372 16770 16857 W droid.daemonap: Unsupported class loader
07-10 20:09:44.374 16470 16740 I DeviceDetector: shouldReduceSdpRequests; does not have bistoUuid
07-10 20:09:44.375 16673 16673 D InputMethodService: updateNavigationBarColor android.inputmethodservice.InputMethodService.onCreate:1406 com.sec.android.inputmethod.SamsungKeypad.onCreate:279 android.app.ActivityThread.handleCreateService:3758 android.app.ActivityThread.access$1400:238 android.app.ActivityThread$H.handleMessage:1803 
07-10 20:09:44.376 16470 16715 I ModelDownloadController: requestHotwordModelUpdate modelType-2 modelLocale-en-SG
07-10 20:09:44.376 16470 16715 I ModelDownloadController: #maybeDownloadHotwordModelWithMDD with locale: en-SG, modelType: 2.
07-10 20:09:44.378 16470 16715 I ModelDownloadController: Skipping MDD query because model was already downloaded for locale
07-10 20:09:44.378 16770 16796 D [[WEATHER](161446@0)] : {[90F952C35E3F6A928CFC63F12D43587728D87718609C7B0FA6480C600A624EBBA2FEA6C2BDE69CABB80CD5B3A23A54F9]}
07-10 20:09:44.379 16673 16673 D InputMethodService: mBR.registerReceiver()
07-10 20:09:44.380 16770 16770 I [[WEATHER](161446@0)] : {[6F553C0FFEEBC8921C1DE372C0B7801A057CBD1DC32CBED868284701B1BBE9E752B81FF9E3F9A585487F8D90FD9D27D81587D07C6FB3CC85EBC42A4120D0AF22]}
07-10 20:09:44.380 16770 16770 I [[WEATHER](161446@0)] : {[6F553C0FFEEBC8921C1DE372C0B7801A44E6BE4F82A009B05A1AAE1604B411DE7076EFAB4447E8086E5C8B58271BFED5349F0019C2DE405DDB3C6DF52BBD4DBC]}
07-10 20:09:44.385 16369 16369 I AppsEdge.Data: item=SelectedItem : pos = 5 FolderItem:preset_folder:0:0
07-10 20:09:44.385 16369 16369 I AppsEdge.Data: type=0 pos=0 id=3
07-10 20:09:44.387 16833 16833 I MultiDex: VM with version 2.1.0 has multidex support
07-10 20:09:44.387 16833 16833 I MultiDex: install
07-10 20:09:44.388 16833 16833 I MultiDex: VM has multidex support, MultiDex support library is disabled.
07-10 20:09:44.391 16357 16357 W NetRec  : [2] aryc.<init>: Extended dumpsys support disabled.
07-10 20:09:44.400 16369 16369 I AppsEdge.Data: item=SelectedItem : pos = 0 ComponentItem:null
07-10 20:09:44.400 16369 16369 I AppsEdge.Data: type=0 pos=6 id=4
07-10 20:09:44.404 16403 16776 D KnoxHelper: getActivityList callingUserId: 0, target user: 0
07-10 20:09:44.409  3950 13070 D JobServiceContext: sendStopMessageLocked stop reason: cancel() called by app, callingUid=10107 uid=10107 jobId=-183
07-10 20:09:44.414 16770 16857 W droid.daemonap: Skipping duplicate class check due to unsupported classloader
07-10 20:09:44.414 16369 16369 I AppsEdge.Data: item=SelectedItem : pos = 6 ComponentItem:null
07-10 20:09:44.414 16369 16369 I AppsEdge.Data: type=0 pos=1 id=5
07-10 20:09:44.419 16357 16357 I NetRec  : [2] aryd.a: Starting service.
07-10 20:09:44.419 16357 16357 I NetRec  : [2] asbu.a: Now the active scorer.
07-10 20:09:44.420 16721 16721 D BoundBrokerSvc: onBind: Intent { act=com.google.android.mobstore.service.START pkg=com.google.android.gms }
07-10 20:09:44.420 16721 16721 D BoundBrokerSvc: Loading bound service for intent: Intent { act=com.google.android.mobstore.service.START pkg=com.google.android.gms }
07-10 20:09:44.423 16770 16857 I DynamiteModule: Considering local module com.google.android.gms.measurement.dynamite:0 and remote module com.google.android.gms.measurement.dynamite:51
07-10 20:09:44.424 16403 16461 I SAPrinter: sendStatus(0056,0,null)
07-10 20:09:44.425 16770 16857 I DynamiteModule: Selected remote version of com.google.android.gms.measurement.dynamite, version >= 51
07-10 20:09:44.426 16770 16857 V DynamiteModule: Dynamite loader version >= 2, using loadModule2NoCrashUtils
07-10 20:09:44.427  3950  3950 D AppWidgetServiceImpl: handleNotifyUpdateAppWidget, appWidgetId = 3
07-10 20:09:44.429 16403 16403 I LauncherWidgetHostView: updateLastOrientation, orientation: 1, activityOrientation: 1, fromRemoteViews: true, widget: ComponentInfo{com.google.android.googlequicksearchbox/com.google.android.googlequicksearchbox.SearchWidgetProvider}
07-10 20:09:44.433 16369 16369 I AppsEdge.Data: item=SelectedItem : pos = 1 ComponentItem:null
07-10 20:09:44.433 16369 16369 I AppsEdge.Data: type=0 pos=2 id=7
07-10 20:09:44.434 16770 16858 I DynamiteModule: Considering local module com.google.android.gms.ads.dynamite:0 and remote module com.google.android.gms.ads.dynamite:211512000
07-10 20:09:44.434 16770 16858 I DynamiteModule: Selected remote version of com.google.android.gms.ads.dynamite, version >= 211512000
07-10 20:09:44.434 16770 16858 V DynamiteModule: Dynamite loader version >= 2, using loadModule2NoCrashUtils
07-10 20:09:44.443 16369 16369 I AppsEdge.Data: item=SelectedItem : pos = 2 ComponentItem:null
07-10 20:09:44.443 16369 16369 I AppsEdge.Data: type=0 pos=7 id=8
07-10 20:09:44.450 16833 16833 I A       : Initialized process com.google.android.googlequicksearchbox:interactor
07-10 20:09:44.451 16403 16461 I SAPrinter: sendStatus(0055,0,null)
07-10 20:09:44.453 16403 16461 E SQLiteLog: (1) near "color": syntax error
07-10 20:09:44.454 16403 16461 E LauncherProvider: query failed : android.database.sqlite.SQLiteException: near "color": syntax error (code 1 SQLITE_ERROR[1]): , while compiling: SELECT container, itemType, color, hidden, spanX, spanY, icon, newCue, screen, title, cellX, cellY, iconType, options, rank, modified, lock, screenType, festival, intent, appWidgetId, iconPackage, iconResource, profileId, restored, appWidgetProvider, _id FROM favorites WHERE (itemType is 2 AND (container=-100 OR container=-101) AND (screenType=0)color <> -1 AND color <> 0)
07-10 20:09:44.454 16673 16673 I SKBD    : aob [InputManager-getInstance]
07-10 20:09:44.455 16403 16461 I SAPrinter: sendStatus(0057,0,null)
07-10 20:09:44.460 16369 16369 I AppsEdge.Data: item=SelectedItem : pos = 7 ComponentItem:null
07-10 20:09:44.468 16357 16384 I .gms.persisten: Background concurrent copying GC freed 28555(3MB) AllocSpace objects, 31(788KB) LOS objects, 65% free, 3MB/9MB, paused 242us total 129.413ms
07-10 20:09:44.468 16770 16857 W droid.daemonap: Unknown chunk type '200'.
07-10 20:09:44.473 16721 16760 I DynamiteModule: Considering local module com.google.android.gms.googlecertificates:6 and remote module com.google.android.gms.googlecertificates:6
07-10 20:09:44.473 16721 16760 I DynamiteModule: Selected local version of com.google.android.gms.googlecertificates
07-10 20:09:44.474  3950  3950 D NetworkScoreService: ScoringServiceConnection: com.google.android.gms/com.google.android.gms.chimera.PersistentBoundBrokerService
07-10 20:09:44.475 16357 16887 D LoadedApk: Exception : java.lang.NullPointerException: Attempt to invoke virtual method 'boolean android.os.Looper.isPerfLogEnable()' on a null object reference
07-10 20:09:44.485 16833 16839 I hbox:interacto: Method exceeds compiler instruction limit: 17275 in java.util.Map com.google.android.apps.gsa.shared.logger.b.h.d()
07-10 20:09:44.492 16770 16857 W droid.daemonap: Unsupported class loader
07-10 20:09:44.492 16770 16796 D [[WEATHER](161446@0)] : {[A84483038DF2E135D053696B752C522114F4AB7CD7E7F233CD8F98A2F97601DA4DE7E19186E45AFA115D6878CCF3A57C]}
07-10 20:09:44.492 16770 16796 D [[WEATHER](161446@0)] : {[D0B7898C3B207A4A2BCFE82F8A361083B985D49B3E85970C43603331DA77B50D1B82C93E0643EB052C3A125A794B2DAF]}
07-10 20:09:44.494 16403 16461 I SAPrinter: sendStatus(0059,-1,5)
07-10 20:09:44.495 16403 16461 I SAPrinter: sendStatus(0060,0,null)
07-10 20:09:44.495 16403 16461 I SAPrinter: sendStatus(0061,-1,[0, 4])
07-10 20:09:44.499 16833 16833 I A       : Initializing GMS Compliance Client Library...
07-10 20:09:44.499 16833 16833 I A       : Checking for device compliance...
07-10 20:09:44.500 16833 16833 I A       : Feature is disabled!
07-10 20:09:44.500 16833 16833 I A       : Completed library init.
07-10 20:09:44.501 16403 16461 I SAPrinter: sendStatus(0085,-1,Empty)
07-10 20:09:44.502 16770 16770 D [[WEATHER](161446@0)] : {[C5004527400809145FE3EC4B842B5F5E28504038C9F9C2AE6CD6577EECBA139F9B2982B019F50B5599BAD0BEFD5B4FF69BFF7CB20FE8214A0C5AC6999366D754FB94539958F08B404884B8803586DCB2]}
07-10 20:09:44.502 16770 16770 D [[WEATHER](161446@0)] : {[557214C55C3AF9D382BB72BF78D6EA567A9915C58D8D4B073C5380BA57B9B7136BA01BE46DFD8D44A9FAA65B12333242CC1D8644DC1578095DAFF63FC3C258D798B5C93FE2F18B5A28B786D55A1A9CEB3E8584A9FA3745F6023B19E6BDC42D27]}
07-10 20:09:44.502 16770 16770 D [[WEATHER](161446@0)] : {[4CCB3F2C092E6ACE85780C69FABEFA571C4F5DBA67DF73843CF64C8640BBECA2CBD5C3D411C71AF76B035CE590886F7D2F7CDD0D04A859F24F4EE91946D360E4899BA8BF454A9962CFAFFB489F49A659]}
07-10 20:09:44.508 16833 16888 W hbox:interacto: Accessing hidden field Ljava/util/Collections$SynchronizedCollection;->mutex:Ljava/lang/Object; (dark greylist, reflection)
07-10 20:09:44.509 16833 16888 W hbox:interacto: Accessing hidden method Ljava/util/Collections$SynchronizedSet;-><init>(Ljava/util/Set;Ljava/lang/Object;)V (dark greylist, reflection)
07-10 20:09:44.509 16833 16888 W hbox:interacto: Accessing hidden method Ljava/util/Collections$SynchronizedCollection;-><init>(Ljava/util/Collection;Ljava/lang/Object;)V (dark greylist, reflection)
07-10 20:09:44.510 16403 16461 I SAPrinter: sendStatus(0089,-1,Empty)
07-10 20:09:44.515 16770 16857 W droid.daemonap: Skipping duplicate class check due to unsupported classloader
07-10 20:09:44.515 16369 16369 I AppIconSolution: return adaptive icon for com.google.android.youtube
07-10 20:09:44.517 16673 16673 E SKBD    : bct getParser() Type is not defined or Not Available: 1
07-10 20:09:44.517 16673 16673 E SKBD    : bcs parser is null : 1
07-10 20:09:44.517 16673 16673 E SKBD    : bct getParser() Type is not defined or Not Available: 2
07-10 20:09:44.517 16673 16673 E SKBD    : bcs parser is null : 2
07-10 20:09:44.517 16673 16673 E SKBD    : bct getParser() Type is not defined or Not Available: 3
07-10 20:09:44.517 16673 16673 E SKBD    : bcs parser is null : 3
07-10 20:09:44.517 16673 16673 E SKBD    : bct getParser() Type is not defined or Not Available: 4
07-10 20:09:44.517 16673 16673 E SKBD    : bcs parser is null : 4
07-10 20:09:44.517 16673 16673 E SKBD    : bct getParser() Type is not defined or Not Available: 5
07-10 20:09:44.517 16673 16673 E SKBD    : bcs parser is null : 5
07-10 20:09:44.517 16673 16673 E SKBD    : bct getParser() Type is not defined or Not Available: 6
07-10 20:09:44.517 16673 16673 E SKBD    : bcs parser is null : 6
07-10 20:09:44.517 16673 16673 E SKBD    : bct getParser() Type is not defined or Not Available: 7
07-10 20:09:44.517 16673 16673 E SKBD    : bcs parser is null : 7
07-10 20:09:44.517 16673 16673 E SKBD    : bct getParser() Type is not defined or Not Available: 8
07-10 20:09:44.517 16673 16673 E SKBD    : bcs parser is null : 8
07-10 20:09:44.517 16673 16673 E SKBD    : bct getParser() Type is not defined or Not Available: 9
07-10 20:09:44.517 16673 16673 E SKBD    : bcs parser is null : 9
07-10 20:09:44.517 16673 16673 E SKBD    : bct getParser() Type is not defined or Not Available: 10
07-10 20:09:44.517 16673 16673 E SKBD    : bcs parser is null : 10
07-10 20:09:44.517 16673 16673 E SKBD    : bct getXmlId() : Type is not defined or Not Available: 11
07-10 20:09:44.517 16673 16673 E SKBD    : bct getParser() Type is not defined or Not Available: 11
07-10 20:09:44.517 16673 16673 E SKBD    : bcs parser is null : 11
07-10 20:09:44.517 16403 16461 I SAPrinter: sendStatus(0082,0,null)
07-10 20:09:44.517 16403 16461 I SAPrinter: sendStatus(0058,3,null)
07-10 20:09:44.518 16403 16461 I SAPrinter: sendStatus(0069,-1,1)
07-10 20:09:44.520 16403 16461 I SAPrinter: sendStatus(0070,-1,1)
07-10 20:09:44.520 16403 16461 I SAPrinter: sendStatus(0073,0,null)
07-10 20:09:44.520 16403 16461 I SAPrinter: sendStatus(0076,0,null)
07-10 20:09:44.520 16403 16461 I SAPrinter: sendStatus(0077,0,null)
07-10 20:09:44.522 16770 16796 D [[WEATHER](161446@0)] : {[90F952C35E3F6A928CFC63F12D435877DFE12040E9EF7B5B294AF077D076D2D45CC90233B7DAFAF2B507B285107009EAEFD105D452C2F076D6BECB788D483492]}
07-10 20:09:44.523 16673 16673 I SKBD    : bjk initPowerSavingState
07-10 20:09:44.523 16403 16461 I SAPrinter: sendStatus(0083,1,null)
07-10 20:09:44.523 16403 16461 I SAPrinter: sendStatus(0084,0,null)
07-10 20:09:44.530 16721 16851 I CastDatabase: Opening the database
07-10 20:09:44.478 16357 16887 D LoadedApk: Exception : java.lang.NullPointerException: Attempt to invoke virtual method 'boolean android.os.Looper.isPerfLogEnable()' on a null object reference
07-10 20:09:44.530  3950  3965 I SamsungAlarmManager: setLocked to kernel - T:2 / 20210710T201216, SetElapsed=1577928407, nowELAPSED=1577776277
07-10 20:09:44.531  3950  3965 I SamsungAlarmManager: setLocked to kernel - T:3 / 20210710T200959, SetElapsed=1577791746, nowELAPSED=1577776278
07-10 20:09:44.531 16403 16461 I SAPrinter: sendStatus(0074,0,null)
07-10 20:09:44.533 16403 16461 I SAPrinter: sendStatus(0075,-1,Empty)
07-10 20:09:44.533 16770 16770 D [[WEATHER](161446@0)] WeatherNotificationManager: {[80CD463095D69641B8E1B7D0EF5C25EF6B7E7E6D29AC8402A92AEA96D1D6E5CDDABF20DC5E6BA2111C623524E54CBDE1CF0155D4AC2150EFC9F3048D7BF88695]}
07-10 20:09:44.538  3950  3965 D SamsungAlarmManager: setInexact Intent (T:2/F:0/AC:false) 20310708T200944 - CU:10040/CP:16357
07-10 20:09:44.538  3950  3965 I SamsungAlarmManager: setLocked to kernel - T:2 / 20210710T201216, SetElapsed=1577928407, nowELAPSED=1577776285
07-10 20:09:44.538  3950  3965 I SamsungAlarmManager: setLocked to kernel - T:3 / 20210710T200959, SetElapsed=1577791746, nowELAPSED=1577776285
07-10 20:09:44.542  3950  3965 D WifiPermissionsUtil: canAccessScanResults: pkgName = com.google.android.gms, uid = 10040
07-10 20:09:44.545 16403 16746 I LauncherWidgetHostView: checkWeatherFlingEnabled() = true
07-10 20:09:44.547 16770 16858 W droid.daemonap: Unsupported class loader
07-10 20:09:44.548 16770 16857 W DynamiteModule: Local module descriptor class for com.google.android.gms.measurement.dynamite not found.
07-10 20:09:44.548 16770 16770 D [[WEATHER](161446@0)] WeatherNotificationManager: {[80CD463095D69641B8E1B7D0EF5C25EF056DE699F916765FFDAFE8426D59A8DFE0763CC6F9B0B7BDB116021FF02978D4343990C1596CC44A1E3189131BDDE81BF30B438620F416B45FF2138943B4F8EC4FE7C79806EA674420DF935E2EDD847B]}
07-10 20:09:44.551 16369 16369 I AppIconSolution: return adaptive icon for com.android.chrome
07-10 20:09:44.551  3950 13070 I SamsungAlarmManager: setLocked to kernel - T:2 / 20210710T201216, SetElapsed=1577928407, nowELAPSED=1577776298
07-10 20:09:44.551 16833 16833 I hbox:interacto: Rejecting re-init on previously-failed class java.lang.Class<com.google.android.libraries.search.n.a.b>: java.lang.NoClassDefFoundError: Failed resolution of: Landroid/app/AppOpsManager$OnOpNotedCallback;
07-10 20:09:44.551 16833 16833 I hbox:interacto:   at java.lang.Object java.lang.Class.newInstance() (Class.java:-2)
07-10 20:09:44.551 16833 16833 I hbox:interacto:   at android.app.Service android.app.AppComponentFactory.instantiateService(java.lang.ClassLoader, java.lang.String, android.content.Intent) (AppComponentFactory.java:103)
07-10 20:09:44.551 16833 16833 I hbox:interacto:   at void android.app.ActivityThread.handleCreateService(android.app.ActivityThread$CreateServiceData) (ActivityThread.java:3740)
07-10 20:09:44.551 16833 16833 I hbox:interacto:   at void android.app.ActivityThread.access$1400(android.app.ActivityThread, android.app.ActivityThread$CreateServiceData) (ActivityThread.java:238)
07-10 20:09:44.551 16833 16833 I hbox:interacto:   at void android.app.ActivityThread$H.handleMessage(android.os.Message) (ActivityThread.java:1803)
07-10 20:09:44.551 16833 16833 I hbox:interacto:   at void android.os.Handler.dispatchMessage(android.os.Message) (Handler.java:106)
07-10 20:09:44.551 16833 16833 I hbox:interacto:   at void android.os.Looper.loop() (Looper.java:214)
07-10 20:09:44.551 16833 16833 I hbox:interacto:   at void android.app.ActivityThread.main(java.lang.String[]) (ActivityThread.java:7073)
07-10 20:09:44.551 16833 16833 I hbox:interacto:   at java.lang.Object java.lang.reflect.Method.invoke(java.lang.Object, java.lang.Object[]) (Method.java:-2)
07-10 20:09:44.551 16833 16833 I hbox:interacto:   at void com.android.internal.os.RuntimeInit$MethodAndArgsCaller.run() (RuntimeInit.java:494)
07-10 20:09:44.551 16833 16833 I hbox:interacto:   at void com.android.internal.os.ZygoteInit.main(java.lang.String[]) (ZygoteInit.java:965)
07-10 20:09:44.551 16833 16833 I hbox:interacto: Caused by: java.lang.ClassNotFoundException: Didn't find class "android.app.AppOpsManager$OnOpNotedCallback" on path: DexPathList[[zip file "/system/framework/org.apache.http.legacy.boot.jar", zip file "/data/app/com.google.android.googlequicksearchbox-_m5XOD0cJvBA6reQOt4ogg==/base.apk"],nativeLibraryDirectories=[/data/app/com.google.android.googlequicksearchbox-_m5XOD0cJvBA6reQOt4ogg==/lib/arm64, /data/app/com.google.android.googlequicksearchbox-_m5XOD0cJvBA6reQOt4ogg==/base.apk!/lib/arm64-v8a, /system/lib64, /system/vendor/lib64]]
07-10 20:09:44.551 16833 16833 I hbox:interacto:   at java.lang.Class dalvik.system.BaseDexClassLoader.findClass(java.lang.String) (BaseDexClassLoader.java:134)
07-10 20:09:44.551 16833 16833 I hbox:interacto:   at java.lang.Class java.lang.ClassLoader.loadClass(java.lang.String, boolean) (ClassLoader.java:379)
07-10 20:09:44.551 16833 16833 I hbox:interacto:   at java.lang.Class java.lang.ClassLoader.loadClass(java.lang.String) (ClassLoader.java:312)
07-10 20:09:44.551 16833 16833 I hbox:interacto:   at java.lang.Object java.lang.Class.newInstance() (Class.java:-2)
07-10 20:09:44.551 16833 16833 I hbox:interacto:   at android.app.Service android.app.AppComponentFactory.instantiateService(java.lang.ClassLoader, java.lang.String, android.content.Intent) (AppComponentFactory.java:103)
07-10 20:09:44.551 16833 16833 I hbox:interacto:   at void android.app.ActivityThread.handleCreateService(android.app.ActivityThread$CreateServiceData) (ActivityThread.java:3740)
07-10 20:09:44.551 16833 16833 I hbox:interacto:   at void android.app.ActivityThread.access$1400(android.app.ActivityThread, android.app.ActivityThread$CreateServiceData) (ActivityThread.java:238)
07-10 20:09:44.551 16833 16833 I hbox:interacto:   at void android.app.ActivityThread$H.handleMessage(android.os.Message) (ActivityThread.java:1803)
07-10 20:09:44.551 16833 16833 I hbox:interacto:   at void android.os.Handler.dispatchMessage(android.os.Message) (Handler.java:106)
07-10 20:09:44.551 16833 16833 I hbox:interacto:   at void android.os.Looper.loop() (Looper.java:214)
07-10 20:09:44.551 16833 16833 I hbox:interacto:   at void android.app.ActivityThread.main(java.lang.String[]) (ActivityThread.java:7073)
07-10 20:09:44.551 16833 16833 I hbox:interacto:   at java.lang.Object java.lang.reflect.Method.invoke(java.lang.Object, java.lang.Object[]) (Method.java:-2)
07-10 20:09:44.552 16833 16833 I hbox:interacto:   at void com.android.internal.os.RuntimeInit$MethodAndArgsCaller.run() (RuntimeInit.java:494)
07-10 20:09:44.552 16833 16833 I hbox:interacto:   at void com.android.internal.os.ZygoteInit.main(java.lang.String[]) (ZygoteInit.java:965)
07-10 20:09:44.551  3950 13070 I SamsungAlarmManager: setLocked to kernel - T:3 / 20210710T200959, SetElapsed=1577791746, nowELAPSED=1577776298
07-10 20:09:44.552 16833 16833 I hbox:interacto: 
07-10 20:09:44.552 16833 16833 I hbox:interacto: Rejecting re-init on previously-failed class java.lang.Class<com.google.android.libraries.search.n.a.b>: java.lang.NoClassDefFoundError: Failed resolution of: Landroid/app/AppOpsManager$OnOpNotedCallback;
07-10 20:09:44.552 16833 16833 I hbox:interacto:   at java.lang.Object java.lang.Class.newInstance() (Class.java:-2)
07-10 20:09:44.552 16833 16833 I hbox:interacto:   at android.app.Service android.app.AppComponentFactory.instantiateService(java.lang.ClassLoader, java.lang.String, android.content.Intent) (AppComponentFactory.java:103)
07-10 20:09:44.552 16833 16833 I hbox:interacto:   at void android.app.ActivityThread.handleCreateService(android.app.ActivityThread$CreateServiceData) (ActivityThread.java:3740)
07-10 20:09:44.552 16833 16833 I hbox:interacto:   at void android.app.ActivityThread.access$1400(android.app.ActivityThread, android.app.ActivityThread$CreateServiceData) (ActivityThread.java:238)
07-10 20:09:44.552 16833 16833 I hbox:interacto:   at void android.app.ActivityThread$H.handleMessage(android.os.Message) (ActivityThread.java:1803)
07-10 20:09:44.552 16833 16833 I hbox:interacto:   at void android.os.Handler.dispatchMessage(android.os.Message) (Handler.java:106)
07-10 20:09:44.552 16833 16833 I hbox:interacto:   at void android.os.Looper.loop() (Looper.java:214)
07-10 20:09:44.552 16833 16833 I hbox:interacto:   at void android.app.ActivityThread.main(java.lang.String[]) (ActivityThread.java:7073)
07-10 20:09:44.552 16833 16833 I hbox:interacto:   at java.lang.Object java.lang.reflect.Method.invoke(java.lang.Object, java.lang.Object[]) (Method.java:-2)
07-10 20:09:44.552 16833 16833 I hbox:interacto:   at void com.android.internal.os.RuntimeInit$MethodAndArgsCaller.run() (RuntimeInit.java:494)
07-10 20:09:44.552 16833 16833 I hbox:interacto:   at void com.android.internal.os.ZygoteInit.main(java.lang.String[]) (ZygoteInit.java:965)
07-10 20:09:44.552 16833 16833 I hbox:interacto: Caused by: java.lang.ClassNotFoundException: Didn't find class "android.app.AppOpsManager$OnOpNotedCallback" on path: DexPathList[[zip file "/system/framework/org.apache.http.legacy.boot.jar", zip file "/data/app/com.google.android.googlequicksearchbox-_m5XOD0cJvBA6reQOt4ogg==/base.apk"],nativeLibraryDirectories=[/data/app/com.google.android.googlequicksearchbox-_m5XOD0cJvBA6reQOt4ogg==/lib/arm64, /data/app/com.google.android.googlequicksearchbox-_m5XOD0cJvBA6reQOt4ogg==/base.apk!/lib/arm64-v8a, /system/lib64, /system/vendor/lib64]]
07-10 20:09:44.552 16833 16833 I hbox:interacto:   at java.lang.Class dalvik.system.BaseDexClassLoader.findClass(java.lang.String) (BaseDexClassLoader.java:134)
07-10 20:09:44.552 16833 16833 I hbox:interacto:   at java.lang.Class java.lang.ClassLoader.loadClass(java.lang.String, boolean) (ClassLoader.java:379)
07-10 20:09:44.552 16833 16833 I hbox:interacto:   at java.lang.Class java.lang.ClassLoader.loadClass(java.lang.String) (ClassLoader.java:312)
07-10 20:09:44.552 16833 16833 I hbox:interacto:   at java.lang.Object java.lang.Class.newInstance() (Class.java:-2)
07-10 20:09:44.552 16833 16833 I hbox:interacto:   at android.app.Service android.app.AppComponentFactory.instantiateService(java.lang.ClassLoader, java.lang.String, android.content.Intent) (AppComponentFactory.java:103)
07-10 20:09:44.552 16833 16833 I hbox:interacto:   at void android.app.ActivityThread.handleCreateService(android.app.ActivityThread$CreateServiceData) (ActivityThread.java:3740)
07-10 20:09:44.552 16833 16833 I hbox:interacto:   at void android.app.ActivityThread.access$1400(android.app.ActivityThread, android.app.ActivityThread$CreateServiceData) (ActivityThread.java:238)
07-10 20:09:44.552 16833 16833 I hbox:interacto:   at void android.app.ActivityThread$H.handleMessage(android.os.Message) (ActivityThread.java:1803)
07-10 20:09:44.552 16833 16833 I hbox:interacto:   at void android.os.Handler.dispatchMessage(android.os.Message) (Handler.java:106)
07-10 20:09:44.552 16833 16833 I hbox:interacto:   at void android.os.Looper.loop() (Looper.java:214)
07-10 20:09:44.552 16833 16833 I hbox:interacto:   at void android.app.ActivityThread.main(java.lang.String[]) (ActivityThread.java:7073)
07-10 20:09:44.552 16833 16833 I hbox:interacto:   at java.lang.Object java.lang.reflect.Method.invoke(java.lang.Object, java.lang.Object[]) (Method.java:-2)
07-10 20:09:44.552 16833 16833 I hbox:interacto:   at void com.android.internal.os.RuntimeInit$MethodAndArgsCaller.run() (RuntimeInit.java:494)
07-10 20:09:44.552 16833 16833 I hbox:interacto:   at void com.android.internal.os.ZygoteInit.main(java.lang.String[]) (ZygoteInit.java:965)
07-10 20:09:44.552 16833 16833 I hbox:interacto: 
07-10 20:09:44.553 16833 16833 I hbox:interacto: Rejecting re-init on previously-failed class java.lang.Class<com.google.android.libraries.search.n.a.b>: java.lang.NoClassDefFoundError: Failed resolution of: Landroid/app/AppOpsManager$OnOpNotedCallback;
07-10 20:09:44.553 16833 16833 I hbox:interacto:   at java.lang.Object java.lang.Class.newInstance() (Class.java:-2)
07-10 20:09:44.553 16833 16833 I hbox:interacto:   at android.app.Service android.app.AppComponentFactory.instantiateService(java.lang.ClassLoader, java.lang.String, android.content.Intent) (AppComponentFactory.java:103)
07-10 20:09:44.553 16833 16833 I hbox:interacto:   at void android.app.ActivityThread.handleCreateService(android.app.ActivityThread$CreateServiceData) (ActivityThread.java:3740)
07-10 20:09:44.553 16833 16833 I hbox:interacto:   at void android.app.ActivityThread.access$1400(android.app.ActivityThread, android.app.ActivityThread$CreateServiceData) (ActivityThread.java:238)
07-10 20:09:44.553 16833 16833 I hbox:interacto:   at void android.app.ActivityThread$H.handleMessage(android.os.Message) (ActivityThread.java:1803)
07-10 20:09:44.553 16833 16833 I hbox:interacto:   at void android.os.Handler.dispatchMessage(android.os.Message) (Handler.java:106)
07-10 20:09:44.553 16833 16833 I hbox:interacto:   at void android.os.Looper.loop() (Looper.java:214)
07-10 20:09:44.553 16833 16833 I hbox:interacto:   at void android.app.ActivityThread.main(java.lang.String[]) (ActivityThread.java:7073)
07-10 20:09:44.554 16833 16833 I hbox:interacto:   at java.lang.Object java.lang.reflect.Method.invoke(java.lang.Object, java.lang.Object[]) (Method.java:-2)
07-10 20:09:44.554 16833 16833 I hbox:interacto:   at void com.android.internal.os.RuntimeInit$MethodAndArgsCaller.run() (RuntimeInit.java:494)
07-10 20:09:44.554 16833 16833 I hbox:interacto:   at void com.android.internal.os.ZygoteInit.main(java.lang.String[]) (ZygoteInit.java:965)
07-10 20:09:44.554 16833 16833 I hbox:interacto: Caused by: java.lang.ClassNotFoundException: Didn't find class "android.app.AppOpsManager$OnOpNotedCallback" on path: DexPathList[[zip file "/system/framework/org.apache.http.legacy.boot.jar", zip file "/data/app/com.google.android.googlequicksearchbox-_m5XOD0cJvBA6reQOt4ogg==/base.apk"],nativeLibraryDirectories=[/data/app/com.google.android.googlequicksearchbox-_m5XOD0cJvBA6reQOt4ogg==/lib/arm64, /data/app/com.google.android.googlequicksearchbox-_m5XOD0cJvBA6reQOt4ogg==/base.apk!/lib/arm64-v8a, /system/lib64, /system/vendor/lib64]]
07-10 20:09:44.554 16833 16833 I hbox:interacto:   at java.lang.Class dalvik.system.BaseDexClassLoader.findClass(java.lang.String) (BaseDexClassLoader.java:134)
