07-10 20:09:42.739  3950 14561 W ActivityManager: wait for provider publish: waiters=1 callerApp=ProcessRecord{cb1513fd0 16357:com.google.android.gms.persistent/u0a40} cpr=ContentProviderRecord{3fafa0c u0 com.google.android.gsf/.gservices.GservicesProvider}
07-10 20:09:42.744  3950  3981 I ActivityManager: Start proc 16431:com.sec.android.provider.badge/u0a10 for content provider com.sec.android.provider.badge/.BadgeProvider
07-10 20:09:42.749 16431 16431 E Zygote  : isWhitelistProcess - Process is Whitelisted
07-10 20:09:42.749 16431 16431 E Zygote  : accessInfo : 1
07-10 20:09:42.757 16403 16403 I LauncherProvider: LauncherAccessTestStart: 1625918982757
07-10 20:09:42.757 16403 16403 W LauncherAppState: setApplicationContext called twice! old=com.android.launcher3.infra.activity.app.LauncherApplication@252097d new=com.android.launcher3.infra.activity.app.LauncherApplication@252097d
07-10 20:09:42.757 16403 16403 D ProviderBase: registerCallback
07-10 20:09:42.757 16436 16436 E Zygote  : isWhitelistProcess - Process is Whitelisted
07-10 20:09:42.758  3950  3981 I ActivityManager: Start proc 16436:com.google.process.gservices/u0a40 for content provider com.google.android.gsf/.gservices.GservicesProvider
07-10 20:09:42.758 16436 16436 E Zygote  : accessInfo : 1
07-10 20:09:42.759 16403 16403 D DataOperator: registerCallback
07-10 20:09:42.764 16431 16431 E .provider.badg: Not starting debugger since process cannot load the jdwp agent.
07-10 20:09:42.765 16436 16436 E ocess.gservice: Not starting debugger since process cannot load the jdwp agent.
07-10 20:09:42.771 16403 16403 I DatabaseTableHelper: tableExists tableName : favorites_standard exist : false
07-10 20:09:42.772 16403 16403 I DatabaseTableHelper: tableExists tableName : favorites exist : true
07-10 20:09:42.773 16403 16403 I DatabaseTableHelper: tableExists tableName : workspaceScreens exist : true
07-10 20:09:42.774  3950 13002 I ActivityManager: DSS on for com.sec.android.provider.badge and scale is 1.0
07-10 20:09:42.773 16403 16403 I DatabaseTableHelper: tableExists tableName : workspaceScreens exist : true
07-10 20:09:42.776 16403 16403 I LauncherProvider: mDesktopModeManager.isDesktopMode() = false
07-10 20:09:42.776 16403 16403 I PostPositionProvider: Provider onCreated.
07-10 20:09:42.776 16403 16403 W LauncherAppState: setApplicationContext called twice! old=com.android.launcher3.infra.activity.app.LauncherApplication@252097d new=com.android.launcher3.infra.activity.app.LauncherApplication@252097d
07-10 20:09:42.776 16403 16403 W DataProvider: DataProvider called twice! old context =com.android.launcher3.infra.activity.app.LauncherApplication@252097d new context =com.android.launcher3.infra.activity.app.LauncherApplication@252097d
07-10 20:09:42.777  3375  3457 V APM_AudioPolicyManager: AudioPolicyManager:setRecordSilenced(uid:10010, silenced:0)
07-10 20:09:42.778  3950 13002 I ActivityManager: DSS on for com.google.android.gsf and scale is 1.0
07-10 20:09:42.779 12891 12891 D HidDeviceService: handleMessage(): msg.what=8
07-10 20:09:42.780 16403 16403 D PostPositionOperator: registerCallback
07-10 20:09:42.783 16403 16403 D PostPositionController: checkAndEnableProvider() - true
07-10 20:09:42.785 16403 16403 I LauncherApplication: SE Home Version : 10.0.40.38
07-10 20:09:42.786 16403 16461 D Launcher.SALogging: init SALog
07-10 20:09:42.788 16403 16461 D SamsungAnalytics201007: [Validation] dma pkg:531401000
07-10 20:09:42.789 16403 16461 D SamsungAnalytics201007: cf feature is supported
07-10 20:09:42.795 16403 16462 D vndksupport: Loading /vendor/lib64/egl/libGLES_mali.so from current namespace instead of sphal namespace.
07-10 20:09:42.798 16431 16431 I .provider.badg: The ClassLoaderContext is a special shared library.
07-10 20:09:42.798 16403 16461 D SamsungAnalytics201007: do not send setting < 7days
07-10 20:09:42.800 16436 16436 I ocess.gservice: The ClassLoaderContext is a special shared library.
07-10 20:09:42.804 16403 16461 D SamsungAnalytics201007: [Tracker] Tracker start:2.01.007DLC
07-10 20:09:42.807 16403 16403 D Launcher: !@Boot_DEBUG: Launcher.onCreate()
07-10 20:09:42.808 16403 16403 I Launcher: onCreate configuration = {1.1 525mcc5mnc [en_GB] ldltr sw411dp w411dp h773dp 560dpi nrml long hdr port finger -keyb/v/h -nav/h winConfig={ mBounds=Rect(0, 0 - 1440, 2792) mAppBounds=Rect(0, 0 - 1440, 2792) mWindowingMode=fullscreen mActivityType=home} s.82 mkbd/h desktop/dshowBtnShape = 0  themeSeq=0 0 0  ?dc}, displayMetrics = DisplayMetrics{density=3.5, width=1440, height=2792, scaledDensity=3.8500001, xdpi=515.154, ydpi=518.51}
07-10 20:09:42.808 16403 16403 W LauncherAppState: setApplicationContext called twice! old=com.android.launcher3.infra.activity.app.LauncherApplication@252097d new=com.android.launcher3.infra.activity.app.LauncherApplication@252097d
07-10 20:09:42.808 16403 16403 I LauncherAppState: setLauncherActivity = com.android.launcher3.infra.activity.Launcher@4876058
07-10 20:09:42.811 16403 16461 W SamsungAnalytics201007: [SamsungAnalytics] NullPointerException Attempt to invoke virtual method 'void android.os.Bundle.putBundle(java.lang.String, android.os.Bundle)' on a null object reference
07-10 20:09:42.812 16403 16461 D SamsungAnalytics201007: newThread on Executor
07-10 20:09:42.813 16403 16461 D SamsungAnalytics201007: cf feature is supported
07-10 20:09:42.814 16403 16403 I LauncherAppState: makeDeviceProfile : java.lang.ref.WeakReference@e3e2a04
07-10 20:09:42.815 16403 16403 I LauncherAppState: create port profile
07-10 20:09:42.815 16403 16403 I Launcher.DeviceProfile: DisplayMetrics width = 1440 height  = 2792  DisplayRealSize width = 1440 height = 2960
07-10 20:09:42.816 16403 16403 I Launcher.DeviceProfile: configuration = {1.1 525mcc5mnc [en_GB] ldltr sw411dp w411dp h773dp 560dpi nrml long hdr port finger -keyb/v/h -nav/h winConfig={ mBounds=Rect(0, 0 - 1440, 2792) mAppBounds=Rect(0, 0 - 1440, 2792) mWindowingMode=fullscreen mActivityType=home} s.82 mkbd/h desktop/dshowBtnShape = 0  themeSeq=0 0 0  ?dc}, displayMetrics = DisplayMetrics{density=3.5, width=1440, height=2792, scaledDensity=3.8500001, xdpi=515.154, ydpi=518.51}
07-10 20:09:42.818 16403 16403 D Launcher.DeviceProfile: cutoutSize = 0
07-10 20:09:42.819 16403 16403 D Launcher.DeviceProfile: calculateAvailableSize width : 1440 height : 2792
07-10 20:09:42.822 16403 16403 I Launcher.DeviceProfile: initGridInfo cellX : 5, cellY : 5
07-10 20:09:42.826 16403 16403 D HomeFlexibleProfile: setGridIconMaps = 4|5|7.9|13.5|0.5|2|4
07-10 20:09:42.826 16403 16403 D HomeFlexibleProfile: setGridIconMaps = 4|6|6.8|13.5|0.3|2|4
07-10 20:09:42.826 16403 16403 D HomeFlexibleProfile: setGridIconMaps = 5|5|6.6|13.5|0.3|2|5
07-10 20:09:42.828 16403 16403 D HomeFlexibleProfile: setGridIconMaps = 5|6|6.6|13.5|0.3|2|5
07-10 20:09:42.828 16431 16431 D BadgeProvider: onCreate
07-10 20:09:42.828 16403 16403 D HomeFlexibleProfile: Home Flexible [ height 2792 width 1440 top : 209 bottom : 404 pagePadding 102 ]
07-10 20:09:42.828 16403 16403 I Launcher.DeviceProfile: UpdateHomeProfile gridX : 5 gridY : 5 hotseatCount : -1
07-10 20:09:42.828 16431 16431 D BadgeProvider: DatabaseHelper
07-10 20:09:42.828 16403 16403 I Launcher.GridInfo: countX : 4, countY : 4
07-10 20:09:42.829 16403 16403 D WidgetFlexibleGridInfo: Configuration : {1.1 525mcc5mnc [en_GB] ldltr sw411dp w411dp h773dp 560dpi nrml long hdr port finger -keyb/v/h -nav/h winConfig={ mBounds=Rect(0, 0 - 1440, 2792) mAppBounds=Rect(0, 0 - 1440, 2792) mWindowingMode=fullscreen mActivityType=home} s.82 mkbd/h desktop/dshowBtnShape = 0  themeSeq=0 0 0  ?dc} width : 1440 height : 2792 Status bar height : 84
07-10 20:09:42.832 16403 16403 D OverviewFlexibleProfile: Set Grid to (5x1)
07-10 20:09:42.833 16403 16403 I Launcher.DeviceProfile: setAppsCurrentGrid cellX : 5, cellY : 6, isFrontDisplay : false
07-10 20:09:42.833 16403 16403 D Launcher.DeviceProfile: availableWidthPx : 1440 , 2792
07-10 20:09:42.833 16403 16403 I Launcher.IconCache: clearCache : 640
07-10 20:09:42.833 16403 16403 I Launcher.DeviceProfile: initGridInfo cellX : 5, cellY : 5
07-10 20:09:42.834 16436 16436 I GservicesProvider: Gservices pushing to system: true; secure/global: true
07-10 20:09:42.835 16403 16403 D HomeFlexibleProfile: setGridIconMaps = 4|5|7.9|13.5|0.5|2|4
07-10 20:09:42.835 16403 16461 I SAPrinter: sendStatus(0078,1,null)
07-10 20:09:42.836 16403 16403 D HomeFlexibleProfile: setGridIconMaps = 4|6|6.8|13.5|0.3|2|4
07-10 20:09:42.836 16403 16403 D HomeFlexibleProfile: setGridIconMaps = 5|5|6.6|13.5|0.3|2|5
07-10 20:09:42.836 16403 16403 D HomeFlexibleProfile: setGridIconMaps = 5|6|6.6|13.5|0.3|2|5
07-10 20:09:42.836 16403 16403 D HomeFlexibleProfile: Home Flexible [ height 2792 width 1440 top : 209 bottom : 404 pagePadding 102 ]
07-10 20:09:42.836 16403 16403 I Launcher.DeviceProfile: UpdateHomeProfile gridX : 5 gridY : 5 hotseatCount : -1
07-10 20:09:42.837 16403 16403 I Launcher.GridInfo: countX : 4, countY : 4
07-10 20:09:42.837 16403 16403 D WidgetFlexibleGridInfo: Configuration : {1.1 525mcc5mnc [en_GB] ldltr sw411dp w411dp h773dp 560dpi nrml long hdr port finger -keyb/v/h -nav/h winConfig={ mBounds=Rect(0, 0 - 1440, 2792) mAppBounds=Rect(0, 0 - 1440, 2792) mWindowingMode=fullscreen mActivityType=home} s.82 mkbd/h desktop/dshowBtnShape = 0  themeSeq=0 0 0  ?dc} width : 1440 height : 2792 Status bar height : 84
07-10 20:09:42.838 16403 16403 D OverviewFlexibleProfile: Set Grid to (5x1)
07-10 20:09:42.838 16403 16403 D HomeFlexibleProfile: updateHomeGridInvisibleScreen gridX : 3 gridY : 5
07-10 20:09:42.838 16403 16403 I Launcher.DeviceProfile: setAppsCurrentGrid cellX : 5, cellY : 6, isFrontDisplay : false
07-10 20:09:42.838 16403 16403 D Launcher.DeviceProfile: availableWidthPx : 1440 , 2792
07-10 20:09:42.839  3950 14569 D SecContentProvider: query(), uri = 17 selection = isSettingsChangesAllowed
07-10 20:09:42.849 16431 16459 D BadgeProvider: onOpen
07-10 20:09:42.857 16403 16462 D libEGL  : loaded /vendor/lib64/egl/libGLES_mali.so
07-10 20:09:42.858  3950 14569 D SecContentProvider: called from com.sec.android.app.launcher
07-10 20:09:42.859  3950 14569 D RestrictionPolicy: isSettingsChangesAllowedAsUser, userId 0 : true
07-10 20:09:42.860 16431 16459 D BadgeProvider: query, [selection] : null
07-10 20:09:42.861  3950  4099 I WindowManager: reset, Reparenting to original parent, shouldDeferScheduleAnimation=false, destroyLeash=true, surface=Surface(name=AppWindowToken{655908e token=Token{28a0889 ActivityRecord{bc3c790 u0 com.sec.android.app.launcher/.activities.LauncherActivity t2}}})/@0x36d3797, parent=Surface(name=Task=2)/@0x23add84, parentNativeHandle=android.os.BinderProxy@e6621d3, caller=com.android.server.wm.SurfaceAnimator.lambda$getFinishedCallback$0:94 com.android.server.wm.-$$Lambda$SurfaceAnimator$SIBia0mND666K8lMCPsoid8pUTI.run:4 com.android.server.wm.SurfaceAnimator.lambda$getFinishedCallback$1:101 com.android.server.wm.-$$Lambda$SurfaceAnimator$vdRZk66hQVbQCvVXEaQCT1kVmFc.onAnimationFinished:4 com.android.server.wm.LocalAnimationAdapter.lambda$startAnimation$0:65 
07-10 20:09:42.862  3950  4099 D SurfaceControl: reparent is called, sc=Surface(name=AppWindowToken{655908e token=Token{28a0889 ActivityRecord{bc3c790 u0 com.sec.android.app.launcher/.activities.LauncherActivity t2}}})/@0x36d3797, newParentHandle=android.os.BinderProxy@e6621d3, transaction=android.view.SurfaceControl$Transaction@cca59a2
07-10 20:09:42.862  3950  4099 D SurfaceControl: destroy(transaction), animation-leash is destroyed, sc=Surface(name=Surface(name=AppWindowToken{655908e token=Token{28a0889 ActivityRecord{bc3c790 u0 com.sec.android.app.launcher/.activities.LauncherActivity t2}}})/@0x36d3797 - animation-leash)/@0x3364ab0, transaction=android.view.SurfaceControl$Transaction@cca59a2, caller=com.android.server.wm.SurfaceAnimator.reset:335 com.android.server.wm.SurfaceAnimator.lambda$getFinishedCallback$0:94 com.android.server.wm.-$$Lambda$SurfaceAnimator$SIBia0mND666K8lMCPsoid8pUTI.run:4 com.android.server.wm.SurfaceAnimator.lambda$getFinishedCallback$1:101 com.android.server.wm.-$$Lambda$SurfaceAnimator$vdRZk66hQVbQCvVXEaQCT1kVmFc.onAnimationFinished:4 com.android.server.wm.LocalAnimationAdapter.lambda$startAnimation$0:65 com.android.server.wm.-$$Lambda$LocalAnimationAdapter$X--EomqUvw4qy89IeeTFTH7aCMo.run:4 
07-10 20:09:42.863  3950  3950 D FreeformController: Fail to invalid task id :  -1
07-10 20:09:42.864  3950  4099 D WindowManager: prepareSurfaces, request to clear saved leash, surface=Surface(name=AppWindowToken{655908e token=Token{28a0889 ActivityRecord{bc3c790 u0 com.sec.android.app.launcher/.activities.LauncherActivity t2}}})/@0x36d3797
07-10 20:09:42.864  3377  4336 D Layer   : [AppWindowToken{655908e token=Token{28a0889 ActivityRecord{bc3c790 u0 com.sec.android.app.launcher/.activities.LauncherActivity t2}}}#0]::reparent oldParent:[Surface(name=AppWindowToken{655908e token=Token{28a0889 ActivityRecord{bc3c790 u0 com.sec.android.app.launcher/.activities.LauncherActivity t2}}})/@0x36d3797 - animation-leash#0], newParent:[Task=2#0]
07-10 20:09:42.864  3377  4336 I SurfaceFlinger: id=62350 Removed Surface(name=AppWindowToken{655908e token=Token{28a0889 ActivityRecord{bc3c790 u0 com.sec.android.app.launcher/.activities.LauncherActivity t2}}})/@0x36d3797 - animation-leash#0 (0/40)
07-10 20:09:42.865  3950  4099 D WindowManager: clearSavedLeashOnCommit, savedLeash=Surface(name=Surface(name=AppWindowToken{655908e token=Token{28a0889 ActivityRecord{bc3c790 u0 com.sec.android.app.launcher/.activities.LauncherActivity t2}}})/@0x36d3797 - animation-leash)/@0x3364ab0, caller=com.android.server.wm.WindowContainer.clearSavedLeashOnCommit:1164 com.android.server.wm.WindowContainer.clearSavedLeashOnCommit:1168 com.android.server.wm.WindowContainer.clearSavedLeashOnCommit:1168 com.android.server.wm.WindowContainer.clearSavedLeashOnCommit:1168 com.android.server.wm.WindowContainer.clearSavedLeashOnCommit:1168 com.android.server.wm.RootWindowContainer.performSurfacePlacement:784 
07-10 20:09:42.866  3950 13002 D StorageManagerService: getExternalStorageMountMode : 2
07-10 20:09:42.866  3950 13002 D StorageManagerService: getExternalStorageMountMode : 3
07-10 20:09:42.866  3950 13002 D StorageManagerService: getExternalStorageMountMode : final mountMode=2, uid : 10107, packageName : com.google.android.googlequicksearchbox
07-10 20:09:42.866  3950 13002 I ApplicationPolicy: isApplicationExternalStorageWhitelisted:com.google.android.googlequicksearchbox user:0
07-10 20:09:42.866  3950 13002 D ApplicationPolicy: isApplicationExternalStorageWhitelisted: DO is not enabled on user 0. Allowed.
07-10 20:09:42.866  3950 13002 D ActivityManager: package  com.google.android.googlequicksearchbox, user - 0 is SDcard whitelisted
07-10 20:09:42.866  3950 13002 I ApplicationPolicy: isApplicationExternalStorageBlacklisted:com.google.android.googlequicksearchbox user:0
07-10 20:09:42.866  3950 13002 D ApplicationPolicy: isApplicationExternalStorageBlacklisted: DO is not enabled on user 0. Allowed.
07-10 20:09:42.866  3950 13002 I ApplicationPolicy: isApplicationExternalStorageBlacklisted:com.google.android.googlequicksearchbox user:0
07-10 20:09:42.866  3950 13002 D ApplicationPolicy: isApplicationExternalStorageBlacklisted: DO is not enabled on user 0. Allowed.
07-10 20:09:42.869 16403 16426 D BadgeCache: 1. pkgName : com.samsung.android.app.cocktailbarservice.settings = 0
07-10 20:09:42.869 16403 16426 D BadgeCache: 1. pkgName : com.samsung.android.messaging = 0
07-10 20:09:42.869 16403 16426 D BadgeCache: 1. pkgName : com.sec.android.app.samsungapps = 0
07-10 20:09:42.869 16403 16426 D BadgeCache: 1. pkgName : com.google.android.youtube = 0
07-10 20:09:42.869 16403 16426 D BadgeCache: 1. pkgName : com.facebook.katana = 1
07-10 20:09:42.869 16403 16403 I Launcher.DeviceProfile: configuration = {1.1 525mcc5mnc [en_GB] ldltr sw411dp w411dp h773dp 560dpi nrml long hdr land finger -keyb/v/h -nav/h winConfig={ mBounds=Rect(0, 0 - 0, 0) mAppBounds=Rect(0, 0 - 1440, 2792) mWindowingMode=fullscreen mActivityType=undefined} s.82 mkbd/h desktop/dshowBtnShape = 0  themeSeq=0 0 0  ?dc}, displayMetrics = DisplayMetrics{density=3.5, width=1440, height=2792, scaledDensity=3.8500001, xdpi=515.154, ydpi=518.51}
07-10 20:09:42.869 16403 16426 D BadgeCache: 2. componentName: com.facebook.katana/.LoginActivity = 1
07-10 20:09:42.869 16403 16426 D BadgeCache: 1. pkgName : com.lazada.android = 1
07-10 20:09:42.869 16403 16426 D BadgeCache: 2. componentName: com.lazada.android/com.lazada.activities.EnterActivity = 1
07-10 20:09:42.869 16403 16426 D BadgeCache: 1. pkgName : com.samsung.android.dialer = -1
07-10 20:09:42.869 16403 16426 D BadgeCache: 2. componentName: com.samsung.android.dialer/.DialtactsActivity = -1
07-10 20:09:42.869 16403 16426 D BadgeCache: 1. pkgName : com.amazon.mShop.android.shopping = 0
07-10 20:09:42.869 16403 16426 D BadgeCache: 1. pkgName : com.ss.android.ugc.trill = 0
07-10 20:09:42.869 16403 16426 D BadgeCache: 1. pkgName : com.samsung.android.calendar = -1
07-10 20:09:42.869 16403 16426 D BadgeCache: 2. componentName: com.samsung.android.calendar/com.android.calendar.AllInOneActivity = -1
07-10 20:09:42.869 16403 16426 D BadgeCache: 1. pkgName : com.vkontakte.android = 0
07-10 20:09:42.872 16403 16403 I Launcher.DeviceProfile: configuration = {1.1 525mcc5mnc [en_GB] ldltr sw411dp w411dp h773dp 560dpi nrml long hdr port finger -keyb/v/h -nav/h winConfig={ mBounds=Rect(0, 0 - 0, 0) mAppBounds=Rect(0, 0 - 1440, 2792) mWindowingMode=fullscreen mActivityType=undefined} s.82 mkbd/h desktop/dshowBtnShape = 0  themeSeq=0 0 0  ?dc}, displayMetrics = DisplayMetrics{density=3.5, width=1440, height=2792, scaledDensity=3.8500001, xdpi=515.154, ydpi=518.51}
07-10 20:09:42.872 16403 16426 D BadgeCache: reloadBadgeCounts(), tempBadges.size() : [4], user : [UserHandle{0}]
07-10 20:09:42.872 16403 16426 D BadgeCache: reloadBadgeCounts(), final size : 4
07-10 20:09:42.872 16403 16426 D Notification.Badge: reloadBadges(), badges count : 4
07-10 20:09:42.874  3377  3377 I Layer   : id=62350 onRemoved Surface(name=AppWindowToken{655908e token=Token{28a0889 ActivityRecord{bc3c790 u0 com.sec.android.app.launcher/.activities.LauncherActivity t2}}})/@0x36d3797 - animation-leash#0 
07-10 20:09:42.876 16403 16403 D Launcher.Model: unbindItemInfosAndClearQueuedBindRunnables: 
07-10 20:09:42.879 16403 16403 D ScreenOffTimeoutHelper: registerObserver
07-10 20:09:42.882  3950  3966 D ActivityManager: setRequestedOrientation(5) from com.sec.android.app.launcher
07-10 20:09:42.887  3950  3981 I ActivityManager: Start proc 16470:com.google.android.googlequicksearchbox:search/u0a107 for service com.google.android.googlequicksearchbox/com.google.android.apps.gsa.nowoverlayservice.DrawerOverlayService
07-10 20:09:42.891 16403 16403 I DecorView: createDecorCaptionView >> DecorView@c57810f[], isFloating: false, isApplication: true, hasWindowDecorCaption: false, hasWindowControllerCallback: true
07-10 20:09:42.894 16470 16470 E Zygote  : isWhitelistProcess - Process is Whitelisted
07-10 20:09:42.899 16470 16470 E Zygote  : accessInfo : 1
07-10 20:09:42.911 16470 16470 E earchbox:searc: Not starting debugger since process cannot load the jdwp agent.
07-10 20:09:42.920 16403 16403 D OpenGLRenderer: Skia GL Pipeline
07-10 20:09:42.920  3950 14561 I ActivityManager: DSS on for com.google.android.googlequicksearchbox and scale is 1.0
07-10 20:09:42.925 16403 16403 D MultiSelectPanel: updateTextViewPosition() isLandDisplay[false], isWrapContent[false]
07-10 20:09:42.927  3375  3457 V APM_AudioPolicyManager: AudioPolicyManager:setRecordSilenced(uid:10107, silenced:0)
07-10 20:09:42.928 12891 12891 D HidDeviceService: handleMessage(): msg.what=8
07-10 20:09:42.947 16470 16470 I earchbox:searc: The ClassLoaderContext is a special shared library.
07-10 20:09:42.959 16403 16403 D ScreenGridPanelView:  onFinishInflate 
07-10 20:09:42.979 16403 16403 D HomeFlexibleProfile: HotseatIconInfo is null -1
07-10 20:09:42.980 16403 16403 I HomeFlexibleProfile: create hotseat icon case : 5 hotseat count : -1
07-10 20:09:42.990 16403 16403 I PageEditPanel: updatePageEditPanelLayout : 3
07-10 20:09:43.012 16403 16403 D SwipeAffordance: set swipeAffordance TextSize : 59.5
07-10 20:09:43.020 16403 16403 D RecentsModel: loadTasks -> submit preload plan to BackgroundExecutor: mTaskChangeId=1
07-10 20:09:43.023 16403 16489 D RecentsTaskLoadPlan: lastReportedWindowingMode is not exist.
07-10 20:09:43.027 16403 16403 I SemDesktopModeManager: registerListener: com.android.launcher3.quickstep.OverviewSettingHelper$DesktopModeListenerImpl@6ebdbf0
07-10 20:09:43.034 16403 16489 D RecentsModel: loadTasks -> preload plan(1) + size=1
07-10 20:09:43.039 16369 16369 I CocktailBarPanelInfoManager: panel not empty : com.samsung.android.app.appsedge.edgepanel.AppsEdgePanelProvider
07-10 20:09:43.040  3950 13002 D SecContentProvider: query(), uri = 17 selection = isSettingsChangesAllowed
07-10 20:09:43.040  3950 13002 D SecContentProvider: called from com.samsung.android.app.cocktailbarservice
07-10 20:09:43.040  3950 13002 D RestrictionPolicy: isSettingsChangesAllowedAsUser, userId 0 : true
07-10 20:09:43.044 16369 16369 D HistoryProvider: it is first db, go on normal process
07-10 20:09:43.055 16403 16403 D MinusOnePageUtils: setMinusOnePageComponentName : ComponentInfo{com.samsung.android.app.spage/com.samsung.android.app.spage.main.MainActivity}
07-10 20:09:43.061 16369 16369 I CapsuleProvider_1.0.11: onCreate
07-10 20:09:43.063 16369 16369 I CapsuleProvider_1.0.11: ApplicationTriggerReceiver registered
07-10 20:09:43.072 16369 16369 D SamsungAnalytics201007: [Validation] dma pkg:531401000
07-10 20:09:43.074 16403 16403 I MinusOnePageUtils: setMinusOnePageActiveState, active: true, enable: true
07-10 20:09:43.074 16369 16369 D SamsungAnalytics201007: cf feature is supported
07-10 20:09:43.075 16403 16461 I SAPrinter: sendStatus(0069,-1,1)
07-10 20:09:43.081 16369 16369 D SamsungAnalytics201007: do not send setting < 7days
07-10 20:09:43.082 16369 16369 D SamsungAnalytics201007: [Tracker] Tracker start:2.01.007DLC
07-10 20:09:43.084 16369 16369 D CocktailBarReceiver: onReceive: com.samsung.android.cocktailbar.intent.action.EDGE_APP_START
07-10 20:09:43.085 16369 16369 I Utils   : isOwnerUser current = 0
07-10 20:09:43.086  3950 13002 D PackageManager: setEnabledSetting : userId = 0 packageName = com.samsung.android.app.cocktailbarservice cmp = com.samsung.android.app.edgelighting.tile.EdgeLightingTile newState = 1 callingPackage = 10020/com.samsung.android.app.cocktailbarservice
07-10 20:09:43.088 16403 16403 D AppsPresenter: setDataObserver 
07-10 20:09:43.088 16403 16403 D AppsDataRepository:  registerObservers
07-10 20:09:43.090 16403 16403 D AppsPageIndicatorWrapper: switch AppsPageIndicator view. screenType : 0, workspaceMode : false
07-10 20:09:43.097  3950 14576 D StorageManagerService: getExternalStorageMountMode : 1
07-10 20:09:43.097  3950 14576 D StorageManagerService: getExternalStorageMountMode : 3
07-10 20:09:43.097  3950 14576 D StorageManagerService: getExternalStorageMountMode : final mountMode=1, uid : 10020, packageName : com.samsung.android.app.cocktailbarservice
07-10 20:09:43.097  3950 14576 I ApplicationPolicy: isApplicationExternalStorageWhitelisted:com.samsung.android.app.cocktailbarservice user:0
07-10 20:09:43.097  3950 14576 D ApplicationPolicy: isApplicationExternalStorageWhitelisted: DO is not enabled on user 0. Allowed.
07-10 20:09:43.097  3950 14576 D ActivityManager: package  com.samsung.android.app.cocktailbarservice, user - 0 is SDcard whitelisted
07-10 20:09:43.097  3950 14576 I ApplicationPolicy: isApplicationExternalStorageBlacklisted:com.samsung.android.app.cocktailbarservice user:0
07-10 20:09:43.097  3950 14576 D ApplicationPolicy: isApplicationExternalStorageBlacklisted: DO is not enabled on user 0. Allowed.
07-10 20:09:43.097  3950 14576 I ApplicationPolicy: isApplicationExternalStorageBlacklisted:com.samsung.android.app.cocktailbarservice user:0
07-10 20:09:43.097  3950 14576 D ApplicationPolicy: isApplicationExternalStorageBlacklisted: DO is not enabled on user 0. Allowed.
07-10 20:09:43.098 16369 16369 I Utils   : isOwnerUser current = 0
07-10 20:09:43.116  3950  3981 I ActivityManager: Start proc 16495:com.samsung.android.app.cocktailbarservice:edgelighting/u0a20 for service com.samsung.android.app.cocktailbarservice/com.samsung.android.app.edgelighting.EdgeLightingService
07-10 20:09:43.117  3950 14576 D StorageManagerService: getExternalStorageMountMode : 3
07-10 20:09:43.117  3950 14576 D StorageManagerService: getExternalStorageMountMode : 3
07-10 20:09:43.118  3950 14576 D StorageManagerService: getExternalStorageMountMode : final mountMode=3, uid : 10060, packageName : com.samsung.android.service.peoplestripe
07-10 20:09:43.118  3950 14576 I ApplicationPolicy: isApplicationExternalStorageWhitelisted:com.samsung.android.service.peoplestripe user:0
07-10 20:09:43.118  3950 14576 D ApplicationPolicy: isApplicationExternalStorageWhitelisted: DO is not enabled on user 0. Allowed.
07-10 20:09:43.118  3950 14576 D ActivityManager: package  com.samsung.android.service.peoplestripe, user - 0 is SDcard whitelisted
07-10 20:09:43.118  3950 14576 I ApplicationPolicy: isApplicationExternalStorageBlacklisted:com.samsung.android.service.peoplestripe user:0
07-10 20:09:43.118  3950 14576 D ApplicationPolicy: isApplicationExternalStorageBlacklisted: DO is not enabled on user 0. Allowed.
07-10 20:09:43.118  3950 14576 I ApplicationPolicy: isApplicationExternalStorageBlacklisted:com.samsung.android.service.peoplestripe user:0
07-10 20:09:43.118  3950 14576 D ApplicationPolicy: isApplicationExternalStorageBlacklisted: DO is not enabled on user 0. Allowed.
07-10 20:09:43.119 12891 12891 D HidDeviceService: handleMessage(): msg.what=8
07-10 20:09:43.119 12891 12891 D HidDeviceService: unregisterAppUid(): uid=10060
07-10 20:09:43.119 12891 12891 D HidDeviceService: unregisterAppUid(): caller UID doesn't match user UID
07-10 20:09:43.120 16495 16495 E Zygote  : isWhitelistProcess - Process is Whitelisted
07-10 20:09:43.121 16369 16369 I CocktailBarService: OnCreate
07-10 20:09:43.121 16369 16369 I SemUiSupportService: onCreate() : com.samsung.android.app.cocktailbarservice.CocktailBarService@c05a940
07-10 20:09:43.122 16495 16495 E Zygote  : accessInfo : 1
07-10 20:09:43.123 16369 16369 I SemUiSupportService: loaded theme = 2131558416
07-10 20:09:43.123 16369 16369 I CocktailBarService: createLayoutParams
07-10 20:09:43.125 16403 16403 D AppsUtils:  checkToShowWorkspaceTabMode() uHandle.semGetIdentifier(): 0
07-10 20:09:43.125 16403 16403 D AppsUtils:  checkToShowWorkspaceTabMode() isExistWorkspace: false
07-10 20:09:43.125 16403 16403 D AppTrayPage: removeWorkspacePagedView() in AppTray
07-10 20:09:43.125 16403 16403 D AppsContainer: onRemoveWorkspacePagedView return, !AppsUtils.isActivatedWorkspaceTabMode(): true, !mAppTrayPage.isActivatedWorkspacePagedView(): true
07-10 20:09:43.125 16403 16403 I AppsNormalizerService: changeNormalizer type = 0
07-10 20:09:43.125 16369 16369 I Utils   : isOwnerUser current = 0
07-10 20:09:43.126 16403 16403 I OverviewFlexibleProfile: updateGridDelayed: 3000
07-10 20:09:43.126 16403 16403 I SuggestedItemsProvider: setup(maxIcon=5, fallback=false, homeOnly=false, showBadge=true)
07-10 20:09:43.128  3950  3950 D CustomFrequencyManagerService: releaseDVFSLockLocked : Getting Lock type frm List : DVFS_MIN_LIMIT  frequency : 2314000  uid : 1000  pid : 3950  tag : AMS_APP_HOME@CPU_MIN@55
07-10 20:09:43.136 16403 16403 I SuggestedItemsProvider: Initialized time=Thu Apr 15 23:27:42 GMT+08:00 2021
07-10 20:09:43.136 16495 16495 E ce:edgelightin: Not starting debugger since process cannot load the jdwp agent.
07-10 20:09:43.137 16403 16403 D RecommendedCellLayout: updateIconViews - child count: 0
07-10 20:09:43.137 16403 16403 D RecentsViewContainer: Recommendation is enabled
07-10 20:09:43.137 16503 16503 E Zygote  : isWhitelistProcess - Process is Whitelisted
07-10 20:09:43.138 16503 16503 E Zygote  : accessInfo : 1
07-10 20:09:43.143  3950  3981 I ActivityManager: Start proc 16503:com.samsung.android.service.peoplestripe/u0a60 for broadcast com.samsung.android.service.peoplestripe/.PeopleStripeReceiver
07-10 20:09:43.147 16369 16369 W System.err: com.samsung.android.widget.SemLockPatternUtils No method java.lang.NoSuchMethodException: com.samsung.android.widget.SemLockPatternUtils.isCarrierLockPlusEnabled [int]
07-10 20:09:43.147 16369 16369 D com.samsung.android.widget.SemLockPatternUtils: Cannot invoke there's no method reflection : isCarrierLockPlusEnabled
07-10 20:09:43.151 16403 16403 I RestrictionsManagerHelper: Restrictions: Bundle[EMPTY_PARCEL]
07-10 20:09:43.151 16403 16403 D RestrictionsManagerHelper: There's no restriction of restriction_app_suggestion
07-10 20:09:43.151  3950 14576 I ActivityManager: DSS on for com.samsung.android.app.cocktailbarservice and scale is 1.0
07-10 20:09:43.152 16503 16503 E ce.peoplestrip: Not starting debugger since process cannot load the jdwp agent.
07-10 20:09:43.156 16357 16357 W ProviderHelper: Unknown dynamite feature providerinstaller.dynamite
07-10 20:09:43.157  3950 14561 D StorageManagerService: getExternalStorageMountMode : 3
07-10 20:09:43.157  3950 14561 D StorageManagerService: getExternalStorageMountMode : 3
07-10 20:09:43.158  3950 14561 D StorageManagerService: getExternalStorageMountMode : final mountMode=3, uid : 5010, packageName : com.samsung.android.rubin.app
07-10 20:09:43.158  3950 14561 I ApplicationPolicy: isApplicationExternalStorageWhitelisted:com.samsung.android.rubin.app user:0
07-10 20:09:43.158 16357 16357 I DynamiteModule: Considering local module com.google.android.gms.providerinstaller.dynamite:1 and remote module com.google.android.gms.providerinstaller.dynamite:0
07-10 20:09:43.158 16357 16357 I DynamiteModule: Selected local version of com.google.android.gms.providerinstaller.dynamite
07-10 20:09:43.158  3950 14561 D ApplicationPolicy: isApplicationExternalStorageWhitelisted: DO is not enabled on user 0. Allowed.
07-10 20:09:43.158  3950 14561 D ActivityManager: package  com.samsung.android.rubin.app, user - 0 is SDcard whitelisted
07-10 20:09:43.158  3950 14561 I ApplicationPolicy: isApplicationExternalStorageBlacklisted:com.samsung.android.rubin.app user:0
07-10 20:09:43.158  3950 14561 D ApplicationPolicy: isApplicationExternalStorageBlacklisted: DO is not enabled on user 0. Allowed.
07-10 20:09:43.158  3950 14561 I ApplicationPolicy: isApplicationExternalStorageBlacklisted:com.samsung.android.rubin.app user:0
07-10 20:09:43.158  3950 14561 D ApplicationPolicy: isApplicationExternalStorageBlacklisted: DO is not enabled on user 0. Allowed.
07-10 20:09:43.159  3950 14561 W ActivityManager: wait for provider publish: waiters=1 callerApp=ProcessRecord{f89bfe0d0 16403:com.sec.android.app.launcher/u0a98} cpr=ContentProviderRecord{8201c35 u0 com.samsung.android.rubin.app/.provider.RubinStateProvider}
07-10 20:09:43.164 16403 16403 D Launcher.DeviceProfile: Set home indicator margin left : 0 right : 0 bottom : 328
07-10 20:09:43.166 16403 16403 I LauncherTransition: deviceType:HighEnd
07-10 20:09:43.166 16403 16403 D SamsungAnimationParamsCreator: loadAnimationParams : HighEnd
07-10 20:09:43.170 16403 16403 D Activity: registerRemoteAnimations, activity=com.android.launcher3.infra.activity.Launcher@4876058, definition=android.view.RemoteAnimationDefinition@74ffa09, caller=com.android.systemui.shared.system.ActivityCompat.registerRemoteAnimations:36 com.android.launcher3.quickstep.LauncherAppTransitionManagerImpl.registerRemoteAnimations:736 com.android.launcher3.quickstep.LauncherAppTransitionManagerImpl.<init>:190 
07-10 20:09:43.171 16403 16403 I LauncherTransition: supportRemoteAnimation:true
07-10 20:09:43.171 16369 16369 I TrayStateController: initSettingValue : area : 0 , size: 23.899996 , pos: 15.606694 trans: 30
07-10 20:09:43.171 16403 16403 D HomeContainer: setVisibility : 8
07-10 20:09:43.171 16403 16403 I StageManager: startStage : 1 -> 2
07-10 20:09:43.172 16403 16403 D TrayManager: send changed offset. sender: Overground current: Overground dest: Underground
07-10 20:09:43.172 16403 16403 I BlurUtils: blurByWindowManager with show = true, dest = com.android.internal.policy.PhoneWindow@732640e, amount = 0.16, duration = 0, sBlur=false
07-10 20:09:43.172 16403 16403 D HomeContainer: setAlpha : 0.0 visibility : 8
07-10 20:09:43.172 16403 16403 D HomeContainer: setAlpha : 0.0 visibility : 8
07-10 20:09:43.172 16403 16403 D HotwordClientUtils: setHotWordDetection : call requestHotWordDetection false
07-10 20:09:43.174 16403 16403 D Launcher.Utilities: updateSpayHandler false currentDefaultPage : false
07-10 20:09:43.174 16403 16403 D MainStage: onStagePreEnter - false false
07-10 20:09:43.174 16403 16403 D MainStage: onStagePreEnter - ConfigurationChange UnNeeded
07-10 20:09:43.174 16403 16403 D Launcher.AppsPagedView: getCellLayout null index = 0
07-10 20:09:43.174 16403 16403 E AppLaunchLogger: Not prepared page in updatePage
07-10 20:09:43.174 16403 16403 D StageManager: start stageTransitionAnim : from com.android.launcher3.infra.stage.HomeStage@bc50e2f to com.android.launcher3.infra.stage.AppsStage@4938c3c
07-10 20:09:43.174 16403 16403 D StageManager: dump stageview info : mode(2), visible(0) , alpha(1.000000)
07-10 20:09:43.175 16403 16403 D StageManager: current stack : 
07-10 20:09:43.175 16403 16403 D StageManager: dump stage
07-10 20:09:43.175 16403 16403 D StageManager: com.android.launcher3.infra.stage.HomeStage@bc50e2f
07-10 20:09:43.175 16403 16403 D StageManager: com.android.launcher3.infra.stage.AppsStage@4938c3c
07-10 20:09:43.175 16403 16403 D Launcher.Model: startLoader
07-10 20:09:43.176 16403 16403 D Launcher.Model: stopLoaderLocked
07-10 20:09:43.176 16403 16426 D WhiteBgManager: sChangeForWhiteBg = false
07-10 20:09:43.177 16523 16523 E Zygote  : isWhitelistProcess - Process is Whitelisted
07-10 20:09:43.177  3950  3981 I ActivityManager: Start proc 16523:com.samsung.android.rubin.app/5010 for content provider com.samsung.android.rubin.app/.provider.RubinStateProvider
07-10 20:09:43.178 16523 16523 E Zygote  : accessInfo : 1
07-10 20:09:43.179 16403 16426 I OpenThemeLoader: OpenThemeLoader::setTheme() (1) currentTheme : com.sec.android.app.launcher
07-10 20:09:43.184 16403 16426 I OpenThemeLoader: OpenThemeLoader::setTheme() (1) PreviousTheme : com.sec.android.app.launcher , isTheSameVersion = true
07-10 20:09:43.184 16403 16426 I OpenThemeLoader: OpenThemeLoader::setTheme() (2) currentTheme : com.sec.android.app.launcher
07-10 20:09:43.184 16403 16403 V Launcher: Launcher.onResume()
07-10 20:09:43.184 16403 16403 D Launcher: !@Boot_DEBUG: Launcher.onResume()
07-10 20:09:43.185 16403 16426 I OpenThemeLoader: OpenThemeLoader::setTheme() (2) PreviousTheme : com.sec.android.app.launcher , isTheSameVersion = true
07-10 20:09:43.185 16403 16426 I OpenThemeLoader: OpenThemeLoader::setTheme() (3) currentTheme : com.sec.android.app.launcher
07-10 20:09:43.187 16403 16403 D AppsDataRepository: waitNextUpdate : false , true
07-10 20:09:43.187 16403 16403 D AppsDataRepository: waitNextUpdate()
07-10 20:09:43.188 12891 12891 D HidDeviceService: handleMessage(): msg.what=8
07-10 20:09:43.189 16403 16426 I OpenThemeLoader: OpenThemeLoader::setTheme() (3) PreviousTheme : com.sec.android.app.launcher , isTheSameVersion = false
07-10 20:09:43.189 16403 16426 I OpenThemeLoader: OpenThemeLoader::setTheme() (4) currentTheme : com.sec.android.app.launcher
07-10 20:09:43.189 16403 16403 D StageManager: onResume. topStage: com.android.launcher3.infra.stage.AppsStage@4938c3c alpha: 1.0 visibility: 0
07-10 20:09:43.190 16403 16426 I OpenThemeLoader: OpenThemeLoader::setTheme() (4) PreviousTheme : com.sec.android.app.launcher , isTheSameVersion = false
07-10 20:09:43.190  3950  3966 I ActivityManager: DSS on for com.samsung.android.service.peoplestripe and scale is 1.0
07-10 20:09:43.191 16523 16523 E droid.rubin.ap: Not starting debugger since process cannot load the jdwp agent.
07-10 20:09:43.199 16403 16461 D SamsungAnalytics201007: [DLCBinder] send register Request
07-10 20:09:43.200 16403 16461 D SamsungAnalytics201007: [DLCBinder] already send register request
07-10 20:09:43.203 16357 16357 V NativeCrypto: Registering com/google/android/gms/org/conscrypt/NativeCrypto's 294 native methods...
07-10 20:09:43.211 16495 16495 I ce:edgelightin: The ClassLoaderContext is a special shared library.
07-10 20:09:43.212 16403 16403 D Launcher.HomeStage: onResume HomeContainer current alpha = 0.0
07-10 20:09:43.212  3950 14576 I ActivityManager: DSS on for com.samsung.android.rubin.app and scale is 1.0
07-10 20:09:43.212 16403 16403 D WallpaperScrollUtils: setupWallpaperScroller
07-10 20:09:43.215 16403 16426 D WhiteBgManager: startWallpaperBGColorSolution
07-10 20:09:43.216 16403 16426 D WhiteBgManager: WallpaperBGThread start
07-10 20:09:43.217 16403 16426 D Launcher.Model: !@Boot_DEBUG: Launcher.LoaderTask.run() start
07-10 20:09:43.217 16403 16540 D WhiteBgManager: extractWallpaperColorType
07-10 20:09:43.218 16403 16540 D WallpaperManager: peekWallpaperBitmap: which =1, useCache = true
07-10 20:09:43.219 12891 12891 D HidDeviceService: handleMessage(): msg.what=8
07-10 20:09:43.219 16403 16540 D WallpaperManager: getCurrentWallpaperLocked userId=0 by : com.sec.android.app.launcher
07-10 20:09:43.219 16403 16426 E TrueSingleSkuOperator: isTSSSupported() - false
07-10 20:09:43.219 16403 16426 E TrueSingleSkuOperator: isTSSActivated() - false
07-10 20:09:43.219 16403 16426 I TrueSingleSKUSharedPref:  TrueSingleSkuOperator / writeActivatedId : 
07-10 20:09:43.219 16403 16426 D TrueSingleSkuOperator: resetDBForTSS - skip TSS!
07-10 20:09:43.221  3950 14576 D WallpaperManagerService: getWallpaperSafeLocked, which = 1
07-10 20:09:43.221  3950 14576 D WallpaperManagerService: getWallpaper which=1 wallpaperUserId=0 wpType=5 index=0 isDexEnabled=false
07-10 20:09:43.221  3950 14576 D WallpaperManagerService: get index of which = 1, isCopied = false
07-10 20:09:43.221  3950 14576 D WallpaperManagerService: cropFile is not exist.
07-10 20:09:43.221 16403 16540 D WallpaperManager: isInfinity? INFINITY
07-10 20:09:43.222  3950 14576 D WallpaperManagerService: infinity componentName=com.android.systemui.infinity.InfinityWallpaperBlack
07-10 20:09:43.222  3950 14576 D WallpaperManagerService: size : 4
07-10 20:09:43.222 16403 16540 D WallpaperManager: isInfinityWallpaper = true
07-10 20:09:43.222 16403 16540 D WallpaperManager: componentName=com.android.systemui.infinity.InfinityWallpaperBlack
07-10 20:09:43.222 16403 16540 D WallpaperManager: parseInfinityColorInfo colorInfo=black
07-10 20:09:43.223 16403 16540 D WallpaperManager: openDefaultInfinityWallpaper color=black
07-10 20:09:43.224 16470 16470 I MultiDex: VM with version 2.1.0 has multidex support
07-10 20:09:43.224 16470 16470 I MultiDex: install
07-10 20:09:43.224 16470 16470 I MultiDex: VM has multidex support, MultiDex support library is disabled.
07-10 20:09:43.224 16403 16403 D WallpaperScrollUtils: WallpaperTiltSettingEnabled : false
07-10 20:09:43.225 16403 16426 D LauncherFeature: xml exist
07-10 20:09:43.225 16403 16426 D LauncherFeature: xml exist
07-10 20:09:43.229 16403 16403 D EmergencyMode: [EmergencyManager] android createPackageContext successful
07-10 20:09:43.231 16369 16369 I DecorView: createDecorCaptionView >> DecorView@c57810f[], isFloating: false, isApplication: true, hasWindowDecorCaption: false, hasWindowControllerCallback: false
07-10 20:09:43.236 16369 16369 D Dialog  : mIsSamsungBasicInteraction = true
07-10 20:09:43.236 16369 16369 D Dialog  : mIsSamsungBasicInteraction = true, isMetaDataInActivity = false
07-10 20:09:43.236  3377  3410 I SurfaceFlinger: getDisplayLogicalConfigs (w=1440, h=2960)
07-10 20:09:43.244 16357 16357 D NetworkSecurityConfig: Using Network Security Config from resource network_security_config debugBuild: false
07-10 20:09:43.245  3950  3966 E WindowManager: App trying to use insecure INPUT_FEATURE_NO_INPUT_CHANNEL flag.  Ignoring
07-10 20:09:43.246 16495 16495 D CocktailBarApplication: initManager
07-10 20:09:43.246  3950  3966 D InputTransport: Input channel constructed: fd=401
07-10 20:09:43.246  3950  3966 D InputTransport: Input channel constructed: fd=417
07-10 20:09:43.248  3377  3377 I SurfaceFlinger: id=62351 createSurf (5920x5920),2 flag=4, 428b246 com.sec.android.app.launcher/com.sec.android.app.launcher.activities.LauncherActivity#0
07-10 20:09:43.250  3950  3966 D InputTransport: Input channel destroyed: fd=417
07-10 20:09:43.250 16403 16403 D InputTransport: Input channel constructed: fd=77
07-10 20:09:43.251 16369 16369 D PanelListViewAdapter: maxMemory = 524288 cacheSize = 58254
07-10 20:09:43.251 16403 16403 D ViewRootImpl@6a8507d[LauncherActivity]: setView = DecorView@c57810f[LauncherActivity] TM=true MM=false
07-10 20:09:43.251 16403 16426 D FavoritesProvider: isEmptyDb = false
07-10 20:09:43.252 16495 16495 D CocktailBarApplication: initManager: need not initialize manager com.samsung.android.app.cocktailbarservice:edgelighting
07-10 20:09:43.252 16403 16426 D PackageUtils: checkChangedComponentExist PREF_KEY : checkChangedComponentVersion prevVersionName : 10.0.40.38
07-10 20:09:43.252 16403 16426 D PostPositionController: checkAndEnableProvider() - true
07-10 20:09:43.253 16369 16369 I DecorView: createDecorCaptionView >> DecorView@2d8bdcc[], isFloating: false, isApplication: true, hasWindowDecorCaption: false, hasWindowControllerCallback: false
07-10 20:09:43.253 16403 16426 W LauncherAppState: setApplicationContext called twice! old=com.android.launcher3.infra.activity.app.LauncherApplication@252097d new=com.android.launcher3.infra.activity.app.LauncherApplication@252097d
07-10 20:09:43.255 16357 16357 I ProviderInstaller: Installed default security provider GmsCore_OpenSSL
07-10 20:09:43.255 16357 16357 I Safeboot: Checking safeboot...
07-10 20:09:43.256 16369 16369 D TrayStateController: putInputRect mDynamicInputRegion=129624760@LastEvent=null,Rect=Rect(0, 0 - 0, 0)
07-10 20:09:43.257 16369 16369 I AbstractStubReflection: Load reflections
07-10 20:09:43.266  3950 14569 W CocktailBarStatePolicyController: updateWindowType: current window type is requested window type(1)
07-10 20:09:43.269 16403 16403 D OverviewCommandHelper: initOverviewTargets default home=ComponentInfo{com.sec.android.app.launcher/com.sec.android.app.launcher.activities.LauncherActivity}
07-10 20:09:43.269  3950 16547 D TspStateManagerInternal: update cmd=set_grip_data,0,0,0,0
07-10 20:09:43.269 16369 16369 D TrayStateController: setUiState 2 : 2 --> 2
07-10 20:09:43.269 16369 16369 D TrayStateController: updateDescriptionLayout invalid panelview
07-10 20:09:43.270 16369 16369 E CocktailBarContainerView: updateContainerVisibility: 0
07-10 20:09:43.272  3950 13002 D ConnectivityService: filterNetworkStateForUid() uid: 10040, pid: 16357
07-10 20:09:43.272  3950 13002 D ConnectivityService: isNetworkWithLinkPropertiesBlocked: uid=10040, vpn=DISCONNECTED,false
07-10 20:09:43.273  3950 13002 D ConnectivityService: filterNetworkStateForUid() uid: 10040, pid: 16357, networkInfo: [type: WIFI[], state: CONNECTED/CONNECTED, reason: (unspecified), extra: (none), failover: false, available: true, roaming: false]
07-10 20:09:43.277 16403 16426 D Launcher.Model: step 1: loading workspace
07-10 20:09:43.277 16403 16426 D Launcher.Model: loadAndBindWorkspace mWorkspaceLoaded=false
07-10 20:09:43.281 16495 16495 D SamsungAnalytics201007: [Validation] dma pkg:531401000
07-10 20:09:43.286 16495 16495 D SamsungAnalytics201007: cf feature is supported
07-10 20:09:43.287 16403 16403 D TouchInteractionService: Touch service connected
07-10 20:09:43.288 16403 16403 D Notification.Badge: NotificationListener()
07-10 20:09:43.289 12927 12927 D OverviewProxyService: onServiceConnected : mPluginConnected=false
07-10 20:09:43.289 16403 16403 D Launcher.Model: receive ACTION_STK_TITLE_IS_LOADED or ACTION_SIM_STATE_CHANGED
07-10 20:09:43.290 16403 16403 D Launcher.Model: stkTitleFromSIM : stkTitleFromSIM2 :  fixedStkTitle :  isFixedStkMenu : false
07-10 20:09:43.291 16403 16403 D RecentsModel: Update last load plan on main thread=1
07-10 20:09:43.292 16403 16403 D SystemUIHelper: changeStatusBarColor whiteBg = false
07-10 20:09:43.292 16403 16403 D SystemUIHelper: changeNavigationBarColor whiteBg = false FLAG : 0
07-10 20:09:43.292  3950  3950 W NotificationListeners: (O)onServiceConnected : ManagedServiceInfo[component=ComponentInfo{com.sec.android.app.launcher/com.android.launcher3.framework.device.notification.NotificationListener},userid=0,isSystem=false,targetSdkVersion=28,connection=<connection>,service=android.service.notification.INotificationListener$Stub$Proxy@713d915]
07-10 20:09:43.293 16403 16403 I Launcher: onAttachedToWindow
07-10 20:09:43.293 16403 16403 D HotwordClientUtils: setHotWordDetection : call requestHotWordDetection false
07-10 20:09:43.293 16403 16403 D WallpaperScrollUtils: set wallpaper offset to center
07-10 20:09:43.293 16403 16403 D WallpaperScrollUtils: resetWallpaperOffsets
07-10 20:09:43.295 12891 12891 D HidDeviceService: handleMessage(): msg.what=8
07-10 20:09:43.295 12891 12891 D HidDeviceService: unregisterAppUid(): uid=10010
07-10 20:09:43.295 12891 12891 D HidDeviceService: unregisterAppUid(): caller UID doesn't match user UID
07-10 20:09:43.296 12927 12927 D Navbar.SecNavigationBarView: updateIcons mIsThemeDefault : false, mIsThemeIconUse : false, isRTL : 0
07-10 20:09:43.296 12927 12927 D Navbar.ImmersiveControllerAdapter: onButtonStatusChanged - true,true,true
07-10 20:09:43.297 12927 12927 I Navbar.ImmersiveController: handleEvent - VISIBLE, FLOATING_BUTTON_VISIBILITY_CHANGED
07-10 20:09:43.297 12927 12927 D Navbar.SecNavigationBarView: updateNavButtonIcons showImeButton : false mShowRestartButton : false
07-10 20:09:43.297 12927 12927 V Navbar.NavBarSettingsHelper: *** register listener for com.android.systemui.statusbar.phone.interactor.-$$Lambda$GestureWhileHiddenSettingImpl$av6bXBLdatwRWZvtn8mz5Qcj__4@8776600
07-10 20:09:43.297 12927 12927 D Navbar.NavBarSettingsHelper: mListeners[content://settings/global/navigationbar_hide_bar_enabled] = [java.lang.ref.WeakReference@e0aade4, java.lang.ref.WeakReference@3cbd57c]...
07-10 20:09:43.297 12927 12927 D Navbar.NavBarSettingsHelper: mListeners[content://settings/global/navigationbar_use_theme_default] = [java.lang.ref.WeakReference@8096638]...
07-10 20:09:43.297 12927 12927 D Navbar.NavBarSettingsHelper: mListeners[content://settings/secure/car_mode_blocking_system_key] = [java.lang.ref.WeakReference@cb6c450]...
07-10 20:09:43.297 12927 12927 D Navbar.NavBarSettingsHelper: mListeners[content://settings/global/navigation_bar_gesture_disabled_by_policy] = [java.lang.ref.WeakReference@9675814]...
07-10 20:09:43.297 12927 12927 D Navbar.NavBarSettingsHelper: mListeners[content://settings/global/navigationbar_color] = [java.lang.ref.WeakReference@a8d258]...
07-10 20:09:43.297 12927 12927 D Navbar.NavBarSettingsHelper: mListeners[content://settings/global/navigation_bar_gesture_hint] = [java.lang.ref.WeakReference@ebecd68]...
07-10 20:09:43.297 12927 12927 D Navbar.NavBarSettingsHelper: mListeners[content://settings/system/any_screen_enabled] = [java.lang.ref.WeakReference@ee33eb2]...
07-10 20:09:43.297 12927 12927 D Navbar.NavBarSettingsHelper: mListeners[content://settings/global/navigationbar_hide_bar] = [java.lang.ref.WeakReference@6a4b376, java.lang.ref.WeakReference@78abb4e]...
