07-10 20:09:43.611 16470 16470 I earchbox:searc:   at void com.google.android.apps.gsa.nowoverlayservice.al.onCreate() (SourceFile:7)
07-10 20:09:43.611 16470 16470 I earchbox:searc:   at void com.google.android.apps.gsa.nowoverlayservice.DrawerOverlayService.onCreate() (SourceFile:1)
07-10 20:09:43.611 16470 16470 I earchbox:searc:   at void android.app.ActivityThread.handleCreateService(android.app.ActivityThread$CreateServiceData) (ActivityThread.java:3758)
07-10 20:09:43.611 16470 16470 I earchbox:searc:   at void android.app.ActivityThread.access$1400(android.app.ActivityThread, android.app.ActivityThread$CreateServiceData) (ActivityThread.java:238)
07-10 20:09:43.611 16470 16470 I earchbox:searc:   at void android.app.ActivityThread$H.handleMessage(android.os.Message) (ActivityThread.java:1803)
07-10 20:09:43.611 16470 16470 I earchbox:searc:   at void android.os.Handler.dispatchMessage(android.os.Message) (Handler.java:106)
07-10 20:09:43.611 16470 16470 I earchbox:searc:   at void android.os.Looper.loop() (Looper.java:214)
07-10 20:09:43.612 16470 16470 I earchbox:searc:   at void android.app.ActivityThread.main(java.lang.String[]) (ActivityThread.java:7073)
07-10 20:09:43.612 16470 16470 I earchbox:searc:   at java.lang.Object java.lang.reflect.Method.invoke(java.lang.Object, java.lang.Object[]) (Method.java:-2)
07-10 20:09:43.612 16470 16470 I earchbox:searc:   at void com.android.internal.os.RuntimeInit$MethodAndArgsCaller.run() (RuntimeInit.java:494)
07-10 20:09:43.612 16470 16470 I earchbox:searc:   at void com.android.internal.os.ZygoteInit.main(java.lang.String[]) (ZygoteInit.java:965)
07-10 20:09:43.612 16470 16470 I earchbox:searc: Caused by: java.lang.ClassNotFoundException: Didn't find class "android.app.AppOpsManager$OnOpNotedCallback" on path: DexPathList[[zip file "/system/framework/org.apache.http.legacy.boot.jar", zip file "/data/app/com.google.android.googlequicksearchbox-_m5XOD0cJvBA6reQOt4ogg==/base.apk"],nativeLibraryDirectories=[/data/app/com.google.android.googlequicksearchbox-_m5XOD0cJvBA6reQOt4ogg==/lib/arm64, /data/app/com.google.android.googlequicksearchbox-_m5XOD0cJvBA6reQOt4ogg==/base.apk!/lib/arm64-v8a, /system/lib64, /system/vendor/lib64]]
07-10 20:09:43.612  3377  3377 I SurfaceFlinger: id=62357 createSurf (5920x5920),2 flag=4, WindowToken{3159960 android.os.Binder@e284963}#0
07-10 20:09:43.612 16470 16470 I earchbox:searc:   at java.lang.Class dalvik.system.BaseDexClassLoader.findClass(java.lang.String) (BaseDexClassLoader.java:134)
07-10 20:09:43.612 16470 16470 I earchbox:searc:   at java.lang.Class java.lang.ClassLoader.loadClass(java.lang.String, boolean) (ClassLoader.java:379)
07-10 20:09:43.613 16470 16470 I earchbox:searc:   at java.lang.Class java.lang.ClassLoader.loadClass(java.lang.String) (ClassLoader.java:312)
07-10 20:09:43.613 16470 16470 I earchbox:searc:   at com.google.android.apps.gsa.search.core.i.h com.google.android.apps.gsa.binaries.velvet.app.auk.fL() (SourceFile:4)
07-10 20:09:43.613 16470 16470 I earchbox:searc:   at java.lang.Object com.google.android.apps.gsa.binaries.velvet.app.aqr.c() (SourceFile:155)
07-10 20:09:43.613 16470 16470 I earchbox:searc:   at java.lang.Object com.google.android.apps.gsa.binaries.velvet.app.aqr.a() (SourceFile:71)
07-10 20:09:43.613 16470 16470 I earchbox:searc:   at java.lang.Object dagger.a.e.a() (SourceFile:1)
07-10 20:09:43.613 16470 16470 I earchbox:searc:   at com.google.android.apps.gsa.search.core.i.i com.google.android.apps.gsa.binaries.velvet.app.auk.fO() (SourceFile:2)
07-10 20:09:43.613 16470 16470 I earchbox:searc:   at java.lang.Object com.google.android.apps.gsa.binaries.velvet.app.aqr.c() (SourceFile:157)
07-10 20:09:43.613 16470 16470 I earchbox:searc:   at java.lang.Object com.google.android.apps.gsa.binaries.velvet.app.aqr.a() (SourceFile:71)
07-10 20:09:43.613 16470 16470 I earchbox:searc:   at java.lang.Object dagger.a.e.a() (SourceFile:1)
07-10 20:09:43.613 16470 16470 I earchbox:searc:   at java.lang.Object dagger.a.d.a() (SourceFile:2)
07-10 20:09:43.613 16470 16470 I earchbox:searc:   at com.google.android.apps.gsa.search.core.aj.aa com.google.android.apps.gsa.binaries.velvet.app.auk.go() (SourceFile:1)
07-10 20:09:43.613 16470 16470 I earchbox:searc:   at java.lang.Object com.google.android.apps.gsa.binaries.velvet.app.aqr.c() (SourceFile:17)
07-10 20:09:43.613 16470 16470 I earchbox:searc:   at java.lang.Object com.google.android.apps.gsa.binaries.velvet.app.aqr.a() (SourceFile:71)
07-10 20:09:43.613 16470 16470 I earchbox:searc:   at java.lang.Object dagger.a.e.a() (SourceFile:1)
07-10 20:09:43.613 16470 16470 I earchbox:searc:   at java.lang.Object com.google.android.apps.gsa.binaries.velvet.app.aqr.c() (SourceFile:18)
07-10 20:09:43.613 16470 16470 I earchbox:searc:   at java.lang.Object com.google.android.apps.gsa.binaries.velvet.app.aqr.a() (SourceFile:71)
07-10 20:09:43.613 16470 16470 I earchbox:searc:   at java.lang.Object dagger.a.e.a() (SourceFile:1)
07-10 20:09:43.613 16470 16470 I earchbox:searc:   at java.lang.Object dagger.a.d.a() (SourceFile:2)
07-10 20:09:43.613 16470 16470 I earchbox:searc:   at java.lang.Object com.google.android.apps.gsa.binaries.velvet.app.ajz.a() (SourceFile:160)
07-10 20:09:43.613 16470 16470 I earchbox:searc:   at void com.google.android.apps.gsa.nowoverlayservice.al.onCreate() (SourceFile:7)
07-10 20:09:43.613 16470 16470 I earchbox:searc:   at void com.google.android.apps.gsa.nowoverlayservice.DrawerOverlayService.onCreate() (SourceFile:1)
07-10 20:09:43.613 16470 16470 I earchbox:searc:   at void android.app.ActivityThread.handleCreateService(android.app.ActivityThread$CreateServiceData) (ActivityThread.java:3758)
07-10 20:09:43.613 16470 16470 I earchbox:searc:   at void android.app.ActivityThread.access$1400(android.app.ActivityThread, android.app.ActivityThread$CreateServiceData) (ActivityThread.java:238)
07-10 20:09:43.613 16470 16470 I earchbox:searc:   at void android.app.ActivityThread$H.handleMessage(android.os.Message) (ActivityThread.java:1803)
07-10 20:09:43.613 16470 16470 I earchbox:searc:   at void android.os.Handler.dispatchMessage(android.os.Message) (Handler.java:106)
07-10 20:09:43.613 16470 16470 I earchbox:searc:   at void android.os.Looper.loop() (Looper.java:214)
07-10 20:09:43.613 16470 16470 I earchbox:searc:   at void android.app.ActivityThread.main(java.lang.String[]) (ActivityThread.java:7073)
07-10 20:09:43.613 16470 16470 I earchbox:searc:   at java.lang.Object java.lang.reflect.Method.invoke(java.lang.Object, java.lang.Object[]) (Method.java:-2)
07-10 20:09:43.613 16470 16470 I earchbox:searc:   at void com.android.internal.os.RuntimeInit$MethodAndArgsCaller.run() (RuntimeInit.java:494)
07-10 20:09:43.613 16470 16470 I earchbox:searc:   at void com.android.internal.os.ZygoteInit.main(java.lang.String[]) (ZygoteInit.java:965)
07-10 20:09:43.613 16470 16470 I earchbox:searc: 
07-10 20:09:43.614 16470 16470 I earchbox:searc: Rejecting re-init on previously-failed class java.lang.Class<com.google.android.libraries.search.n.a.b>: java.lang.NoClassDefFoundError: Failed resolution of: Landroid/app/AppOpsManager$OnOpNotedCallback;
07-10 20:09:43.614 16470 16470 I earchbox:searc:   at com.google.android.apps.gsa.search.core.i.h com.google.android.apps.gsa.binaries.velvet.app.auk.fL() (SourceFile:4)
07-10 20:09:43.614 16470 16470 I earchbox:searc:   at java.lang.Object com.google.android.apps.gsa.binaries.velvet.app.aqr.c() (SourceFile:155)
07-10 20:09:43.614 16470 16470 I earchbox:searc:   at java.lang.Object com.google.android.apps.gsa.binaries.velvet.app.aqr.a() (SourceFile:71)
07-10 20:09:43.614 16470 16470 I earchbox:searc:   at java.lang.Object dagger.a.e.a() (SourceFile:1)
07-10 20:09:43.614 16470 16470 I earchbox:searc:   at com.google.android.apps.gsa.search.core.i.i com.google.android.apps.gsa.binaries.velvet.app.auk.fO() (SourceFile:2)
07-10 20:09:43.614 16470 16470 I earchbox:searc:   at java.lang.Object com.google.android.apps.gsa.binaries.velvet.app.aqr.c() (SourceFile:157)
07-10 20:09:43.614 16470 16470 I earchbox:searc:   at java.lang.Object com.google.android.apps.gsa.binaries.velvet.app.aqr.a() (SourceFile:71)
07-10 20:09:43.614 16470 16470 I earchbox:searc:   at java.lang.Object dagger.a.e.a() (SourceFile:1)
07-10 20:09:43.614 16470 16470 I earchbox:searc:   at java.lang.Object dagger.a.d.a() (SourceFile:2)
07-10 20:09:43.614 16470 16470 I earchbox:searc:   at com.google.android.apps.gsa.search.core.aj.aa com.google.android.apps.gsa.binaries.velvet.app.auk.go() (SourceFile:1)
07-10 20:09:43.614 16470 16470 I earchbox:searc:   at java.lang.Object com.google.android.apps.gsa.binaries.velvet.app.aqr.c() (SourceFile:17)
07-10 20:09:43.614 16470 16470 I earchbox:searc:   at java.lang.Object com.google.android.apps.gsa.binaries.velvet.app.aqr.a() (SourceFile:71)
07-10 20:09:43.614 16470 16470 I earchbox:searc:   at java.lang.Object dagger.a.e.a() (SourceFile:1)
07-10 20:09:43.614 16470 16470 I earchbox:searc:   at java.lang.Object com.google.android.apps.gsa.binaries.velvet.app.aqr.c() (SourceFile:18)
07-10 20:09:43.614 16470 16470 I earchbox:searc:   at java.lang.Object com.google.android.apps.gsa.binaries.velvet.app.aqr.a() (SourceFile:71)
07-10 20:09:43.614 16470 16470 I earchbox:searc:   at java.lang.Object dagger.a.e.a() (SourceFile:1)
07-10 20:09:43.614 16470 16470 I earchbox:searc:   at java.lang.Object dagger.a.d.a() (SourceFile:2)
07-10 20:09:43.614 16470 16470 I earchbox:searc:   at java.lang.Object com.google.android.apps.gsa.binaries.velvet.app.ajz.a() (SourceFile:160)
07-10 20:09:43.614 16470 16470 I earchbox:searc:   at void com.google.android.apps.gsa.nowoverlayservice.al.onCreate() (SourceFile:7)
07-10 20:09:43.614 16470 16470 I earchbox:searc:   at void com.google.android.apps.gsa.nowoverlayservice.DrawerOverlayService.onCreate() (SourceFile:1)
07-10 20:09:43.614 16470 16470 I earchbox:searc:   at void android.app.ActivityThread.handleCreateService(android.app.ActivityThread$CreateServiceData) (ActivityThread.java:3758)
07-10 20:09:43.614 16470 16470 I earchbox:searc:   at void android.app.ActivityThread.access$1400(android.app.ActivityThread, android.app.ActivityThread$CreateServiceData) (ActivityThread.java:238)
07-10 20:09:43.614 16470 16470 I earchbox:searc:   at void android.app.ActivityThread$H.handleMessage(android.os.Message) (ActivityThread.java:1803)
07-10 20:09:43.614 16470 16470 I earchbox:searc:   at void android.os.Handler.dispatchMessage(android.os.Message) (Handler.java:106)
07-10 20:09:43.614 16470 16470 I earchbox:searc:   at void android.os.Looper.loop() (Looper.java:214)
07-10 20:09:43.614 16470 16470 I earchbox:searc:   at void android.app.ActivityThread.main(java.lang.String[]) (ActivityThread.java:7073)
07-10 20:09:43.614 16470 16470 I earchbox:searc:   at java.lang.Object java.lang.reflect.Method.invoke(java.lang.Object, java.lang.Object[]) (Method.java:-2)
07-10 20:09:43.614 16470 16470 I earchbox:searc:   at void com.android.internal.os.RuntimeInit$MethodAndArgsCaller.run() (RuntimeInit.java:494)
07-10 20:09:43.614 16470 16470 I earchbox:searc:   at void com.android.internal.os.ZygoteInit.main(java.lang.String[]) (ZygoteInit.java:965)
07-10 20:09:43.614 16470 16470 I earchbox:searc: Caused by: java.lang.ClassNotFoundException: Didn't find class "android.app.AppOpsManager$OnOpNotedCallback" on path: DexPathList[[zip file "/system/framework/org.apache.http.legacy.boot.jar", zip file "/data/app/com.google.android.googlequicksearchbox-_m5XOD0cJvBA6reQOt4ogg==/base.apk"],nativeLibraryDirectories=[/data/app/com.google.android.googlequicksearchbox-_m5XOD0cJvBA6reQOt4ogg==/lib/arm64, /data/app/com.google.android.googlequicksearchbox-_m5XOD0cJvBA6reQOt4ogg==/base.apk!/lib/arm64-v8a, /system/lib64, /system/vendor/lib64]]
07-10 20:09:43.614 16470 16470 I earchbox:searc:   at java.lang.Class dalvik.system.BaseDexClassLoader.findClass(java.lang.String) (BaseDexClassLoader.java:134)
07-10 20:09:43.614 16470 16470 I earchbox:searc:   at java.lang.Class java.lang.ClassLoader.loadClass(java.lang.String, boolean) (ClassLoader.java:379)
07-10 20:09:43.614 16470 16470 I earchbox:searc:   at java.lang.Class java.lang.ClassLoader.loadClass(java.lang.String) (ClassLoader.java:312)
07-10 20:09:43.614 16470 16470 I earchbox:searc:   at com.google.android.apps.gsa.search.core.i.h com.google.android.apps.gsa.binaries.velvet.app.auk.fL() (SourceFile:4)
07-10 20:09:43.614 16470 16470 I earchbox:searc:   at java.lang.Object com.google.android.apps.gsa.binaries.velvet.app.aqr.c() (SourceFile:155)
07-10 20:09:43.614 16470 16470 I earchbox:searc:   at java.lang.Object com.google.android.apps.gsa.binaries.velvet.app.aqr.a() (SourceFile:71)
07-10 20:09:43.614 16470 16470 I earchbox:searc:   at java.lang.Object dagger.a.e.a() (SourceFile:1)
07-10 20:09:43.614 16470 16470 I earchbox:searc:   at com.google.android.apps.gsa.search.core.i.i com.google.android.apps.gsa.binaries.velvet.app.auk.fO() (SourceFile:2)
07-10 20:09:43.614 16470 16470 I earchbox:searc:   at java.lang.Object com.google.android.apps.gsa.binaries.velvet.app.aqr.c() (SourceFile:157)
07-10 20:09:43.614 16470 16470 I earchbox:searc:   at java.lang.Object com.google.android.apps.gsa.binaries.velvet.app.aqr.a() (SourceFile:71)
07-10 20:09:43.614 16470 16470 I earchbox:searc:   at java.lang.Object dagger.a.e.a() (SourceFile:1)
07-10 20:09:43.614 16470 16470 I earchbox:searc:   at java.lang.Object dagger.a.d.a() (SourceFile:2)
07-10 20:09:43.614 16470 16470 I earchbox:searc:   at com.google.android.apps.gsa.search.core.aj.aa com.google.android.apps.gsa.binaries.velvet.app.auk.go() (SourceFile:1)
07-10 20:09:43.614 16470 16470 I earchbox:searc:   at java.lang.Object com.google.android.apps.gsa.binaries.velvet.app.aqr.c() (SourceFile:17)
07-10 20:09:43.614 16470 16470 I earchbox:searc:   at java.lang.Object com.google.android.apps.gsa.binaries.velvet.app.aqr.a() (SourceFile:71)
07-10 20:09:43.614 16470 16470 I earchbox:searc:   at java.lang.Object dagger.a.e.a() (SourceFile:1)
07-10 20:09:43.614 16470 16470 I earchbox:searc:   at java.lang.Object com.google.android.apps.gsa.binaries.velvet.app.aqr.c() (SourceFile:18)
07-10 20:09:43.614 16470 16470 I earchbox:searc:   at java.lang.Object com.google.android.apps.gsa.binaries.velvet.app.aqr.a() (SourceFile:71)
07-10 20:09:43.614 16470 16470 I earchbox:searc:   at java.lang.Object dagger.a.e.a() (SourceFile:1)
07-10 20:09:43.614 16470 16470 I earchbox:searc:   at java.lang.Object dagger.a.d.a() (SourceFile:2)
07-10 20:09:43.614 16470 16470 I earchbox:searc:   at java.lang.Object com.google.android.apps.gsa.binaries.velvet.app.ajz.a() (SourceFile:160)
07-10 20:09:43.614 16470 16470 I earchbox:searc:   at void com.google.android.apps.gsa.nowoverlayservice.al.onCreate() (SourceFile:7)
07-10 20:09:43.614 16470 16470 I earchbox:searc:   at void com.google.android.apps.gsa.nowoverlayservice.DrawerOverlayService.onCreate() (SourceFile:1)
07-10 20:09:43.614 16470 16470 I earchbox:searc:   at void android.app.ActivityThread.handleCreateService(android.app.ActivityThread$CreateServiceData) (ActivityThread.java:3758)
07-10 20:09:43.614 16470 16470 I earchbox:searc:   at void android.app.ActivityThread.access$1400(android.app.ActivityThread, android.app.ActivityThread$CreateServiceData) (ActivityThread.java:238)
07-10 20:09:43.614 16470 16470 I earchbox:searc:   at void android.app.ActivityThread$H.handleMessage(android.os.Message) (ActivityThread.java:1803)
07-10 20:09:43.614 16470 16470 I earchbox:searc:   at void android.os.Handler.dispatchMessage(android.os.Message) (Handler.java:106)
07-10 20:09:43.614 16470 16470 I earchbox:searc:   at void android.os.Looper.loop() (Looper.java:214)
07-10 20:09:43.614 16470 16470 I earchbox:searc:   at void android.app.ActivityThread.main(java.lang.String[]) (ActivityThread.java:7073)
07-10 20:09:43.614 16470 16470 I earchbox:searc:   at java.lang.Object java.lang.reflect.Method.invoke(java.lang.Object, java.lang.Object[]) (Method.java:-2)
07-10 20:09:43.614 16470 16470 I earchbox:searc:   at void com.android.internal.os.RuntimeInit$MethodAndArgsCaller.run() (RuntimeInit.java:494)
07-10 20:09:43.614 16470 16470 I earchbox:searc:   at void com.android.internal.os.ZygoteInit.main(java.lang.String[]) (ZygoteInit.java:965)
07-10 20:09:43.614 16470 16470 I earchbox:searc: 
07-10 20:09:43.615  3950  3966 D SecContentProvider2: query(), uri = 21 selection = isServiceAvailable
07-10 20:09:43.615 16403 16403 D DragLayer: DragLayer onMeasure, mIsNaviBarPositionChanged = false, mWillOrientationChange = false
07-10 20:09:43.615 16403 16403 D DragLayer: DragLayer dispatchDraw, mIsNaviBarPositionChanged = false, mWillOrientationChange = false
07-10 20:09:43.616 16403 16403 D WhiteBgManager: extractWallpaperColorCompleted 
07-10 20:09:43.616 16403 16403 I HomeContainer: onCompleteExtractWallpaperColor 
07-10 20:09:43.617  3377 13286 I SurfaceFlinger: id=62328 Removed WindowToken{ec20bc android.os.Binder@b8924af}#0 (0/46)
07-10 20:09:43.617 16559 16559 I CapsuleProvider_1.0.10: releasing initialize wait lock.
07-10 20:09:43.619  3950  3966 D EnterpriseLicenseService: isServiceAvailable
07-10 20:09:43.622 12891 12891 D HidDeviceService: handleMessage(): msg.what=8
07-10 20:09:43.623 12891 12891 D HidDeviceService: unregisterAppUid(): uid=10205
07-10 20:09:43.623 12891 12891 D HidDeviceService: unregisterAppUid(): caller UID doesn't match user UID
07-10 20:09:43.623 12891 12891 D HidDeviceService: handleMessage(): msg.what=8
07-10 20:09:43.624  3377  3377 I Layer   : id=62328 onRemoved WindowToken{ec20bc android.os.Binder@b8924af}#0 
07-10 20:09:43.628 16403 16426 D HomeUpdater: loaded workspace in 347ms
07-10 20:09:43.628 16403 16426 D HomeUpdater: workspace layout: 
07-10 20:09:43.628 16403 16426 D HomeUpdater: [ .###. ]
07-10 20:09:43.628 16403 16426 I chatty  : uid=10098(com.sec.android.app.launcher) identical 1 line
07-10 20:09:43.628 16403 16426 D HomeUpdater: [ .###. ]
07-10 20:09:43.628 16403 16426 D HomeUpdater: [ ..... ]
07-10 20:09:43.628 16403 16426 D HomeUpdater: [ ##### ]
07-10 20:09:43.628 16403 16426 D HomeUpdater: hotseat layout: 
07-10 20:09:43.628 16403 16426 D HomeUpdater: [ ###.. ]
07-10 20:09:43.633 16403 16403 D HotseatPresenter: HomeEvent update for Hotseat [0]
07-10 20:09:43.633 16403 16403 D WorkspacePresenter: HomeEvent update [0]
07-10 20:09:43.634 16403 16426 W HomeLoader: no shortcut itemType!
07-10 20:09:43.634 16403 16426 W HomeLoader: no shortcut itemType!
07-10 20:09:43.634  3950 13287 I AppWidgetServiceImpl: startListening callbacks : com.android.internal.appwidget.IAppWidgetHost$Stub$Proxy@7c0eaea
07-10 20:09:43.635 16403 16403 D HomePageManager: ZeroPageView is null to remove
07-10 20:09:43.641 16403 16403 D DragLayer: DragLayer onMeasure, mIsNaviBarPositionChanged = false, mWillOrientationChange = false
07-10 20:09:43.641 16403 16403 D HotseatPresenter: HomeEvent update for Hotseat [19]
07-10 20:09:43.641 16403 16403 D WorkspacePresenter: HomeEvent update [19]
07-10 20:09:43.642  3950 14569 D PackageManager: setEnabledSetting : userId = 0 packageName = com.samsung.android.app.spage cmp = com.samsung.android.app.spage.common.f.d newState = 1 callingPackage = 10015/com.samsung.android.app.spage
07-10 20:09:43.643 16369 16558 I ConfigStore: android::hardware::configstore::V1_0::ISurfaceFlingerConfigs::hasWideColorDisplay retrieved: 0
07-10 20:09:43.644 16673 16673 E Zygote  : isWhitelistProcess - Process is Whitelisted
07-10 20:09:43.645 16369 16558 I ConfigStore: android::hardware::configstore::V1_0::ISurfaceFlingerConfigs::hasHDRDisplay retrieved: 0
07-10 20:09:43.645 16369 16558 I OpenGLRenderer: Initialized EGL, version 1.4
07-10 20:09:43.646 16369 16558 D OpenGLRenderer: Swap behavior 2
07-10 20:09:43.646 16594 16690 D [DMS_UI]SALogging: init SALog
07-10 20:09:43.646 16673 16673 E Zygote  : accessInfo : 1
07-10 20:09:43.650 16594 16690 D SamsungAnalytics201005: [Validation] dma pkg:531401000
07-10 20:09:43.650  3377  3409 I SurfaceFlinger: getDisplayLogicalConfigs (w=1440, h=2960)
07-10 20:09:43.651  3950  3981 I ActivityManager: Start proc 16673:com.sec.android.inputmethod/u0a205 for service com.sec.android.inputmethod/.SamsungKeypad
07-10 20:09:43.653 16594 16690 D SamsungAnalytics201005: cf feature is supported
07-10 20:09:43.664 16629 16629 I id.app.appsedg: The ClassLoaderContext is a special shared library.
07-10 20:09:43.664 16369 16558 D mali_winsys: EGLint new_window_surface(egl_winsys_display *, void *, EGLSurface, EGLConfig, egl_winsys_surface **, EGLBoolean) returns 0x3000
07-10 20:09:43.664 16369 16558 D OpenGLRenderer: eglCreateWindowSurface = 0x7bfdd71e80, 0x7c10a91010
07-10 20:09:43.667 16495 16495 D TurnOverEdgeLighting: setEnable: true
07-10 20:09:43.668  3950 13287 V WindowManager: Relayout Window{9cb6f64 u0 com.samsung.android.app.cocktailbarservice/com.samsung.android.app.cocktailbarservice.CocktailBarService}: viewVisibility=0 req=67x571 {(0,414)(67x571) gr=TOP LEFT CENTER sim={adjust=nothing} layoutInDisplayCutoutMode=always ty=SEM_EDGE_OVERLAY fmt=TRANSPARENT
07-10 20:09:43.668  3950 13287 V WindowManager:   fl=NOT_FOCUSABLE TOUCHABLE_WHEN_WAKING LAYOUT_IN_SCREEN FULLSCREEN SPLIT_TOUCH HARDWARE_ACCELERATED
07-10 20:09:43.668  3950 13287 V WindowManager:   pfl=SHOW_FOR_ALL_USERS NO_MOVE_ANIMATION
07-10 20:09:43.668  3950 13287 V WindowManager:   vsysui=LIGHT_STATUS_BAR naviIconColor=0}
07-10 20:09:43.671  3950 13287 V WindowManager: Resize reasons for w=Window{9cb6f64 u0 com.samsung.android.app.cocktailbarservice/com.samsung.android.app.cocktailbarservice.CocktailBarService}:  contentInsetsChanged=true [0,0][0,0] visibleInsetsChanged=true [0,0][0,0] stableInsetsChanged=true [0,0][0,0] outsetsChanged=false [0,0][0,0] surfaceResized=false configChanged=false dragResizingChanged=false reportOrientationChanged=false displayCutoutChanged=false nextForceRelayoutToClient=false
07-10 20:09:43.671 16673 16673 E oid.inputmetho: Not starting debugger since process cannot load the jdwp agent.
07-10 20:09:43.674 16403 16403 D DragLayer: DragLayer onMeasure, mIsNaviBarPositionChanged = false, mWillOrientationChange = false
07-10 20:09:43.675 16403 16403 D HotseatPresenter: HomeEvent update for Hotseat [3]
07-10 20:09:43.675 16403 16403 D WorkspacePresenter: HomeEvent update [3]
07-10 20:09:43.675 16403 16403 D HotseatPresenter: HomeEvent update for Hotseat [14]
07-10 20:09:43.675 16403 16403 D WorkspacePresenter: HomeEvent update [14]
07-10 20:09:43.675 16403 16403 D HotseatPresenter: HomeEvent update for Hotseat [15]
07-10 20:09:43.675 16403 16403 D HotseatCellLayout: update hotseat layout 3 x 1 onSetGridSize width : 1440 padding : 51
07-10 20:09:43.675 16403 16403 I HomeFlexibleProfile: create hotseat icon case : 5 hotseat count : 3
07-10 20:09:43.679 16594 16690 D SamsungAnalytics201005: send setting
07-10 20:09:43.679 16594 16690 D SamsungAnalytics201005: newThread on Executor
07-10 20:09:43.682 16369 16369 D ViewRootImpl@57efa64[CocktailBarService]: Relayout returned: old=[1373,0][1440,2960] new=[0,414][67,985] result=0x23 surface={valid=true 532855459840} changed=false
07-10 20:09:43.682 16369 16369 D CocktailBarTriggerContainerView: onApplyWindowInsets bottom =0
07-10 20:09:43.685  3377  4336 E BufferQueueProducer: [com.samsung.android.app.cocktailbarservice/com.samsung.android.app.cocktailbarservice.CocktailBarService[16369]#0] disconnect: not connected (req=1)
07-10 20:09:43.685 16369 16558 W libEGL  : EGLNativeWindowType 0x7c10a91010 disconnect failed
07-10 20:09:43.685  3950 13287 D PackageManager: setEnabledSetting : userId = 0 packageName = com.google.android.googlequicksearchbox cmp = androidx.work.impl.background.systemjob.SystemJobService newState = 1 callingPackage = 10107/com.google.android.googlequicksearchbox
07-10 20:09:43.685 16369 16558 D OpenGLRenderer: eglDestroySurface = 0x7bfdd71e80, 0x7c10a91000
07-10 20:09:43.685 16559 16559 D PageOverlayService: onCreate()
07-10 20:09:43.688 16369 16558 D mali_winsys: EGLint new_window_surface(egl_winsys_display *, void *, EGLSurface, EGLConfig, egl_winsys_surface **, EGLBoolean) returns 0x3000
07-10 20:09:43.688 16369 16558 D OpenGLRenderer: eglCreateWindowSurface = 0x7bfdd71e80, 0x7c10a91010
07-10 20:09:43.690 12878 12902 E Telephony: PhoneInterfaceManager: [PhoneIntfMgr] getCarrierPrivilegeStatus: No UICC
07-10 20:09:43.692  3950 14576 D StorageManagerService: getExternalStorageMountMode : 3
07-10 20:09:43.693  3950 14576 D StorageManagerService: getExternalStorageMountMode : 3
07-10 20:09:43.693  3950 14576 D StorageManagerService: getExternalStorageMountMode : final mountMode=3, uid : 10040, packageName : com.google.android.gms
07-10 20:09:43.693  3950 14576 I ApplicationPolicy: isApplicationExternalStorageWhitelisted:com.google.android.gms user:0
07-10 20:09:43.693  3950 14576 D ApplicationPolicy: isApplicationExternalStorageWhitelisted: DO is not enabled on user 0. Allowed.
07-10 20:09:43.693  3950 14576 D ActivityManager: package  com.google.android.gms, user - 0 is SDcard whitelisted
07-10 20:09:43.693  3950 14576 I ApplicationPolicy: isApplicationExternalStorageBlacklisted:com.google.android.gms user:0
07-10 20:09:43.694  3950 14576 D ApplicationPolicy: isApplicationExternalStorageBlacklisted: DO is not enabled on user 0. Allowed.
07-10 20:09:43.694  3950 14576 I ApplicationPolicy: isApplicationExternalStorageBlacklisted:com.google.android.gms user:0
07-10 20:09:43.694  3950 14576 D ApplicationPolicy: isApplicationExternalStorageBlacklisted: DO is not enabled on user 0. Allowed.
07-10 20:09:43.696 16470 16470 I Search.LoginHelperImpl: Getting accounts.
07-10 20:09:43.704 16369 16558 D vndksupport: Loading /vendor/lib64/hw/android.hardware.graphics.mapper@2.0-impl.so from current namespace instead of sphal namespace.
07-10 20:09:43.705 16495 16495 D EdgeLightingScreenStatus: reset
07-10 20:09:43.712  3950 13287 D WindowManager: finishDrawingWindow: Window{9cb6f64 u0 com.samsung.android.app.cocktailbarservice/com.samsung.android.app.cocktailbarservice.CocktailBarService} mDrawState=DRAW_PENDING
07-10 20:09:43.713 16369 16369 D ViewRootImpl@57efa64[CocktailBarService]: MSG_RESIZED_REPORT: frame=Rect(0, 414 - 67, 985) ci=Rect(0, 0 - 0, 0) vi=Rect(0, 0 - 0, 0) or=1
07-10 20:09:43.713  3950  4099 I WindowManager: commitFinishDrawingLocked: mDrawState=READY_TO_SHOW Surface(name=com.samsung.android.app.cocktailbarservice/com.samsung.android.app.cocktailbarservice.CocktailBarService[16369])/@0xfb381db
07-10 20:09:43.713  3950  4099 V WindowManager: performShowLocked: mDrawState=HAS_DRAWN in Window{9cb6f64 u0 com.samsung.android.app.cocktailbarservice/com.samsung.android.app.cocktailbarservice.CocktailBarService}
07-10 20:09:43.714 16403 16403 D IconView: try not to refreshBadge : mIconView=android.widget.ImageView{e7d6c69 V.ED..... ......I. 0,0-0,0 #7f1200a6 app:id/iconview_imageView}, getTag()=IconInfo(title=Messages intent=Intent { act=android.intent.action.MAIN cat=[android.intent.category.LAUNCHER] flg=0x10200000 cmp=com.samsung.android.messaging/com.android.mms.ui.ConversationComposer (has extras) } id=5 type=0 container=-101 screen=0 cellX=0 cellY=0 spanX=1 spanY=1 rank=0 hidden=0 dropPos=null user=UserHandle{0} screenType=0)
07-10 20:09:43.714 16403 16403 D HotseatItemImpl: addViewInScreen info : IconInfo(title=Messages intent=Intent { act=android.intent.action.MAIN cat=[android.intent.category.LAUNCHER] flg=0x10200000 cmp=com.samsung.android.messaging/com.android.mms.ui.ConversationComposer (has extras) } id=5 type=0 container=-101 screen=0 cellX=0 cellY=0 spanX=1 spanY=1 rank=0 hidden=0 dropPos=null user=UserHandle{0} screenType=0) layout : com.android.launcher3.home.view.base.HotseatCellLayout{4a556ee V.ED..... ......I. 0,0-0,0 #7f12014a app:id/layout}
07-10 20:09:43.715 16470 16470 W OverlaySController: Calling with an invalid UID, the interface will not work
07-10 20:09:43.715 16403 16403 D MainStage: checkIfConfigIsDifferentFromActivity - com.android.launcher3.infra.stage.AppsStage@4938c3c false
07-10 20:09:43.716 16369 16369 D TrayStateTrigger: showTriggerView
07-10 20:09:43.717 16594 16690 D SamsungAnalytics201005: [Tracker] Tracker start:2.01.005DLC
07-10 20:09:43.720 16629 16629 D SamsungAnalytics201005: [Validation] dma pkg:531401000
07-10 20:09:43.721 16403 16403 D IconView: try not to refreshBadge : mIconView=android.widget.ImageView{93ea1c V.ED..... ......I. 0,0-0,0 #7f1200a6 app:id/iconview_imageView}, getTag()=IconInfo(title=Play Store intent=Intent { act=android.intent.action.MAIN cat=[android.intent.category.LAUNCHER] flg=0x10200000 cmp=com.android.vending/.AssetBrowserActivity (has extras) } id=7 type=0 container=-101 screen=1 cellX=1 cellY=0 spanX=1 spanY=1 rank=0 hidden=0 dropPos=null user=UserHandle{0} screenType=0)
07-10 20:09:43.721 16403 16403 D HotseatItemImpl: addViewInScreen info : IconInfo(title=Play Store intent=Intent { act=android.intent.action.MAIN cat=[android.intent.category.LAUNCHER] flg=0x10200000 cmp=com.android.vending/.AssetBrowserActivity (has extras) } id=7 type=0 container=-101 screen=1 cellX=1 cellY=0 spanX=1 spanY=1 rank=0 hidden=0 dropPos=null user=UserHandle{0} screenType=0) layout : com.android.launcher3.home.view.base.HotseatCellLayout{4a556ee V.ED..... ......I. 0,0-0,0 #7f12014a app:id/layout}
07-10 20:09:43.721 16403 16403 D MainStage: checkIfConfigIsDifferentFromActivity - com.android.launcher3.infra.stage.AppsStage@4938c3c false
07-10 20:09:43.722 16629 16629 D SamsungAnalytics201005: cf feature is supported
07-10 20:09:43.726 16403 16403 D IconView: try not to refreshBadge : mIconView=android.widget.ImageView{913f3fa V.ED..... ......I. 0,0-0,0 #7f1200a6 app:id/iconview_imageView}, getTag()=IconInfo(title=Camera intent=Intent { act=android.intent.action.MAIN cat=[android.intent.category.LAUNCHER] flg=0x10200000 cmp=com.sec.android.app.camera/.Camera (has extras) } id=8 type=0 container=-101 screen=2 cellX=2 cellY=0 spanX=1 spanY=1 rank=0 hidden=0 dropPos=null user=UserHandle{0} screenType=0)
07-10 20:09:43.727 16403 16403 D HotseatItemImpl: addViewInScreen info : IconInfo(title=Camera intent=Intent { act=android.intent.action.MAIN cat=[android.intent.category.LAUNCHER] flg=0x10200000 cmp=com.sec.android.app.camera/.Camera (has extras) } id=8 type=0 container=-101 screen=2 cellX=2 cellY=0 spanX=1 spanY=1 rank=0 hidden=0 dropPos=null user=UserHandle{0} screenType=0) layout : com.android.launcher3.home.view.base.HotseatCellLayout{4a556ee V.ED..... ......I. 0,0-0,0 #7f12014a app:id/layout}
07-10 20:09:43.727 16403 16403 D MainStage: checkIfConfigIsDifferentFromActivity - com.android.launcher3.infra.stage.AppsStage@4938c3c false
07-10 20:09:43.727 16403 16403 D Launcher.Hotseat: Complete bindItems : 3
07-10 20:09:43.727 16403 16403 D WorkspacePresenter: HomeEvent update [15]
07-10 20:09:43.727 16403 16403 D HotseatPresenter: HomeEvent update for Hotseat [4]
07-10 20:09:43.727 16403 16403 D WorkspacePresenter: HomeEvent update [4]
07-10 20:09:43.728 16403 16403 D HotseatPresenter: HomeEvent update for Hotseat [16]
07-10 20:09:43.729 16403 16403 D WorkspacePresenter: HomeEvent update [16]
07-10 20:09:43.731 16403 16403 W AppWidgetProviderInfo: ignore calculate spans because size not changed
07-10 20:09:43.731 16403 16403 W AppWidgetProviderInfo: ignore calculate spans because size not changed
07-10 20:09:43.735 16629 16629 D SamsungAnalytics201005: do not send setting < 7days
07-10 20:09:43.735 16559 16672 I SemDesktopModeManager: registerListener: com.samsung.android.app.spage.main.c.d@c05a940
07-10 20:09:43.736 16495 16495 D ScoverManager: serviceVersion : 17498112
07-10 20:09:43.736 16629 16629 D SamsungAnalytics201005: [Tracker] Tracker start:2.01.005DLC
07-10 20:09:43.737  3377  3377 I SurfaceFlinger: Display 0 HWC layers:
07-10 20:09:43.737  3377  3377 I SurfaceFlinger:     type    |    handle    | flag |  format   |   source crop (l,t,r,b)    |         frame       | name 
07-10 20:09:43.737  3377  3377 I SurfaceFlinger: ------------+--------------+------+-----------+----------------------------+---------------------+------
07-10 20:09:43.737  3377  3377 I SurfaceFlinger:      Client | 0x7504c6e0a0 | 0002 | RGBx_8888 |   0.0    0.0 1440.0 2960.0 |    0    0 1440 2960 | com.android.systemui.infinity.InfinityWallpaperBlack[13034]#0
07-10 20:09:43.737  3377  3377 I SurfaceFlinger:      Client | 0x7504c724e0 | 0000 | RGBA_8888 |   0.0    0.0 1440.0 2960.0 |    0    0 1440 2960 | com.sec.android.app.launcher/com.sec[...]ies.LauncherActivity[16403]#0 (Blur)
07-10 20:09:43.737  3377  3377 I SurfaceFlinger:      Device | 0x7504c73660 | 0000 | RGBA_8888 |   0.0    0.0 1440.0 2960.0 |    0    0 1440 2960 | Splash Screen com.sec.android.app.launcher[0]#0
07-10 20:09:43.737  3377  3377 I SurfaceFlinger:      Device | 0x7504c71b40 | 0000 | RGBA_8888 |   0.0    0.0 1440.0   84.0 |    0    0 1440   84 | StatusBar[12927]#0
07-10 20:09:43.737  3377  3377 I SurfaceFlinger:      Device | 0x7504c6ec00 | 0000 | RGBA_8888 |   0.0    0.0   67.0  571.0 |    0  414   67  985 | com.samsung.android.app.cocktailbars[...]rservice.CocktailBarService[16369]#0
07-10 20:09:43.737  3377  3377 I SurfaceFlinger:      Device
07-10 20:09:43.737  3377  3377 I SurfaceFlinger:  | 0x7504c6e260 | 0000 | RGBA_8888 |   0.0    0.0 1440.0  168.0 |    0 2792 1440 2960 | NavigationBar[12927]#0
07-10 20:09:43.737  3377  3377 I SurfaceFlinger: 
07-10 20:09:43.737 16629 16629 D SamsungAnalytics201005: newThread on Executor
07-10 20:09:43.740 16503 16503 I PeopleStripeService: onDestroy
07-10 20:09:43.740 12927 12927 D SecStatusBarWifiView: updateState: WifiIconState(resId=2131232624, visible=true, activityId=2131232649)
07-10 20:09:43.740 16503 16503 I Feature : panel UI people,task,circle,panel,-edgefeeds,edgelighting_v2,debug,cornerR:3.5,search
07-10 20:09:43.742 16559 16672 D DexModeMonitor: initial dex mode : SemDesktopModeState(DISABLED, STATE_UNDEFINED, DISPLAY_TYPE_NONE)
07-10 20:09:43.742  3950  4099 I WindowManager: reset, Reparenting to original parent, shouldDeferScheduleAnimation=false, destroyLeash=true, surface=Surface(name=a3c4d6 Splash Screen com.sec.android.app.launcher)/@0x55f35c, parent=Surface(name=AppWindowToken{655908e token=Token{28a0889 ActivityRecord{bc3c790 u0 com.sec.android.app.launcher/.activities.LauncherActivity t2}}})/@0x36d3797, parentNativeHandle=android.os.BinderProxy@e903cf9, caller=com.android.server.wm.SurfaceAnimator.lambda$getFinishedCallback$0:94 com.android.server.wm.-$$Lambda$SurfaceAnimator$SIBia0mND666K8lMCPsoid8pUTI.run:4 com.android.server.wm.SurfaceAnimator.lambda$getFinishedCallback$1:101 com.android.server.wm.-$$Lambda$SurfaceAnimator$vdRZk66hQVbQCvVXEaQCT1kVmFc.onAnimationFinished:4 com.android.server.wm.LocalAnimationAdapter.lambda$startAnimation$0:65 
07-10 20:09:43.742  3950  4099 D SurfaceControl: reparent is called, sc=Surface(name=a3c4d6 Splash Screen com.sec.android.app.launcher)/@0x55f35c, newParentHandle=android.os.BinderProxy@e903cf9, transaction=android.view.SurfaceControl$Transaction@f7373e1
07-10 20:09:43.742  3950  4099 D SurfaceControl: destroy(transaction), animation-leash is destroyed, sc=Surface(name=Surface(name=a3c4d6 Splash Screen com.sec.android.app.launcher)/@0x55f35c - animation-leash)/@0x27d1506, transaction=android.view.SurfaceControl$Transaction@f7373e1, caller=com.android.server.wm.SurfaceAnimator.reset:335 com.android.server.wm.SurfaceAnimator.lambda$getFinishedCallback$0:94 com.android.server.wm.-$$Lambda$SurfaceAnimator$SIBia0mND666K8lMCPsoid8pUTI.run:4 com.android.server.wm.SurfaceAnimator.lambda$getFinishedCallback$1:101 com.android.server.wm.-$$Lambda$SurfaceAnimator$vdRZk66hQVbQCvVXEaQCT1kVmFc.onAnimationFinished:4 com.android.server.wm.LocalAnimationAdapter.lambda$startAnimation$0:65 com.android.server.wm.-$$Lambda$LocalAnimationAdapter$X--EomqUvw4qy89IeeTFTH7aCMo.run:4 
07-10 20:09:43.736 16495 16495 D ScoverManager: registerListener
07-10 20:09:43.745  3950  4099 E WindowManager: win=Window{a3c4d6 u0 Splash Screen com.sec.android.app.launcher EXITING} destroySurfaces: appStopped=false win.mWindowRemovalAllowed=true win.mRemoveOnExit=true win.mViewVisibility=0 caller=com.android.server.wm.AppWindowToken.destroySurfaces:871 com.android.server.wm.AppWindowToken.destroySurfaces:852 com.android.server.wm.WindowState.onExitAnimationDone:5443 com.android.server.wm.WindowStateAnimator.onAnimationFinished:319 com.android.server.wm.WindowState.onAnimationFinished:5865 com.android.server.wm.-$$Lambda$yVRF8YoeNdTa8GR1wDStVsHu8xM.run:2 com.android.server.wm.SurfaceAnimator.lambda$getFinishedCallback$0:97 
07-10 20:09:43.745  3950  4099 I WindowManager: Destroying surface Surface(name=Splash Screen com.sec.android.app.launcher[0])/@0xf383357 called by com.android.server.wm.WindowStateAnimator.destroySurface:1880 com.android.server.wm.WindowStateAnimator.destroySurfaceLocked:838 com.android.server.wm.WindowState.destroySurfaceUnchecked:3847 com.android.server.wm.WindowState.destroySurface:3828 com.android.server.wm.AppWindowToken.destroySurfaces:871 com.android.server.wm.AppWindowToken.destroySurfaces:852 com.android.server.wm.WindowState.onExitAnimationDone:5443 com.android.server.wm.WindowStateAnimator.onAnimationFinished:319 
07-10 20:09:43.746  3377  3691 I SurfaceFlinger: id=62349 Removed Splash Screen com.sec.android.app.launcher[0]#0 (0/45)
07-10 20:09:43.746 13034 13055 D WallpaperService: dispatchAppVisibility onVisibilityChanged(): false
07-10 20:09:43.746  3950  4099 D WindowManager: clearSavedLeashOnCommit, savedLeash=Surface(name=Surface(name=a3c4d6 Splash Screen com.sec.android.app.launcher)/@0x55f35c - animation-leash)/@0x27d1506, caller=com.android.server.wm.WindowContainer.removeImmediately:337 com.android.server.wm.WindowState.removeImmediately:2663 com.android.server.wm.WindowState.destroySurface:3831 com.android.server.wm.AppWindowToken.destroySurfaces:871 com.android.server.wm.AppWindowToken.destroySurfaces:852 com.android.server.wm.WindowState.onExitAnimationDone:5443 
07-10 20:09:43.746 16629 16724 D AppsEdge.Service: restoreItem
07-10 20:09:43.746 16629 16724 I AppsEdge.Data: getSelectedItems
07-10 20:09:43.747 13034 13055 D WallpaperService: dispatchAppVisibility onVisibilityChanged(): true
07-10 20:09:43.748 16721 16721 E Zygote  : isWhitelistProcess - Process is Whitelisted
07-10 20:09:43.749  3950  3981 I ActivityManager: Start proc 16721:com.google.android.gms/u0a40 for service com.google.android.gms/.chimera.GmsBoundBrokerService
07-10 20:09:43.749 16721 16721 E Zygote  : accessInfo : 1
07-10 20:09:43.750  3377  3691 D Layer   : [a3c4d6 Splash Screen com.sec.android.app.launcher#0]::reparent oldParent:[Surface(name=a3c4d6 Splash Screen com.sec.android.app.launcher)/@0x55f35c - animation-leash#0], newParent:[AppWindowToken{655908e token=Token{28a0889 ActivityRecord{bc3c790 u0 com.sec.android.app.launcher/.activities.LauncherActivity t2}}}#0]
07-10 20:09:43.750  3377  3691 W SurfaceFlinger: Attempting to set client state on removed layer: Splash Screen com.sec.android.app.launcher[0]#0 [s.what : 40]
07-10 20:09:43.750  3377  3691 I SurfaceFlinger: id=62356 Removed Surface(name=a3c4d6 Splash Screen com.sec.android.app.launcher)/@0x55f35c - animation-leash#0 (2/44)
07-10 20:09:43.750  3377  3691 I SurfaceFlinger: id=62348 Removed a3c4d6 Splash Screen com.sec.android.app.launcher#0 (1/43)
07-10 20:09:43.750  3377  3691 W SurfaceFlinger: Attempting to destroy on removed layer: Splash Screen com.sec.android.app.launcher[0]#0
07-10 20:09:43.750  3377 13286 E BufferQueueProducer: [com.android.systemui.infinity.InfinityWallpaperBlack[13034]#0] disconnect: not connected (req=1)
07-10 20:09:43.750 13034 13478 W libEGL  : EGLNativeWindowType 0x7c188f2010 disconnect failed
07-10 20:09:43.750 13034 13034 D GalaxyWallpaper: onVisibilityChanged = false, mCurrentMode = HOME
07-10 20:09:43.750 13034 13034 D GyroRender: pauseSensing() sensor listening = true, screen off = false
07-10 20:09:43.751  3950 14561 D SensorService: Calling activate off 5
07-10 20:09:43.752  3950 13002 D WindowManager: finishDrawingWindow: Window{9cb6f64 u0 com.samsung.android.app.cocktailbarservice/com.samsung.android.app.cocktailbarservice.CocktailBarService} mDrawState=HAS_DRAWN
07-10 20:09:43.752  3360  4106 I Sensors : InterruptGyroSensor old sensor_state 33554944, new sensor_state : 512 en : 0
07-10 20:09:43.755  3950 13002 I ActivityManager: DSS on for com.sec.android.inputmethod and scale is 1.0
07-10 20:09:43.756 13034 13034 D SensorManager: unregisterListener ::   
07-10 20:09:43.756 13034 13034 D GyroRender: unregisterListener
07-10 20:09:43.757  3377  3377 I Layer   : id=62356 onRemoved Surface(name=a3c4d6 Splash Screen com.sec.android.app.launcher)/@0x55f35c - animation-leash#0 
07-10 20:09:43.757  3377  3377 I Layer   : id=62348 onRemoved a3c4d6 Splash Screen com.sec.android.app.launcher#0 
07-10 20:09:43.757  3377  3377 I Layer   : id=62349 onRemoved Splash Screen com.sec.android.app.launcher[0]#0 
07-10 20:09:43.758 13034 13034 D WallpaperService: reportVisibility onVisibilityChanged visible: false
07-10 20:09:43.761 16503 16503 W System.err: com.samsung.android.tsp.SemTspStateManager No method java.lang.NoSuchMethodException: com.samsung.android.tsp.SemTspStateManager.setDeadzoneHole [class android.content.Context, class android.os.Bundle]
07-10 20:09:43.762 16503 16503 D com.samsung.android.tsp.SemTspStateManager: Cannot invoke there's no method reflection : setDeadzoneHole
07-10 20:09:43.767  3377  3377 I SurfaceFlinger: Display 0 HWC layers:
07-10 20:09:43.767  3377  3377 I SurfaceFlinger:     type    |    handle    | flag |  format   |   source crop (l,t,r,b)    |         frame       | name 
07-10 20:09:43.767  3377  3377 I SurfaceFlinger: ------------+--------------+------+-----------+----------------------------+---------------------+------
07-10 20:09:43.767  3377  3377 I SurfaceFlinger:      Client | 0x7504c6e0a0 | 0002 | RGBx_8888 |   0.0    0.0 1440.0 2960.0 |    0    0 1440 2960 | com.android.systemui.infinity.InfinityWallpaperBlack[13034]#0
07-10 20:09:43.767  3377  3377 I SurfaceFlinger:      Client | 0x7504c724e0 | 0000 | RGBA_8888 |   0.0    0.0 1440.0 2960.0 |    0    0 1440 2960 | com.sec.android.app.launcher/com.sec[...]ies.LauncherActivity[16403]#0 (Blur)
07-10 20:09:43.767  3377  3377 I SurfaceFlinger:      Device | 0x7504c71b40 | 0000 | RGBA_8888 |   0.0    0.0 1440.0   84.0 |    0    0 1440   84 | StatusBar[12927]#0
07-10 20:09:43.767  3377  3377 I SurfaceFlinger:      Device | 0x7504c734a0 | 0000 | RGBA_8888 |   0.0    0.0   67.0  571.0 |    0  414   67  985 | com.samsung.android.app.cocktailbars[...]rservice.CocktailBarService[16369]#0
07-10 20:09:43.767  3377  3377 I SurfaceFlinger:      Device | 0x7504c6e260 | 0000 | RGBA_8888 |   0.0    0.0 1440.0  168.0 |    0 2792 1440 2960 | NavigationBar[12927]#0
07-10 20:09:43.767  3377  3377 I SurfaceFlinger: 
07-10 20:09:43.764 16503 16503 I SemUiSupportService: onDestroy() : com.samsung.android.service.peoplestripe.PeopleStripeService@b6e1f4b
07-10 20:09:43.768  3950  3966 D EdgeLightingClientManager: bind : pkg = com.samsung.android.app.cocktailbarservice, condition = 3, mHosts = 0
07-10 20:09:43.769 16523 16538 I AccessController: isEnabledPackage - com.samsung.android.app.spage is enalbed false
07-10 20:09:43.770 16629 16724 I AppsEdge.Data: count=6
07-10 20:09:43.770 16629 16724 I AppsEdge.Data: type=2 pos=5 id=1
07-10 20:09:43.772 13034 13034 D WallpaperService: updateSurface forceRelayout=false forceReport=false redrawNeeded=false myWidth=-1 myHeight=-1 fixedSize=false x = 0 y = 0 mWidth=-1 mHeight=-1 mIsSleepMode=false
07-10 20:09:43.774 13034 13034 D GalaxyWallpaper: onVisibilityChanged = true, mCurrentMode = HOME
07-10 20:09:43.774 13034 13034 D GyroRender: beginSensing()  currentMode = HOME , sensor listening = false, screen off = false
07-10 20:09:43.776 16559 16559 D PageOverlayCoordinator: onUiCreated
07-10 20:09:43.777  3950  3965 I SensorService: createSensorEventConnection package name com.android.systemui.infinity.GalaxyRenderer
07-10 20:09:43.779 13034 13478 D mali_winsys: EGLint new_window_surface(egl_winsys_display *, void *, EGLSurface, EGLConfig, egl_winsys_surface **, EGLBoolean) returns 0x3000
07-10 20:09:43.779 13034 13478 D GalaxyWallpaper: onSurfaceChanged()
07-10 20:09:43.780 16495 16495 D ELPolicyUpdateService: startActionUpdate
07-10 20:09:43.780  3950  3965 D SensorService: Calling batch handle==5 flags=0 rate=20000000 timeout== 0
07-10 20:09:43.780  3360  4106 I nanohub : mergeDirectReportRequest - activate = 0 normal.rate = 20000000
07-10 20:09:43.780  3360  4106 I Sensors : batch(16) - interrupt_gyro_sensor try to batching with 20000000
07-10 20:09:43.782  3360  4106 I Sensors : InterruptGyroSensor old sensor_state 512, new sensor_state : 33554944 en : 1
07-10 20:09:43.784 16721 16721 E gle.android.gm: Not starting debugger since process cannot load the jdwp agent.
07-10 20:09:43.786  3375  3457 V APM_AudioPolicyManager: AudioPolicyManager:setRecordSilenced(uid:10205, silenced:0)
07-10 20:09:43.787 13034 13034 D SensorManager: registerListener :: 5, Interrupt Gyroscope Sensor, 66667, 0,  
07-10 20:09:43.787 13034 13034 D WallpaperService: reportVisibility onVisibilityChanged visible: true
07-10 20:09:43.788 16495 16495 I ELPolicyManager:  update Policy : 1
07-10 20:09:43.789 12891 12891 D HidDeviceService: handleMessage(): msg.what=8
07-10 20:09:43.793 16629 16724 D FolderItem: FolderItem
07-10 20:09:43.799 16403 16403 W AppWidgetProviderInfo: ignore calculate spans because size not changed
07-10 20:09:43.799 16403 16403 W AppWidgetProviderInfo: ignore calculate spans because size not changed
07-10 20:09:43.801 16403 16403 D LauncherWidgetHostView: updateAppWidgetSize, id: 2 from 0,0 to 3,3 init : true
07-10 20:09:43.802 16403 16403 D LauncherWidgetHostView: onAttachedToWindow : 295275b 0,0-0,0
07-10 20:09:43.804 16495 16495 I EdgeLightingService: onDestroy: 
07-10 20:09:43.805 16470 16740 I EventBusThread: Event Bus thread starting with TID 16740
07-10 20:09:43.806 16495 16744 D ELPolicyManager: updateEdgeLightingServerPolicy : isSCPMClientExist = true
07-10 20:09:43.816 16403 16403 D MainStage: checkIfConfigIsDifferentFromActivity - com.android.launcher3.infra.stage.AppsStage@4938c3c false
07-10 20:09:43.817 16403 16403 D HotseatPresenter: HomeEvent update for Hotseat [16]
07-10 20:09:43.817 16403 16403 D WorkspacePresenter: HomeEvent update [16]
07-10 20:09:43.817  3950  3966 D StorageManagerService: getExternalStorageMountMode : 1
07-10 20:09:43.817  3950  3966 D StorageManagerService: getExternalStorageMountMode : 3
07-10 20:09:43.817  3950  3966 D StorageManagerService: getExternalStorageMountMode : final mountMode=1, uid : 10175, packageName : com.samsung.android.sm.policy
07-10 20:09:43.817  3950  3966 I ApplicationPolicy: isApplicationExternalStorageWhitelisted:com.samsung.android.sm.policy user:0
07-10 20:09:43.817  3950  3966 D ApplicationPolicy: isApplicationExternalStorageWhitelisted: DO is not enabled on user 0. Allowed.
07-10 20:09:43.817  3950  3966 D ActivityManager: package  com.samsung.android.sm.policy, user - 0 is SDcard whitelisted
07-10 20:09:43.817  3950  3966 I ApplicationPolicy: isApplicationExternalStorageBlacklisted:com.samsung.android.sm.policy user:0
07-10 20:09:43.817  3950  3966 D ApplicationPolicy: isApplicationExternalStorageBlacklisted: DO is not enabled on user 0. Allowed.
07-10 20:09:43.817  3950  3966 I ApplicationPolicy: isApplicationExternalStorageBlacklisted:com.samsung.android.sm.policy user:0
07-10 20:09:43.818  3950  3966 D ApplicationPolicy: isApplicationExternalStorageBlacklisted: DO is not enabled on user 0. Allowed.
07-10 20:09:43.818  3950 13002 I ActivityManager: DSS on for com.google.android.gms and scale is 1.0
07-10 20:09:43.818  3950  3966 W ActivityManager: wait for provider publish: waiters=1 callerApp=ProcessRecord{2e715cdd0 16495:com.samsung.android.app.cocktailbarservice:edgelighting/u0a20} cpr=ContentProviderRecord{e7d5669 u0 com.samsung.android.sm.policy/com.samsung.android.scpm.db.ScpmProvider}
07-10 20:09:43.821 16403 16403 D AppWidgetProviderInfo: GSA replace initialLayout.
07-10 20:09:43.831  3950 14576 D StorageManagerService: getExternalStorageMountMode : 1
07-10 20:09:43.831  3950 14576 D StorageManagerService: getExternalStorageMountMode : 3
07-10 20:09:43.832  3950 14576 D StorageManagerService: getExternalStorageMountMode : final mountMode=1, uid : 10204, packageName : com.sec.android.daemonapp
07-10 20:09:43.832  3950 14576 I ApplicationPolicy: isApplicationExternalStorageWhitelisted:com.sec.android.daemonapp user:0
07-10 20:09:43.832  3950 14576 D ApplicationPolicy: isApplicationExternalStorageWhitelisted: DO is not enabled on user 0. Allowed.
07-10 20:09:43.832  3950 14576 D ActivityManager: package  com.sec.android.daemonapp, user - 0 is SDcard whitelisted
07-10 20:09:43.832  3950 14576 I ApplicationPolicy: isApplicationExternalStorageBlacklisted:com.sec.android.daemonapp user:0
07-10 20:09:43.832  3950 14576 D ApplicationPolicy: isApplicationExternalStorageBlacklisted: DO is not enabled on user 0. Allowed.
07-10 20:09:43.832  3950 14576 I ApplicationPolicy: isApplicationExternalStorageBlacklisted:com.sec.android.daemonapp user:0
07-10 20:09:43.833  3950 14576 D ApplicationPolicy: isApplicationExternalStorageBlacklisted: DO is not enabled on user 0. Allowed.
07-10 20:09:43.833  3950 14576 W ActivityManager: wait for provider publish: waiters=1 callerApp=ProcessRecord{f89bfe0d0 16403:com.sec.android.app.launcher/u0a98} cpr=ContentProviderRecord{9e7f8ee u0 com.sec.android.daemonapp/.provider.WeatherContentProvider}
07-10 20:09:43.834 16629 16629 D AppsEdge.Provider: onReceive com.samsung.android.cocktail.action.COCKTAIL_ENABLED
07-10 20:09:43.835 16629 16629 D AppsEdge.Provider: onCocktailEnabled
07-10 20:09:43.837 16470 16747 I A       : Util.isLowRamDevice: false, canUsePreemptibleAudioSource: true
07-10 20:09:43.838 16559 16559 D ScrollView: initGoToTop
07-10 20:09:43.840 12891 12891 D HidDeviceService: handleMessage(): msg.what=8
