07-10 20:09:43.840 12891 12891 D HidDeviceService: unregisterAppUid(): uid=10175
07-10 20:09:43.840 12891 12891 D HidDeviceService: unregisterAppUid(): caller UID doesn't match user UID
07-10 20:09:43.841  3950 16753 D TspStateManagerInternal: update cmd=set_grip_data,1,60,10,32,888
07-10 20:09:43.842 16755 16755 E Zygote  : isWhitelistProcess - Process is Whitelisted
07-10 20:09:43.842 16755 16755 E Zygote  : accessInfo : 1
07-10 20:09:43.848  3950  3981 I ActivityManager: Start proc 16755:com.samsung.android.sm.policy/u0a175 for content provider com.samsung.android.sm.policy/com.samsung.android.scpm.db.ScpmProvider
07-10 20:09:43.848 16629 16724 I AppsEdge.Data: item=SelectedItem : pos = 5 FolderItem:preset_folder:0:0
07-10 20:09:43.848 16629 16724 I AppsEdge.Data: type=0 pos=0 id=3
07-10 20:09:43.848 16495 16495 D ScoverManager: unregisterListener
07-10 20:09:43.849  3950  3978 W BroadcastQueue: Permission Denial: broadcasting Intent { act=com.google.android.apps.gmm.NAVIGATION_STATE flg=0x10 pkg=com.google.android.googlequicksearchbox (has extras) } from null (pid=-1, uid=-1) requires com.google.android.googlequicksearchbox.permission.LAUNCH_FROM_GMM due to registered receiver BroadcastFilter{cdeb5fa u0 ReceiverList{f0bf025 16470 com.google.android.googlequicksearchbox:search/10107/u0 remote:25c5c1c}}
07-10 20:09:43.849  3950  3978 W BroadcastQueue: Permission Denial: broadcasting Intent { act=com.google.android.apps.gmm.NAVIGATION_STATE flg=0x10 pkg=com.google.android.gms (has extras) } from null (pid=-1, uid=-1) requires com.google.android.googlequicksearchbox.permission.LAUNCH_FROM_GMM due to registered receiver BroadcastFilter{cdeb5fa u0 ReceiverList{f0bf025 16470 com.google.android.googlequicksearchbox:search/10107/u0 remote:25c5c1c}}
07-10 20:09:43.851 16673 16673 I oid.inputmetho: The ClassLoaderContext is a special shared library.
07-10 20:09:43.852 12891 12891 D HidDeviceService: handleMessage(): msg.what=8
07-10 20:09:43.852 12891 12891 D HidDeviceService: unregisterAppUid(): uid=10204
07-10 20:09:43.852 12891 12891 D HidDeviceService: unregisterAppUid(): caller UID doesn't match user UID
07-10 20:09:43.853  3950 13287 D EdgeLightingClientManager: unbind : pkg = com.samsung.android.app.cocktailbarservice, mHosts = 1
07-10 20:09:43.858 16629 16629 D AppsEdge.Provider: onReceive com.samsung.android.cocktail.v2.action.COCKTAIL_UPDATE
07-10 20:09:43.858 16629 16724 I AppsEdge.Data: item=SelectedItem : pos = 0 ComponentItem:null
07-10 20:09:43.858 16629 16724 I AppsEdge.Data: type=0 pos=6 id=4
07-10 20:09:43.864 16629 16724 I AppsEdge.Data: item=SelectedItem : pos = 6 ComponentItem:null
07-10 20:09:43.864 16629 16724 I AppsEdge.Data: type=0 pos=1 id=5
07-10 20:09:43.865 16629 16629 D AppsEdge.Provider: onCocktailUpdate
07-10 20:09:43.866 16755 16755 E droid.sm.polic: Not starting debugger since process cannot load the jdwp agent.
07-10 20:09:43.870  3950 12873 D GameManagerService: handleForegroundChange(). pkgName: com.sec.android.app.launcher, clsName: com.sec.android.app.launcher.activities.LauncherActivity,FgActivityName:com.sec.android.app.launcher/.activities.LauncherActivity,userID:0
07-10 20:09:43.870  3950 12873 D GameManagerService:   handleForegroundChange(). same package. game has never resumed yet. ignore
07-10 20:09:43.872 16629 16724 I AppsEdge.Data: item=SelectedItem : pos = 1 ComponentItem:null
07-10 20:09:43.872 16629 16724 I AppsEdge.Data: type=0 pos=2 id=7
07-10 20:09:43.872 16721 16721 I gle.android.gm: The ClassLoaderContext is a special shared library.
07-10 20:09:43.875  3950  3981 I ActivityManager: Start proc 16770:com.sec.android.daemonapp/u0a204 for content provider com.sec.android.daemonapp/.provider.WeatherContentProvider
07-10 20:09:43.877 16629 16629 I AppsEdge.Data: getSelectedItems
07-10 20:09:43.878 16629 16724 I AppsEdge.Data: item=SelectedItem : pos = 2 ComponentItem:null
07-10 20:09:43.879 16629 16724 I AppsEdge.Data: type=0 pos=7 id=8
07-10 20:09:43.881 16403 16403 W AppWidgetProviderInfo: ignore calculate spans because size not changed
07-10 20:09:43.881 16403 16403 W AppWidgetProviderInfo: ignore calculate spans because size not changed
07-10 20:09:43.882 16403 16403 D LauncherWidgetHostView: updateAppWidgetSize, id: 3 from 0,0 to 5,1 init : true
07-10 20:09:43.882 16629 16629 I AppsEdge.Data: count=6
07-10 20:09:43.882 16403 16403 D LauncherWidgetHostView: setOnHierarchyChangeListener 3
07-10 20:09:43.882 16629 16629 I AppsEdge.Data: type=2 pos=5 id=1
07-10 20:09:43.884 16470 16700 I A       : Building OnDeviceNameResolver: 3 endpoints.
07-10 20:09:43.884 16721 16721 I gle.android.gm: The ClassLoaderContext is a special shared library.
07-10 20:09:43.885 16403 16403 D MainStage: checkIfConfigIsDifferentFromActivity - com.android.launcher3.infra.stage.AppsStage@4938c3c false
07-10 20:09:43.886 16721 16721 I gle.android.gm: The ClassLoaderContext is a special shared library.
07-10 20:09:43.887 16403 16403 D HotwordClientUtils: setHotWordDetection : call requestHotWordDetection true
07-10 20:09:43.888 16403 16403 D Launcher.Model: done with previous binding step
07-10 20:09:43.888 16403 16403 I Launcher.Model: LauncherAccessTestEnd: 1625918983888
07-10 20:09:43.888 16403 16403 D HomeLoader: !@Boot_DEBUG: Launcher - FinishFirstBind
07-10 20:09:43.888 16403 16426 D Launcher.Model: waited 254ms for previous step to finish binding
07-10 20:09:43.888 16403 16426 D Launcher.Model: step 1-1: loading other workspace pages
07-10 20:09:43.888 16403 16426 D Launcher.Model: step 2: loading all apps
07-10 20:09:43.888 16403 16426 D Launcher.Model: loadAndBindAllApps mAllAppsLoaded=false
07-10 20:09:43.888 16403 16426 I Launcher.Model: loadAndBindAllApps mStopped=false
07-10 20:09:43.888 16403 16426 E Launcher.Model: loadAndBindAllApps setup
07-10 20:09:43.888 16403 16426 D AppsDataRepository: removeAllItems
07-10 20:09:43.888 16403 16426 I AppsLoader: setup sIsBootCompleted = true
07-10 20:09:43.888 16403 16426 I AppsLoader: Add new AppsCallbacks : com.android.launcher3.framework.data.loader.LauncherModelImp$LoaderTask@dc559ed
07-10 20:09:43.888 16403 16426 E Launcher.Model: loadAndBindAllApps notifyDirty
07-10 20:09:43.888 16403 16426 D AppsLoader: notifyDirty
07-10 20:09:43.889 16403 16403 D HomeLoader: startPageLoaderTask
07-10 20:09:43.889 16403 16426 D Launcher.Model: step 3: loading widgets
07-10 20:09:43.889 16403 16403 D AppsPresenter: AppsEvent update [4]
07-10 20:09:43.889 16403 16403 D AppTrayPage: removeAllPages() in AppTray
07-10 20:09:43.889 16403 16426 D Launcher.Model: step 4: loading deep shortcuts
07-10 20:09:43.890 16403 16426 D Launcher.Model: loadAndBindDeepShortcuts mDeepShortcutsLoaded=false
07-10 20:09:43.891 16403 16403 D DragLayer: DragLayer onMeasure, mIsNaviBarPositionChanged = false, mWillOrientationChange = false
07-10 20:09:43.892 16403 16403 D DragLayer: DragLayer dispatchDraw, mIsNaviBarPositionChanged = false, mWillOrientationChange = false
07-10 20:09:43.892 16403 16403 D AppsDragController: needDeferToBind : true , false
07-10 20:09:43.892 16629 16724 I AppsEdge.Data: item=SelectedItem : pos = 7 ComponentItem:null
07-10 20:09:43.894  3950 14569 I ActivityManager: DSS on for com.samsung.android.sm.policy and scale is 1.0
07-10 20:09:43.894 16470 16740 I A       : There is a new client and it does not support opt-in. Dropping request.
07-10 20:09:43.896 16403 16778 D WidgetLoader: start loading
07-10 20:09:43.896 16403 16776 D AppsLoader: start AppsLoadTask task
07-10 20:09:43.896 16403 16403 D AppsPresenter: AppsEvent update [2]
07-10 20:09:43.897 16403 16403 D AppsContainer: setupGridInfo : 5 , 6 , easyMode false
07-10 20:09:43.898 16470 16763 I A       : ColdBootHelper constructor
07-10 20:09:43.900 16770 16770 E Zygote  : isWhitelistProcess - Process is Whitelisted
07-10 20:09:43.901 16770 16770 E Zygote  : accessInfo : 1
07-10 20:09:43.907 16403 16776 D KnoxHelper: getActivityList callingUserId: 0, target user: 0
07-10 20:09:43.907  3950 14526 D LauncherAppsService: is Package Hidden: false
07-10 20:09:43.909  3950 14561 D LauncherAppsService: is Package Hidden: false
07-10 20:09:43.909 16403 16777 D KnoxHelper: getActivityList callingUserId: 0, target user: 0
07-10 20:09:43.910 16721 16721 W gle.android.gm: JIT profile information will not be recorded: profile file does not exits.
07-10 20:09:43.910 16721 16721 W gle.android.gm: JIT profile information will not be recorded: profile file does not exits.
07-10 20:09:43.912 16721 16721 W gle.android.gm: Unknown chunk type '200'.
07-10 20:09:43.913 16559 16559 D PageOverlayService: onBind()
07-10 20:09:43.914 16559 16559 I ApplicationTriggerReceiver: onReceived()
07-10 20:09:43.915 16559 16559 I ApplicationTriggerReceiver: ApplicationTriggerReceiver unRegistered
07-10 20:09:43.914 16403 16403 D PageOverlayMover: onServiceConnected windowToken : android.view.ViewRootImpl$W@6a8507d
07-10 20:09:43.915 16559 16603 D PageOverlayServiceImpl: init()
07-10 20:09:43.917 16629 16629 D FolderItem: FolderItem
07-10 20:09:43.919 12891 12891 D HidDeviceService: handleMessage(): msg.what=8
07-10 20:09:43.921 16403 16776 D KnoxHelper: getActivityList callingUserId: 0, target user: 0
07-10 20:09:43.923 16403 16776 D KnoxHelper: getActivityList callingUserId: 0, target user: 0
07-10 20:09:43.924 16559 16603 D PageOverlayServiceImpl: onConfigurationChanged : {1.1 525mcc5mnc [en_GB] ldltr sw411dp w411dp h773dp 560dpi nrml long hdr port finger -keyb/v/h -nav/h winConfig={ mBounds=Rect(0, 0 - 1440, 2792) mAppBounds=Rect(0, 0 - 1440, 2792) mWindowingMode=fullscreen mActivityType=home} s.82 mkbd/h desktop/dshowBtnShape = 0  themeSeq=0 0 0  ?dc}
07-10 20:09:43.924 16559 16559 D OpenGLRenderer: Skia GL Pipeline
07-10 20:09:43.927 16559 16559 D EmergencyMode: [EmergencyManager] android createPackageContext successful
07-10 20:09:43.930  3950 14561 I SamsungAlarmManager: setLocked to kernel - T:2 / 20210710T201022, SetElapsed=1577814650, nowELAPSED=1577775677
07-10 20:09:43.930  3950 14561 I SamsungAlarmManager: setLocked to kernel - T:3 / 20210710T200959, SetElapsed=1577791746, nowELAPSED=1577775677
07-10 20:09:43.934 16629 16629 I AppsEdge.Data: item=SelectedItem : pos = 5 FolderItem:preset_folder:0:0
07-10 20:09:43.935 16629 16629 I AppsEdge.Data: type=0 pos=0 id=3
07-10 20:09:43.936  3950 14561 D SamsungAlarmManager: setInexact Intent (T:0/F:0/AC:false) 20210711T000000 - CU:10098/CP:16403
07-10 20:09:43.936  3950 14561 I SamsungAlarmManager: setLocked to kernel - T:2 / 20210710T201022, SetElapsed=1577814650, nowELAPSED=1577775683
07-10 20:09:43.936  3950 14561 I SamsungAlarmManager: setLocked to kernel - T:3 / 20210710T200959, SetElapsed=1577791746, nowELAPSED=1577775683
07-10 20:09:43.937  3377  3409 I SurfaceFlinger: getDisplayLogicalConfigs (w=1440, h=2960)
07-10 20:09:43.938 16629 16629 I AppsEdge.Data: item=SelectedItem : pos = 0 ComponentItem:null
07-10 20:09:43.938 16629 16629 I AppsEdge.Data: type=0 pos=6 id=4
07-10 20:09:43.942 16629 16629 I AppsEdge.Data: item=SelectedItem : pos = 6 ComponentItem:null
07-10 20:09:43.943 16629 16629 I AppsEdge.Data: type=0 pos=1 id=5
07-10 20:09:43.945 16470 16481 I earchbox:searc: Background concurrent copying GC freed 31312(4MB) AllocSpace objects, 15(640KB) LOS objects, 54% free, 5MB/11MB, paused 330us total 307.197ms
07-10 20:09:43.945  3950 14561 I SamsungAlarmManager: setLocked to kernel - T:2 / 20210710T201216, SetElapsed=1577928407, nowELAPSED=1577775692
07-10 20:09:43.945 16403 16778 D WidgetLoader: EasyModeWidget will be excluded on WidgetList.
07-10 20:09:43.945 16470 16712 D StrictMode: StrictMode policy violation: android.os.strictmode.DiskReadViolation
07-10 20:09:43.945 16470 16712 D StrictMode: 	at android.os.StrictMode$AndroidBlockGuardPolicy.onReadFromDisk(StrictMode.java:1504)
07-10 20:09:43.945 16470 16712 D StrictMode: 	at java.io.FileInputStream.<init>(FileInputStream.java:163)
07-10 20:09:43.945 16470 16712 D StrictMode: 	at java.io.FileInputStream.<init>(FileInputStream.java:112)
07-10 20:09:43.945 16470 16712 D StrictMode: 	at com.google.android.apps.gsa.speech.e.b.a.b(SourceFile:2)
07-10 20:09:43.945 16470 16712 D StrictMode: 	at com.google.android.apps.gsa.languagepack.ao.<init>(SourceFile:1)
07-10 20:09:43.945 16470 16712 D StrictMode: 	at com.google.android.apps.gsa.binaries.velvet.app.aqr.l(SourceFile:124)
07-10 20:09:43.945 16470 16712 D StrictMode: 	at com.google.android.apps.gsa.binaries.velvet.app.aqr.a(SourceFile:6)
07-10 20:09:43.945 16470 16712 D StrictMode: 	at dagger.a.e.a(SourceFile:1)
07-10 20:09:43.945 16470 16712 D StrictMode: 	at com.google.android.apps.gsa.binaries.velvet.app.qe.c(SourceFile:1)
07-10 20:09:43.945 16470 16712 D StrictMode: 	at com.google.android.apps.gsa.binaries.velvet.app.qe.a(SourceFile:7)
07-10 20:09:43.945 16470 16712 D StrictMode: 	at com.google.android.apps.gsa.binaries.velvet.app.aez.X(SourceFile:1)
07-10 20:09:43.945 16470 16712 D StrictMode: 	at com.google.android.apps.gsa.binaries.velvet.app.zm.f(SourceFile:72)
07-10 20:09:43.945 16470 16712 D StrictMode: 	at com.google.android.apps.gsa.binaries.velvet.app.zm.a(SourceFile:106)
07-10 20:09:43.945 16470 16712 D StrictMode: 	at com.google.android.apps.gsa.search.core.service.g.a.c.a(SourceFile:2)
07-10 20:09:43.945 16470 16712 D StrictMode: 	at com.google.android.libraries.gsa.k.a.g.a(SourceFile:2)
07-10 20:09:43.945 16470 16712 D StrictMode: 	at com.google.common.w.a.dr.a(SourceFile:1)
07-10 20:09:43.945 16470 16712 D StrictMode: 	at com.google.common.w.a.co.run(SourceFile:4)
07-10 20:09:43.945 16470 16712 D StrictMode: 	at com.google.common.w.a.dt.run(SourceFile:1)
07-10 20:09:43.945 16470 16712 D StrictMode: 	at com.google.android.libraries.g.ab.run(SourceFile:1)
07-10 20:09:43.945 16470 16712 D StrictMode: 	at java.util.concurrent.ThreadPoolExecutor.runWorker(ThreadPoolExecutor.java:1167)
07-10 20:09:43.945 16470 16712 D StrictMode: 	at java.util.concurrent.ThreadPoolExecutor$Worker.run(ThreadPoolExecutor.java:641)
07-10 20:09:43.945 16470 16712 D StrictMode: 	at com.google.android.libraries.g.n.run(SourceFile:2)
07-10 20:09:43.945 16470 16712 D StrictMode: 	at com.google.android.libraries.g.d.run(SourceFile:2)
07-10 20:09:43.945 16470 16712 D StrictMode: 	at java.lang.Thread.run(Thread.java:764)
07-10 20:09:43.945 16470 16740 I A       : New OK_HEY model config map hash: reinitializing config map.
07-10 20:09:43.945  3950 14561 I SamsungAlarmManager: setLocked to kernel - T:3 / 20210710T200959, SetElapsed=1577791746, nowELAPSED=1577775692
07-10 20:09:43.947 16629 16629 I AppsEdge.Data: item=SelectedItem : pos = 1 ComponentItem:null
07-10 20:09:43.947 16629 16629 I AppsEdge.Data: type=0 pos=2 id=7
07-10 20:09:43.947  3375  3457 V APM_AudioPolicyManager: selectOutput() commonFlags for output 13, 0000
07-10 20:09:43.948  3375  3457 V APM_AudioPolicyManager: selectOutput() commonFlags for output 21, 0000
07-10 20:09:43.948  3375  3457 V APM_AudioPolicyManager: getOutput() stream 1 selected device 00000002, output 13
07-10 20:09:43.950 16470 16712 D StrictMode: StrictMode policy violation: android.os.strictmode.DiskReadViolation
07-10 20:09:43.950 16470 16712 D StrictMode: 	at android.os.StrictMode$AndroidBlockGuardPolicy.onReadFromDisk(StrictMode.java:1504)
07-10 20:09:43.950 16470 16712 D StrictMode: 	at libcore.io.BlockGuardOs.read(BlockGuardOs.java:253)
07-10 20:09:43.950 16470 16712 D StrictMode: 	at libcore.io.IoBridge.read(IoBridge.java:501)
07-10 20:09:43.950 16470 16712 D StrictMode: 	at java.io.FileInputStream.read(FileInputStream.java:307)
07-10 20:09:43.950 16470 16712 D StrictMode: 	at sun.nio.cs.StreamDecoder.readBytes(StreamDecoder.java:288)
07-10 20:09:43.950 16470 16712 D StrictMode: 	at sun.nio.cs.StreamDecoder.implRead(StreamDecoder.java:351)
07-10 20:09:43.950 16470 16712 D StrictMode: 	at sun.nio.cs.StreamDecoder.read(StreamDecoder.java:180)
07-10 20:09:43.950 16470 16712 D StrictMode: 	at java.io.InputStreamReader.read(InputStreamReader.java:184)
07-10 20:09:43.950 16470 16712 D StrictMode: 	at java.io.BufferedReader.fill(BufferedReader.java:172)
07-10 20:09:43.950 16470 16712 D StrictMode: 	at java.io.BufferedReader.readLine(BufferedReader.java:335)
07-10 20:09:43.950 16470 16712 D StrictMode: 	at java.io.BufferedReader.readLine(BufferedReader.java:400)
07-10 20:09:43.950 16470 16712 D StrictMode: 	at com.google.android.apps.gsa.speech.e.b.a.b(SourceFile:3)
07-10 20:09:43.950 16470 16712 D StrictMode: 	at com.google.android.apps.gsa.languagepack.ao.<init>(SourceFile:1)
07-10 20:09:43.950 16470 16712 D StrictMode: 	at com.google.android.apps.gsa.binaries.velvet.app.aqr.l(SourceFile:124)
07-10 20:09:43.950 16470 16712 D StrictMode: 	at com.google.android.apps.gsa.binaries.velvet.app.aqr.a(SourceFile:6)
07-10 20:09:43.950 16470 16712 D StrictMode: 	at dagger.a.e.a(SourceFile:1)
07-10 20:09:43.950 16470 16712 D StrictMode: 	at com.google.android.apps.gsa.binaries.velvet.app.qe.c(SourceFile:1)
07-10 20:09:43.950 16470 16712 D StrictMode: 	at com.google.android.apps.gsa.binaries.velvet.app.qe.a(SourceFile:7)
07-10 20:09:43.950 16470 16712 D StrictMode: 	at com.google.android.apps.gsa.binaries.velvet.app.aez.X(SourceFile:1)
07-10 20:09:43.950 16470 16712 D StrictMode: 	at com.google.android.apps.gsa.binaries.velvet.app.zm.f(SourceFile:72)
07-10 20:09:43.950 16470 16712 D StrictMode: 	at com.google.android.apps.gsa.binaries.velvet.app.zm.a(SourceFile:106)
07-10 20:09:43.950 16470 16712 D StrictMode: 	at com.google.android.apps.gsa.search.core.service.g.a.c.a(SourceFile:2)
07-10 20:09:43.950 16470 16712 D StrictMode: 	at com.google.android.libraries.gsa.k.a.g.a(SourceFile:2)
07-10 20:09:43.950 16470 16712 D StrictMode: 	at com.google.common.w.a.dr.a(SourceFile:1)
07-10 20:09:43.950 16470 16712 D StrictMode: 	at com.google.common.w.a.co.run(SourceFile:4)
07-10 20:09:43.950 16470 16712 D StrictMode: 	at com.google.common.w.a.dt.run(SourceFile:1)
07-10 20:09:43.950 16470 16712 D StrictMode: 	at com.google.android.libraries.g.ab.run(SourceFile:1)
07-10 20:09:43.950 16470 16712 D StrictMode: 	at java.util.concurrent.ThreadPoolExecutor.runWorker(ThreadPoolExecutor.java:1167)
07-10 20:09:43.950 16470 16712 D StrictMode: 	at java.util.concurrent.ThreadPoolExecutor$Worker.run(ThreadPoolExecutor.java:641)
07-10 20:09:43.950 16470 16712 D StrictMode: 	at com.google.android.libraries.g.n.run(SourceFile:2)
07-10 20:09:43.950 16470 16712 D StrictMode: 	at com.google.android.libraries.g.d.run(SourceFile:2)
07-10 20:09:43.950 16470 16712 D StrictMode: 	at java.lang.Thread.run(Thread.java:764)
07-10 20:09:43.952 16470 16732 W A       : Queue length for executor EventBus is now 11. Perhaps some tasks are too long, or the pool is too small.
07-10 20:09:43.952  3950 14869 D LocationManagerService: getProviders()=[passive, gps, network]
07-10 20:09:43.955  3375  3732 E NativeSemDvfsCpuManager: acquire:: Start
07-10 20:09:43.955  3375  3732 E NativeSemDvfsCpuManager: acquire:: timeout = -1 mIsAcquired = 0  mTagName : AudioFlinger 
07-10 20:09:43.956  3950 14859 D CustomFrequencyManagerService: acquireDVFSLockLocked : type : DVFS_MIN_LIMIT  frequency : 149500  uid : 1000  pid : 3950  pkgName : AudioFlinger
07-10 20:09:43.957  3375  3732 E NativeCustomFrequencyManager: [NativeCFMS] BpCustomFrequencyManager::acquireDVFSLock() 
07-10 20:09:43.957  3375  3732 E NativeSemDvfsCpuManager: acquire:: End
07-10 20:09:43.957  3377  3377 I SurfaceFlinger: id=62358 createSurf (5920x5920),2 flag=4, 6132fbd com.samsung.android.app.spage#0
07-10 20:09:43.960  3950  3965 E WindowManager: App trying to use insecure INPUT_FEATURE_NO_INPUT_CHANNEL flag.  Ignoring
07-10 20:09:43.960  3950  3965 D InputTransport: Input channel constructed: fd=384
07-10 20:09:43.961  3950  3965 D InputTransport: Input channel constructed: fd=402
07-10 20:09:43.962  3950  3965 D InputTransport: Input channel destroyed: fd=402
07-10 20:09:43.962 16629 16629 I AppsEdge.Data: item=SelectedItem : pos = 2 ComponentItem:null
07-10 20:09:43.962 16629 16629 I AppsEdge.Data: type=0 pos=7 id=8
07-10 20:09:43.962  3950 14561 D SamsungAlarmManager: setInexact Intent (T:1/F:0/AC:false) 20210710T201000 - CU:10098/CP:16403
07-10 20:09:43.962 16559 16559 D InputTransport: Input channel constructed: fd=61
07-10 20:09:43.962  3950 14561 I SamsungAlarmManager: setLocked to kernel - T:2 / 20210710T201216, SetElapsed=1577928407, nowELAPSED=1577775709
07-10 20:09:43.962  3950 14561 I SamsungAlarmManager: setLocked to kernel - T:3 / 20210710T200959, SetElapsed=1577791746, nowELAPSED=1577775709
07-10 20:09:43.963 16559 16559 D ViewRootImpl@68b7f30[]: setView = com.samsung.android.app.spage.service.overlay.c.e{9f6212e G.E...... ......ID 0,0-0,0} TM=true MM=false
07-10 20:09:43.965 16559 16559 D PageOverlayCoordinator: onUiConfigurationChanged pending
07-10 20:09:43.965 16559 16559 D PageOverlayRootLayout: onUiConfigurationChanged pending
07-10 20:09:43.965 16403 16419 D PageOverlayMover: onOverlayMoveUpdated : 0
07-10 20:09:43.966 16559 16559 D ViewRootImpl@68b7f30[]: dispatchAttachedToWindow
07-10 20:09:43.967 16770 16770 E droid.daemonap: Not starting debugger since process cannot load the jdwp agent.
07-10 20:09:43.968 16629 16629 I AppsEdge.Data: item=SelectedItem : pos = 7 ComponentItem:null
07-10 20:09:43.970 16403 16426 D NavigationBarPolicy: isDetected, current policy : null
07-10 20:09:43.971 16629 16629 I AppsHelpContainer: count=6 shouldShowBeginnerHelp=true
07-10 20:09:43.974  3950 14561 I CocktailPolicyManager: findMatchedPolicy: find policy = 1
07-10 20:09:43.974 16403 16426 D WhiteBgManager: sChangeForWhiteBg = false
07-10 20:09:43.976  3950 13287 D StorageManagerService: getExternalStorageMountMode : 3
07-10 20:09:43.976  3950 13287 D StorageManagerService: getExternalStorageMountMode : 3
07-10 20:09:43.976  3950 13287 D StorageManagerService: getExternalStorageMountMode : final mountMode=3, uid : 10040, packageName : com.google.android.gsf
07-10 20:09:43.976  3950 13287 I ApplicationPolicy: isApplicationExternalStorageWhitelisted:com.google.android.gsf user:0
07-10 20:09:43.976  3950 13287 D ApplicationPolicy: isApplicationExternalStorageWhitelisted: DO is not enabled on user 0. Allowed.
07-10 20:09:43.976  3950 13287 D ActivityManager: package  com.google.android.gsf, user - 0 is SDcard whitelisted
07-10 20:09:43.976  3950 13287 I ApplicationPolicy: isApplicationExternalStorageBlacklisted:com.google.android.gsf user:0
07-10 20:09:43.976  3950 13287 D ApplicationPolicy: isApplicationExternalStorageBlacklisted: DO is not enabled on user 0. Allowed.
07-10 20:09:43.976  3950 13287 I ApplicationPolicy: isApplicationExternalStorageBlacklisted:com.google.android.gsf user:0
07-10 20:09:43.977  3950 13287 D ApplicationPolicy: isApplicationExternalStorageBlacklisted: DO is not enabled on user 0. Allowed.
07-10 20:09:43.977  3950 13287 W ActivityManager: wait for provider publish: waiters=1 callerApp=ProcessRecord{27169fbd0 16470:com.google.android.googlequicksearchbox:search/u0a107} cpr=ContentProviderRecord{5559975 u0 com.google.android.gsf/.settings.GoogleSettingsProvider}
07-10 20:09:43.977  3950 14561 W Binder  : Outgoing transactions from this process must be FLAG_ONEWAY
07-10 20:09:43.977  3950 14561 W Binder  : java.lang.Throwable
07-10 20:09:43.977  3950 14561 W Binder  : 	at android.os.BinderProxy.transact(Binder.java:1127)
07-10 20:09:43.977  3950 14561 W Binder  : 	at com.samsung.android.cocktailbar.ICocktailHost$Stub$Proxy.updateCocktail(ICocktailHost.java:285)
07-10 20:09:43.977  3950 14561 W Binder  : 	at com.android.server.cocktailbar.CocktailBarManagerServiceImpl.updateCocktail(CocktailBarManagerServiceImpl.java:1695)
07-10 20:09:43.977  3950 14561 W Binder  : 	at com.android.server.cocktailbar.CocktailBarManagerServiceContainer.updateCocktail(CocktailBarManagerServiceContainer.java:377)
07-10 20:09:43.977  3950 14561 W Binder  : 	at com.samsung.android.cocktailbar.ICocktailBarService$Stub.onTransact(ICocktailBarService.java:137)
07-10 20:09:43.977  3950 14561 W Binder  : 	at android.os.Binder.execTransact(Binder.java:739)
07-10 20:09:43.977 16369 16369 I CocktailBarUiController: onUpdateCocktail: 4
07-10 20:09:43.978 16369 16369 I CocktailBarPanelManager: updatePanelItem: makeNewPanel - 4
07-10 20:09:43.978 16369 16369 D CocktailPanelFactory: makePanelView: 4 provider category: 1
07-10 20:09:43.978 16369 16369 I CocktailPanelFactory: makePanelView: default AbstractRemotePanelView with 4
07-10 20:09:43.981 16629 16629 I AppsEdge.Data: AppsEdgeDataManager
07-10 20:09:43.982 16629 16629 I AppsEdge.Data: getSelectedItems
07-10 20:09:43.983 16369 16369 D AbstractRemotePanelView: composeCocktailWithClassInfo: class=ComponentInfo{com.samsung.android.app.appsedge/com.samsung.android.app.appsedge.edgepanel.AppsPanelContainer}
07-10 20:09:43.983 16369 16369 D AbstractRemotePanelView: composeCocktailWithBundle: com.samsung.android.app.appsedge com.samsung.android.app.appsedge.edgepanel.AppsPanelContainer
07-10 20:09:43.984 16629 16629 I AppsEdge.Data: count=6
07-10 20:09:43.984 16629 16629 I AppsEdge.Data: type=2 pos=5 id=1
07-10 20:09:43.985 16369 16369 D AbstractRemotePanelView: clearInflaterConstructMap packageName=com.samsung.android.app.appsedge
07-10 20:09:43.986 16755 16755 I droid.sm.polic: The ClassLoaderContext is a special shared library.
07-10 20:09:43.989  3950 14561 V WindowManager: Relayout Window{6132fbd u0 com.samsung.android.app.spage}: viewVisibility=8 req=0x2708 {(0,0)(0xfill) sim={adjust=pan} layoutInDisplayCutoutMode=always ty=APPLICATION_PANEL fmt=RGBA_8888
07-10 20:09:43.989  3950 14561 V WindowManager:   fl=NOT_FOCUSABLE NOT_TOUCHABLE HARDWARE_ACCELERATED
07-10 20:09:43.989  3950 14561 V WindowManager:   pfl=NO_MOVE_ANIMATION naviIconColor=0}
07-10 20:09:43.991 16629 16629 D FolderItem: FolderItem
07-10 20:09:43.995 16559 16559 D ViewRootImpl@68b7f30[]: Relayout returned: old=[0,84][1440,2792] new=[720,0][720,2960] result=0x1 surface={valid=false 0} changed=false
07-10 20:09:43.997 16559 16559 D ScrollView:  onsize change changed 
07-10 20:09:44.001 16629 16629 I AppsEdge.Data: item=SelectedItem : pos = 5 FolderItem:preset_folder:0:0
07-10 20:09:44.001 16629 16629 I AppsEdge.Data: type=0 pos=0 id=3
07-10 20:09:44.005 16629 16629 I AppsEdge.Data: item=SelectedItem : pos = 0 ComponentItem:null
07-10 20:09:44.005 16629 16629 I AppsEdge.Data: type=0 pos=6 id=4
07-10 20:09:44.006 16369 16369 I ktailbarservic: The ClassLoaderContext is a special shared library.
07-10 20:09:44.006  3950  3981 I ActivityManager: Start proc 16797:com.google.process.gapps/u0a40 for content provider com.google.android.gsf/.settings.GoogleSettingsProvider
07-10 20:09:44.008 16797 16797 E Zygote  : isWhitelistProcess - Process is Whitelisted
07-10 20:09:44.009 16797 16797 E Zygote  : accessInfo : 1
07-10 20:09:44.009 16629 16629 I AppsEdge.Data: item=SelectedItem : pos = 6 ComponentItem:null
07-10 20:09:44.009 16629 16629 I AppsEdge.Data: type=0 pos=1 id=5
07-10 20:09:44.011  3950 14561 I ActivityManager: DSS on for com.sec.android.daemonapp and scale is 1.0
07-10 20:09:44.014 16629 16629 I AppsEdge.Data: item=SelectedItem : pos = 1 ComponentItem:null
07-10 20:09:44.014 16629 16629 I AppsEdge.Data: type=0 pos=2 id=7
07-10 20:09:44.016 16403 16777 D HomeUpdater: loaded workspace in 121ms
07-10 20:09:44.016 16403 16777 D HomeUpdater: workspace layout: 
07-10 20:09:44.016 16403 16777 D HomeUpdater: [ ..... ]
07-10 20:09:44.016 16403 16777 I chatty  : uid=10098(com.sec.android.app.launcher) identical 2 lines
07-10 20:09:44.017 16403 16777 D HomeUpdater: [ ..... ]
07-10 20:09:44.017 16403 16777 D HomeUpdater: [ #.... ]
07-10 20:09:44.017 16403 16403 D HomeLoaderTask: onPostExecute, loadNextPage : true mStopped : false
07-10 20:09:44.017 16403 16403 D HotseatPresenter: HomeEvent update for Hotseat [3]
07-10 20:09:44.017 16403 16403 D WorkspacePresenter: HomeEvent update [3]
07-10 20:09:44.017 16403 16403 D HotseatPresenter: HomeEvent update for Hotseat [14]
07-10 20:09:44.017 16403 16403 D WorkspacePresenter: HomeEvent update [14]
07-10 20:09:44.019 12891 12891 D HidDeviceService: handleMessage(): msg.what=8
07-10 20:09:44.019 16403 16776 D KnoxHelper: getActivityList callingUserId: 0, target user: 0
07-10 20:09:44.020  3375  3457 V APM_AudioPolicyManager: AudioPolicyManager:setRecordSilenced(uid:10204, silenced:0)
07-10 20:09:44.020 16403 16802 I HomeLoaderTask: finishBind, task : com.android.launcher3.framework.data.loader.HomeLoaderTask@17cd9a5
07-10 20:09:44.020 16403 16426 D Launcher.Model: onLoaderComplete
07-10 20:09:44.021 16403 16426 I HomeLoader: runLoadCompleteRunnables, count : 0
07-10 20:09:44.021 16403 16426 I HomeLoaderTask: finishBind, try to register AppsAvailabilityCheck : mStooped = false sIsBootCompleted = true sPendingPackages.size = 0
07-10 20:09:44.021 16629 16629 I AppsEdge.Data: item=SelectedItem : pos = 2 ComponentItem:null
07-10 20:09:44.021 16629 16629 I AppsEdge.Data: type=0 pos=7 id=8
07-10 20:09:44.023 16797 16797 E e.process.gapp: Not starting debugger since process cannot load the jdwp agent.
07-10 20:09:44.024 16629 16629 I AppsEdge.Data: item=SelectedItem : pos = 7 ComponentItem:null
07-10 20:09:44.025  3950 14561 D ConnectivityService: filterNetworkStateForUid() uid: 10107, pid: 16470
07-10 20:09:44.025  3950 14561 D ConnectivityService: isNetworkWithLinkPropertiesBlocked: uid=10107, vpn=DISCONNECTED,false
07-10 20:09:44.025  3950 14561 D ConnectivityService: filterNetworkStateForUid() uid: 10107, pid: 16470, networkInfo: [type: WIFI[], state: CONNECTED/CONNECTED, reason: (unspecified), extra: (none), failover: false, available: true, roaming: false]
07-10 20:09:44.027  3950 14561 D ConnectivityService: Vpn: getActiveNetworkForUidInternal: 10107, false, false, DISCONNECTED
07-10 20:09:44.027  3950 14561 D ConnectivityService: isNetworkWithLinkPropertiesBlocked: uid=10107, vpn=DISCONNECTED,false
07-10 20:09:44.031 16629 16629 I AppsEdge.Data: createItem, isFirstLaunch = false
07-10 20:09:44.031 16629 16629 I AppsEdge.Data: getSelectedItems
07-10 20:09:44.032  3950 14561 D ConnectivityService: Vpn: getActiveNetworkForUidInternal: 10107, false, false, DISCONNECTED
07-10 20:09:44.032  3950 14561 D ConnectivityService: isNetworkWithLinkPropertiesBlocked: uid=10107, vpn=DISCONNECTED,false
07-10 20:09:44.035  3950 14561 D ConnectivityService: filterNetworkStateForUid() uid: 10107, pid: 16470
07-10 20:09:44.036  3950 14561 D ConnectivityService: isNetworkWithLinkPropertiesBlocked: uid=10107, vpn=DISCONNECTED,false
07-10 20:09:44.036  3950 14561 D ConnectivityService: filterNetworkStateForUid() uid: 10107, pid: 16470, networkInfo: [type: WIFI[], state: CONNECTED/CONNECTED, reason: (unspecified), extra: (none), failover: false, available: true, roaming: false]
07-10 20:09:44.038 16629 16629 I AppsEdge.Data: count=6
07-10 20:09:44.038 16629 16629 I AppsEdge.Data: type=2 pos=5 id=1
07-10 20:09:44.042 16357 16357 D BoundBrokerSvc: onBind: Intent { act=android.intent.action.RESOLVE_INSTANT_APP_PACKAGE cmp=com.google.android.gms/.chimera.PersistentBoundBrokerService }
07-10 20:09:44.042 16357 16357 D BoundBrokerSvc: Loading bound service for intent: Intent { act=android.intent.action.RESOLVE_INSTANT_APP_PACKAGE cmp=com.google.android.gms/.chimera.PersistentBoundBrokerService }
07-10 20:09:44.046  3950  3966 I ActivityManager: DSS on for com.google.android.gsf and scale is 1.0
07-10 20:09:44.052 16470 16804 D ConnectivityManager: requestNetwork; CallingUid : 10107, CallingPid : 16470
07-10 20:09:44.056 16629 16629 D FolderItem: FolderItem
07-10 20:09:44.058  3950  3965 D ConnectivityService: requestNetwork for uid/pid:10107/16470 NetworkRequest [ TRACK_DEFAULT id=5734, [ Capabilities: INTERNET&NOT_RESTRICTED&TRUSTED Unwanted:  Uid: 10107] ]
07-10 20:09:44.060  3950 12805 D ConnectivityService: rematching NetworkAgentInfo [WIFI () - 610]
07-10 20:09:44.060  3950 12805 D ConnectivityService:  network has: [ Transports: WIFI Capabilities: NOT_METERED&INTERNET&NOT_RESTRICTED&TRUSTED&NOT_VPN&VALIDATED&NOT_ROAMING&FOREGROUND&NOT_CONGESTED&NOT_SUSPENDED Unwanted:  LinkUpBandwidth>=1048576Kbps LinkDnBandwidth>=1048576Kbps SignalStrength: -54 SSID: "wonderful2117"]
07-10 20:09:44.060  3950 12805 D ConnectivityService: Network NetworkAgentInfo [WIFI () - 610] was already satisfying request 1. No change.
07-10 20:09:44.060  3950 12805 D ConnectivityService: Network NetworkAgentInfo [WIFI () - 610] was already satisfying request 11. No change.
07-10 20:09:44.060  3950 12805 D ConnectivityService: Network NetworkAgentInfo [WIFI () - 610] was already satisfying request 8. No change.
07-10 20:09:44.061  3950 12805 D ConnectivityService:   checking if request is : NetworkRequest [ TRACK_DEFAULT id=5734, [ Capabilities: INTERNET&NOT_RESTRICTED&TRUSTED Unwanted:  Uid: 10107] ], satisfies : true
07-10 20:09:44.061  3950 12805 D ConnectivityService: currentScore = 0, newScore = 60
07-10 20:09:44.061  3950 12805 D ConnectivityService: rematch for NetworkAgentInfo [WIFI () - 610]
07-10 20:09:44.061  3950 12805 D ConnectivityService:    accepting network in place of null
07-10 20:09:44.061  3950 12805 D ConnectivityService: sending new Min Network Score(60): NetworkRequest [ TRACK_DEFAULT id=5734, [ Capabilities: INTERNET&NOT_RESTRICTED&TRUSTED Unwanted:  Uid: 10107] ]
07-10 20:09:44.062 16770 16770 I droid.daemonap: The ClassLoaderContext is a special shared library.
07-10 20:09:44.063  3950 12796 D WIFI_P2P: got request NetworkRequest [ TRACK_DEFAULT id=5734, [ Capabilities: INTERNET&NOT_RESTRICTED&TRUSTED Unwanted:  Uid: 10107] ] with score 60
07-10 20:09:44.063  3950 12796 D WIFI_P2P:   my score=60, my filter=[ Transports: WIFI Capabilities: WIFI_P2P&NOT_RESTRICTED&TRUSTED&NOT_VPN Unwanted:  LinkUpBandwidth>=1048576Kbps LinkDnBandwidth>=1048576Kbps]
07-10 20:09:44.063  3950 12796 D WIFI_P2P: evalRequest
07-10 20:09:44.064  3950 12796 D WIFI_P2P:   done
07-10 20:09:44.064  3950 12860 D Ethernet: got request NetworkRequest [ TRACK_DEFAULT id=5734, [ Capabilities: INTERNET&NOT_RESTRICTED&TRUSTED Unwanted:  Uid: 10107] ] with score 60
07-10 20:09:44.064 16470 16804 D ConnectivityManager: requestNetwork; CallingUid : 10107, CallingPid : 16470
07-10 20:09:44.064  3950 12805 D ConnectivityService: Network NetworkAgentInfo [WIFI () - 610] was already satisfying request 15. No change.
07-10 20:09:44.064  3950 12791 D WIFI    : got request NetworkRequest [ TRACK_DEFAULT id=5734, [ Capabilities: INTERNET&NOT_RESTRICTED&TRUSTED Unwanted:  Uid: 10107] ] with score 60
07-10 20:09:44.064  3950 12860 D Ethernet:   my score=110, my filter=[ Transports: ETHERNET LinkUpBandwidth>=100000Kbps LinkDnBandwidth>=100000Kbps]
07-10 20:09:44.064  3950 12860 D Ethernet: evalRequest
07-10 20:09:44.064  3950 12860 D Ethernet:   done
07-10 20:09:44.064  3950 12791 D WIFI    :   my score=60, my filter=[ Transports: WIFI Capabilities: NOT_METERED&INTERNET&NOT_RESTRICTED&TRUSTED&NOT_VPN&NOT_ROAMING&NOT_CONGESTED Unwanted:  LinkUpBandwidth>=1048576Kbps LinkDnBandwidth>=1048576Kbps]
07-10 20:09:44.064  3950 12791 D WIFI    : evalRequest
07-10 20:09:44.064  3950 12805 D ConnectivityService:   checking if request is : NetworkRequest [ REQUEST id=4273, [ Transports: CELLULAR Capabilities: IMS&TRUSTED&NOT_VPN Unwanted:  Uid: 1000] ], satisfies : false
07-10 20:09:44.064  3950 12791 D WIFI    :   needNetworkFor
07-10 20:09:44.064 16403 16776 D KnoxHelper: getActivityList callingUserId: 0, target user: 0
07-10 20:09:44.064  3950 12791 D WIFI_UT : got request NetworkRequest [ TRACK_DEFAULT id=5734, [ Capabilities: INTERNET&NOT_RESTRICTED&TRUSTED Unwanted:  Uid: 10107] ] with score 60
07-10 20:09:44.064  3950 12791 D WIFI_UT :   my score=2147483647, my filter=[ Transports: WIFI Capabilities: NOT_METERED&INTERNET&NOT_RESTRICTED&TRUSTED&NOT_VPN&NOT_ROAMING&NOT_CONGESTED Unwanted:  LinkUpBandwidth>=1048576Kbps LinkDnBandwidth>=1048576Kbps]
07-10 20:09:44.065  3950 12791 D WIFI_UT : evalRequest
07-10 20:09:44.065  3950 12791 D WIFI_UT :   needNetworkFor
07-10 20:09:44.065 16770 16770 I droid.daemonap: The ClassLoaderContext is a special shared library.
07-10 20:09:44.066 12878 12878 D PhoneSwitcherNetworkRequstListener: got request NetworkRequest [ TRACK_DEFAULT id=5734, [ Capabilities: INTERNET&NOT_RESTRICTED&TRUSTED Unwanted:  Uid: 10107] ] with score 60
07-10 20:09:44.066  3950 12805 D ConnectivityService: sending notification CALLBACK_AVAILABLE for NetworkRequest [ TRACK_DEFAULT id=5734, [ Capabilities: INTERNET&NOT_RESTRICTED&TRUSTED Unwanted:  Uid: 10107] ]
07-10 20:09:44.066 12878 12878 D PhoneSwitcherNetworkRequstListener:   my score=101, my filter=[ Transports: CELLULAR Capabilities: MMS&SUPL&DUN&FOTA&IMS&CBS&IA&RCS&XCAP&EIMS&INTERNET&NOT_RESTRICTED&TRUSTED&NOT_VPN&ENT1&FOC&MCX Unwanted:  Specifier: <android.net.MatchAllNetworkSpecifier@0>]
07-10 20:09:44.066 12878 12878 D PhoneSwitcherNetworkRequstListener: evalRequest
07-10 20:09:44.066 12878 12878 D PhoneSwitcherNetworkRequstListener:   needNetworkFor
07-10 20:09:44.067  3950 14569 D ConnectivityService: listenForNetwork for uid/pid:10107/16470 NetworkRequest [ LISTEN id=5735, [ Capabilities: INTERNET&NOT_RESTRICTED&TRUSTED Unwanted:  Uid: 10107] ]
07-10 20:09:44.067  3950  3965 D ConnectivityService: Vpn: getActiveNetworkForUidInternal: 10107, false, false, DISCONNECTED
07-10 20:09:44.067  3950  3965 D ConnectivityService: isNetworkWithLinkPropertiesBlocked: uid=10107, vpn=DISCONNECTED,false
07-10 20:09:44.067  3950 12805 D ConnectivityService: rematching NetworkAgentInfo [WIFI () - 610]
07-10 20:09:44.068  3950 12805 D ConnectivityService:  network has: [ Transports: WIFI Capabilities: NOT_METERED&INTERNET&NOT_RESTRICTED&TRUSTED&NOT_VPN&VALIDATED&NOT_ROAMING&FOREGROUND&NOT_CONGESTED&NOT_SUSPENDED Unwanted:  LinkUpBandwidth>=1048576Kbps LinkDnBandwidth>=1048576Kbps SignalStrength: -54 SSID: "wonderful2117"]
07-10 20:09:44.068  3950 12805 D ConnectivityService: Network NetworkAgentInfo [WIFI () - 610] was already satisfying request 1. No change.
07-10 20:09:44.068  3950 12805 D ConnectivityService: Network NetworkAgentInfo [WIFI () - 610] was already satisfying request 11. No change.
07-10 20:09:44.068  3950 12805 D ConnectivityService: Network NetworkAgentInfo [WIFI () - 610] was already satisfying request 8. No change.
07-10 20:09:44.068  3950 12805 D ConnectivityService: Network NetworkAgentInfo [WIFI () - 610] was already satisfying request 5734. No change.
07-10 20:09:44.068  3950 12805 D ConnectivityService: Network NetworkAgentInfo [WIFI () - 610] was already satisfying request 15. No change.
07-10 20:09:44.068  3950 12805 D ConnectivityService:   checking if request is : NetworkRequest [ REQUEST id=4273, [ Transports: CELLULAR Capabilities: IMS&TRUSTED&NOT_VPN Unwanted:  Uid: 1000] ], satisfies : false
07-10 20:09:44.068  3950 14569 D ConnectivityService: filterNetworkStateForUid() uid: 10107, pid: 16470
07-10 20:09:44.068  3950 14569 D ConnectivityService: isNetworkWithLinkPropertiesBlocked: uid=10107, vpn=DISCONNECTED,false
07-10 20:09:44.068  3950 14569 D ConnectivityService: filterNetworkStateForUid() uid: 10107, pid: 16470, networkInfo: [type: WIFI[], state: CONNECTED/CONNECTED, reason: (unspecified), extra: (none), failover: false, available: true, roaming: false]
07-10 20:09:44.068  3950 12805 D ConnectivityService: sending notification CALLBACK_AVAILABLE for NetworkRequest [ LISTEN id=5735, [ Capabilities: INTERNET&NOT_RESTRICTED&TRUSTED Unwanted:  Uid: 10107] ]
07-10 20:09:44.068 16403 16776 D KnoxHelper: getActivityList callingUserId: 0, target user: 0
07-10 20:09:44.070 16403 16403 D IconView: try not to refreshBadge : mIconView=android.widget.ImageView{9b03588 V.ED..... ......I. 0,0-0,0 #7f1200a6 app:id/iconview_imageView}, getTag()=IconInfo(title=Phone intent=Intent { act=android.intent.action.MAIN cat=[android.intent.category.LAUNCHER] flg=0x10200000 cmp=com.samsung.android.dialer/.DialtactsActivity (has extras) } id=4 type=0 container=-100 screen=1 cellX=0 cellY=4 spanX=1 spanY=1 rank=0 hidden=0 dropPos=null user=UserHandle{0} screenType=0)
07-10 20:09:44.070 16403 16778 W AppWidgetProviderInfo: ignore calculate spans because size not changed
07-10 20:09:44.070 16403 16778 W AppWidgetProviderInfo: ignore calculate spans because size not changed
07-10 20:09:44.070 16403 16403 D MainStage: checkIfConfigIsDifferentFromActivity - com.android.launcher3.infra.stage.AppsStage@4938c3c false
07-10 20:09:44.070 16403 16403 D HotseatPresenter: HomeEvent update for Hotseat [4]
07-10 20:09:44.070 16403 16403 D WorkspacePresenter: HomeEvent update [4]
07-10 20:09:44.070 16403 16403 D HotseatPresenter: HomeEvent update for Hotseat [17]
07-10 20:09:44.070 16403 16403 D WorkspacePresenter: HomeEvent update [17]
07-10 20:09:44.072  3950 14561 D ConnectivityService: Vpn: getActiveNetworkForUidInternal: 10107, false, false, DISCONNECTED
07-10 20:09:44.072  3950 14561 D ConnectivityService: isNetworkWithLinkPropertiesBlocked: uid=10107, vpn=DISCONNECTED,false
07-10 20:09:44.072 16403 16403 D WorkspaceItemBinder: This widget is single instance - com.samsung.android.calendar/com.android.calendar.widget.month.MonthWidgetProvider
07-10 20:09:44.072 16403 16403 D WorkspaceItemBinder: This widget is single instance - com.samsung.android.calendar/com.android.calendar.widget.list.ListWidgetProvider
07-10 20:09:44.073 16629 16629 I AppsEdge.Data: item=SelectedItem : pos = 5 FolderItem:preset_folder:0:0
07-10 20:09:44.074 16629 16629 I AppsEdge.Data: type=0 pos=0 id=3
07-10 20:09:44.074 16403 16403 D WorkspaceItemBinder: This widget is single instance - com.sec.android.daemonapp
07-10 20:09:44.074 16403 16403 D HotseatPresenter: HomeEvent update for Hotseat [18]
07-10 20:09:44.074 16403 16403 D WorkspacePresenter: HomeEvent update [18]
07-10 20:09:44.074 16403 16403 D HotseatPresenter: HomeEvent update for Hotseat [18]
07-10 20:09:44.074 16403 16403 D WorkspacePresenter: HomeEvent update [18]
07-10 20:09:44.075 16403 16403 D ExternalMethodQueue: Getting and clearing EXTERNAL_METHOD_LIST: null
07-10 20:09:44.075 16403 16403 I HomeLoader: runAllBindCompleteRunnables, count : 0
07-10 20:09:44.075 16403 16403 D HomeLoaderTask: onPostExecute, loadNextPage : false mStopped : false
07-10 20:09:44.075 16403 16403 D HotseatPresenter: HomeEvent update for Hotseat [1]
07-10 20:09:44.075 16403 16403 D WorkspacePresenter: HomeEvent update [1]
07-10 20:09:44.075 16403 16461 I SAPrinter: sendStatus(0011,-1,31)
07-10 20:09:44.076 16403 16461 I SAPrinter: sendStatus(0012,-1,4)
07-10 20:09:44.076 16403 16403 D CapturePreview: sendMessageForCapture
07-10 20:09:44.078 16470 16691 I A       : NGA disabled due to not being eligible.
07-10 20:09:44.078 16470 16691 I A       : Nga state changed to DISABLED
07-10 20:09:44.078 16629 16629 I AppsEdge.Data: item=SelectedItem : pos = 0 ComponentItem:null
07-10 20:09:44.078 16629 16629 I AppsEdge.Data: type=0 pos=6 id=4
07-10 20:09:44.086 16369 16369 I AppsEdge.Badge: updateBadgeManager
07-10 20:09:44.087 16629 16629 I AppsEdge.Data: item=SelectedItem : pos = 6 ComponentItem:null
07-10 20:09:44.087 16629 16629 I AppsEdge.Data: type=0 pos=1 id=5
07-10 20:09:44.090 16629 16629 I AppsEdge.Data: item=SelectedItem : pos = 1 ComponentItem:null
07-10 20:09:44.090 16629 16629 I AppsEdge.Data: type=0 pos=2 id=7
07-10 20:09:44.092 16431 16456 D BadgeProvider: query, [selection] : null
07-10 20:09:44.093 16629 16629 I AppsEdge.Data: item=SelectedItem : pos = 2 ComponentItem:null
07-10 20:09:44.093 16629 16629 I AppsEdge.Data: type=0 pos=7 id=8
07-10 20:09:44.097 16369 16369 I AppsEdge.Badge: key=com.wssyncmldm:0 count=1
07-10 20:09:44.097 16369 16369 I AppsEdge.Badge: key=com.lazada.android/com.lazada.activities.EnterActivity:0 count=1
07-10 20:09:44.097 16369 16369 I AppsEdge.Badge: key=com.google.android.gm:0 count=7
07-10 20:09:44.097 16629 16629 I AppsEdge.Data: item=SelectedItem : pos = 7 ComponentItem:null
07-10 20:09:44.098 16629 16629 D AppsEdge.Data: updatePanel
07-10 20:09:44.098 16629 16629 I AppsHelpContainer: count=1 shouldShowBeginnerHelp=true
07-10 20:09:44.099  3950  3966 I CocktailPolicyManager: findMatchedPolicy: find policy = 1
07-10 20:09:44.099 16797 16797 I e.process.gapp: The ClassLoaderContext is a special shared library.
07-10 20:09:44.103  3950  3966 W ActivityManager: Service done with onDestroy, but executeNesting=0: ServiceRecord{ac4e611 u0 com.samsung.android.app.appsedge/.edgepanel.EdgeIntentService}
07-10 20:09:44.110 16629 16818 D AppsEdge.Service: restoreItem
07-10 20:09:44.110 16629 16818 I AppsEdge.Data: getSelectedItems
07-10 20:09:44.111 16495 16744 D PolicyVersion: Server version : 0
07-10 20:09:44.114 16403 16778 W AppWidgetProviderInfo: ignore calculate spans because size not changed
07-10 20:09:44.114 16403 16778 W AppWidgetProviderInfo: ignore calculate spans because size not changed
07-10 20:09:44.114 16403 16776 D KnoxHelper: getActivityList callingUserId: 0, target user: 0
07-10 20:09:44.115 16403 16778 W AppWidgetProviderInfo: ignore calculate spans because size not changed
07-10 20:09:44.115 16403 16778 W AppWidgetProviderInfo: ignore calculate spans because size not changed
07-10 20:09:44.118 16629 16818 I AppsEdge.Data: count=6
07-10 20:09:44.119 16629 16818 I AppsEdge.Data: type=2 pos=5 id=1
07-10 20:09:44.119 16673 16673 I BNRClientProivder, VERSION : 1.7.8: register - started.
07-10 20:09:44.125 16673 16673 I BNRClientProivder, VERSION : 1.7.8: register - xml6 quick_backup : IMESETTING, ghXxWAP1aK, com.sec.android.inputmethod.scloudsync.SCloudQBNRClientImpl
07-10 20:09:44.127 16629 16818 D FolderItem: FolderItem
07-10 20:09:44.138 16673 16673 I QBNRClientHelper: init SyncClientHelper : IMESETTING
07-10 20:09:44.144 16673 16673 I SKBD    : SamsungKeypadApplication onCreate version: 3.3.23.33
07-10 20:09:44.146 16470 16691 I BlobLobber: Canceling downloads: []
07-10 20:09:44.146  3950 14526 D ConnectivityService: filterNetworkStateForUid() uid: 10107, pid: 16470
07-10 20:09:44.146  3950 14526 D ConnectivityService: isNetworkWithLinkPropertiesBlocked: uid=10107, vpn=DISCONNECTED,false
07-10 20:09:44.146  3950 14526 D ConnectivityService: filterNetworkStateForUid() uid: 10107, pid: 16470, networkInfo: [type: WIFI[], state: CONNECTED/CONNECTED, reason: (unspecified), extra: (none), failover: false, available: true, roaming: false]
07-10 20:09:44.147  3950 14526 D ConnectivityService: Vpn: getActiveNetworkForUidInternal: 10107, false, false, DISCONNECTED
07-10 20:09:44.147  3950 14526 D ConnectivityService: isNetworkWithLinkPropertiesBlocked: uid=10107, vpn=DISCONNECTED,false
07-10 20:09:44.148 16403 16776 D KnoxHelper: getActivityList callingUserId: 0, target user: 0
07-10 20:09:44.153 16403 16776 I chatty  : uid=10098(com.sec.android.app.launcher) identical 1 line
07-10 20:09:44.155 16403 16776 D KnoxHelper: getActivityList callingUserId: 0, target user: 0
07-10 20:09:44.156 16629 16818 I AppsEdge.Data: item=SelectedItem : pos = 5 FolderItem:preset_folder:0:0
07-10 20:09:44.156 16629 16818 I AppsEdge.Data: type=0 pos=0 id=3
07-10 20:09:44.156 16403 16776 D KnoxHelper: getActivityList callingUserId: 0, target user: 0
07-10 20:09:44.162  3950 14569 D StorageManagerService: getExternalStorageMountMode : 2
07-10 20:09:44.163  3950 14569 D StorageManagerService: getExternalStorageMountMode : 3
07-10 20:09:44.164  3950 14569 D StorageManagerService: getExternalStorageMountMode : final mountMode=2, uid : 10107, packageName : com.google.android.googlequicksearchbox
07-10 20:09:44.164  3950 14569 I ApplicationPolicy: isApplicationExternalStorageWhitelisted:com.google.android.googlequicksearchbox user:0
07-10 20:09:44.164  3950 14569 D ApplicationPolicy: isApplicationExternalStorageWhitelisted: DO is not enabled on user 0. Allowed.
07-10 20:09:44.164  3950 14569 D ActivityManager: package  com.google.android.googlequicksearchbox, user - 0 is SDcard whitelisted
07-10 20:09:44.164  3950 14569 I ApplicationPolicy: isApplicationExternalStorageBlacklisted:com.google.android.googlequicksearchbox user:0
07-10 20:09:44.164  3950 14569 D ApplicationPolicy: isApplicationExternalStorageBlacklisted: DO is not enabled on user 0. Allowed.
07-10 20:09:44.164  3950 14569 I ApplicationPolicy: isApplicationExternalStorageBlacklisted:com.google.android.googlequicksearchbox user:0
07-10 20:09:44.164  3950 14569 D ApplicationPolicy: isApplicationExternalStorageBlacklisted: DO is not enabled on user 0. Allowed.
07-10 20:09:44.165 16470 16740 I MicroDetectionWorker: Initializing MicroDataManager InitializeType-1, isForced-false, isActivePhoneEnrollment-false isActiveGoogleHomeEnrollment-false
07-10 20:09:44.166 16629 16818 I AppsEdge.Data: item=SelectedItem : pos = 0 ComponentItem:null
07-10 20:09:44.167 16629 16818 I AppsEdge.Data: type=0 pos=6 id=4
07-10 20:09:44.167 16470 16740 I MicroDetectionState: Should stop hotword detection immediately - true
07-10 20:09:44.167 16470 16740 I MicroDetectionState: Should stop hotword detection immediately - true
07-10 20:09:44.168 16721 16721 W ProviderHelper: Unknown dynamite feature providerinstaller.dynamite
07-10 20:09:44.168 16470 16740 I MicroDetectionState: Should stop hotword detection immediately - true
07-10 20:09:44.169 16721 16721 I DynamiteModule: Considering local module com.google.android.gms.providerinstaller.dynamite:1 and remote module com.google.android.gms.providerinstaller.dynamite:0
07-10 20:09:44.169 16721 16721 I DynamiteModule: Selected local version of com.google.android.gms.providerinstaller.dynamite
07-10 20:09:44.171 16470 16701 I MicroDataManager: Location for model with model type: 2 and locale: en-SG, is : https://www.gstatic.com/android-search/hotword/x_google/7db96c566dbd33b2218d5799ec330d22/hotword.data
07-10 20:09:44.171  3950 14569 D PackageManager: setEnabledSetting : userId = 0 packageName = com.google.android.googlequicksearchbox cmp = com.google.android.apps.gsa.deeplink.DeeplinkActivityEntrypoint newState = 0 callingPackage = 10107/com.google.android.googlequicksearchbox
07-10 20:09:44.173 16629 16818 I AppsEdge.Data: item=SelectedItem : pos = 6 ComponentItem:null
